 JYT

 Timestamp is 69576456 (Fri Jan  2 14:23:18 2026)

 Preferred load address is 0000000180000000

 Start         Length     Name                   Class
 0001:00000000 00000020H .text$di                CODE
 0001:00000020 0000e4f0H .text$mn                CODE
 0001:0000e510 00000060H .text$mn$00             CODE
 0001:0000e570 00000b10H .text$mn$21             CODE
 0001:0000f080 000004b0H .text$x                 CODE
 0001:0000f530 00000073H .text$yd                CODE
 0002:00000000 00000318H .idata$5                DATA
 0002:00000318 00000038H .00cfg                  DATA
 0002:00000350 00000008H .CRT$XCA                DATA
 0002:00000358 00000010H .CRT$XCU                DATA
 0002:00000368 00000008H .CRT$XCZ                DATA
 0002:00000370 00000008H .CRT$XIA                DATA
 0002:00000378 00000018H .CRT$XIC                DATA
 0002:00000390 00000008H .CRT$XIZ                DATA
 0002:00000398 00000008H .CRT$XPA                DATA
 0002:000003a0 00000010H .CRT$XPX                DATA
 0002:000003b0 00000008H .CRT$XPXA               DATA
 0002:000003b8 00000008H .CRT$XPZ                DATA
 0002:000003c0 00000008H .CRT$XTA                DATA
 0002:000003c8 00000008H .CRT$XTZ                DATA
 0002:000003d0 00000000H .gehcont$y              DATA
 0002:000003d0 00000000H .gfids$y                DATA
 0002:000003d0 00007760H .rdata                  DATA
 0002:00007b30 000001d0H .rdata$00               DATA
 0002:00007d00 00000000H .rdata$CastGuardVftablesA DATA
 0002:00007d00 00000000H .rdata$CastGuardVftablesC DATA
 0002:00007d00 0000037cH .rdata$r                DATA
 0002:0000807c 000000c8H .rdata$voltmd           DATA
 0002:00008144 0000041cH .rdata$zzzdbg           DATA
 0002:00008560 00000008H .rtc$IAA                DATA
 0002:00008568 00000008H .rtc$IZZ                DATA
 0002:00008570 00000008H .rtc$TAA                DATA
 0002:00008578 00000008H .rtc$TZZ                DATA
 0002:00008580 000011c0H .xdata                  DATA
 0002:00009740 000001e0H .xdata$x                DATA
 0002:00009920 00000044H .edata                  DATA
 0002:00009964 00000064H .idata$2                DATA
 0002:000099c8 00000018H .idata$3                DATA
 0002:000099e0 00000318H .idata$4                DATA
 0002:00009cf8 000006f2H .idata$6                DATA
 0003:00000000 00000c78H .data                   DATA
 0003:00000c78 000000f8H .data$r                 DATA
 0003:00000d70 00000020H .data$rs                DATA
 0003:00000d90 00000b68H .bss                    DATA
 0004:00000000 000011c4H .pdata                  DATA
 0005:00000000 00000100H .fptable                DATA
 0006:00000000 00000060H .rsrc$01                DATA
 0006:00000060 00000180H .rsrc$02                DATA

  Address         Publics by Value              Rva+Base               Lib:Object

 0000:00000000       __AbsoluteZero             0000000000000000     <absolute>
 0000:00000000       ___safe_se_handler_count   0000000000000000     <absolute>
 0000:00000000       ___safe_se_handler_table   0000000000000000     <absolute>
 0000:00000000       __arm64x_extra_rfe_table   0000000000000000     <absolute>
 0000:00000000       __arm64x_extra_rfe_table_size 0000000000000000     <absolute>
 0000:00000000       __arm64x_native_entrypoint 0000000000000000     <absolute>
 0000:00000000       __arm64x_redirection_metadata 0000000000000000     <absolute>
 0000:00000000       __arm64x_redirection_metadata_count 0000000000000000     <absolute>
 0000:00000000       __dynamic_value_reloc_table 0000000000000000     <absolute>
 0000:00000000       __enclave_config           0000000000000000     <absolute>
 0000:00000000       __guard_check_icall_a64n_fptr 0000000000000000     <absolute>
 0000:00000000       __guard_eh_cont_count      0000000000000000     <absolute>
 0000:00000000       __guard_eh_cont_table      0000000000000000     <absolute>
 0000:00000000       __guard_fids_count         0000000000000000     <absolute>
 0000:00000000       __guard_fids_table         0000000000000000     <absolute>
 0000:00000000       __guard_iat_count          0000000000000000     <absolute>
 0000:00000000       __guard_iat_table          0000000000000000     <absolute>
 0000:00000000       __guard_longjmp_count      0000000000000000     <absolute>
 0000:00000000       __guard_longjmp_table      0000000000000000     <absolute>
 0000:00000000       __hybrid_auxiliary_delayload_iat 0000000000000000     <absolute>
 0000:00000000       __hybrid_auxiliary_delayload_iat_copy 0000000000000000     <absolute>
 0000:00000000       __hybrid_auxiliary_iat     0000000000000000     <absolute>
 0000:00000000       __hybrid_auxiliary_iat_copy 0000000000000000     <absolute>
 0000:00000000       __hybrid_code_map          0000000000000000     <absolute>
 0000:00000000       __hybrid_code_map_count    0000000000000000     <absolute>
 0000:00000000       __hybrid_image_info_bitfield 0000000000000000     <absolute>
 0000:00000000       __x64_code_ranges_to_entry_points 0000000000000000     <absolute>
 0000:00000000       __x64_code_ranges_to_entry_points_count 0000000000000000     <absolute>
 0000:00000100       __guard_flags              0000000000000100     <absolute>
 0000:00000000       __ImageBase                0000000180000000     <linker-defined>
 0001:00000020       ??0exception@std@@QEAA@AEBV01@@Z 0000000180001020 f i main.obj
 0001:00000060       ?what@exception@std@@UEBAPEBDXZ 0000000180001060 f i main.obj
 0001:00000080       ??_Ebad_alloc@std@@UEAAPEAXI@Z 0000000180001080 f i * CIL library *:* CIL module *
 0001:00000080       ??_Ebad_array_new_length@std@@UEAAPEAXI@Z 0000000180001080 f i * CIL library *:* CIL module *
 0001:00000080       ??_Ebad_exception@std@@UEAAPEAXI@Z 0000000180001080 f i libvcruntime:frame.obj
 0001:00000080       ??_Eexception@std@@UEAAPEAXI@Z 0000000180001080 f i * CIL library *:* CIL module *
 0001:00000080       ??_Elength_error@std@@UEAAPEAXI@Z 0000000180001080 f i libcpmt:xthrow.obj
 0001:00000080       ??_Elogic_error@std@@UEAAPEAXI@Z 0000000180001080 f i libcpmt:xthrow.obj
 0001:00000080       ??_Gbad_alloc@std@@UEAAPEAXI@Z 0000000180001080 f i main.obj
 0001:00000080       ??_Gbad_array_new_length@std@@UEAAPEAXI@Z 0000000180001080 f i main.obj
 0001:00000080       ??_Gbad_exception@std@@UEAAPEAXI@Z 0000000180001080 f i libvcruntime:frame.obj
 0001:00000080       ??_Gexception@std@@UEAAPEAXI@Z 0000000180001080 f i main.obj
 0001:00000080       ??_Glength_error@std@@UEAAPEAXI@Z 0000000180001080 f i libcpmt:xthrow.obj
 0001:00000080       ??_Glogic_error@std@@UEAAPEAXI@Z 0000000180001080 f i libcpmt:xthrow.obj
 0001:000000d0       ??1bad_alloc@std@@UEAA@XZ  00000001800010d0 f i main.obj
 0001:000000d0       ??1bad_array_new_length@std@@UEAA@XZ 00000001800010d0 f i main.obj
 0001:000000d0       ??1bad_exception@std@@UEAA@XZ 00000001800010d0 f i libvcruntime:frame.obj
 0001:000000d0       ??1length_error@std@@UEAA@XZ 00000001800010d0 f i libcpmt:xthrow.obj
 0001:000000f0       ??0bad_array_new_length@std@@QEAA@XZ 00000001800010f0 f i main.obj
 0001:00000120       ?_Throw_bad_array_new_length@std@@YAXXZ 0000000180001120 f i main.obj
 0001:00000120       ?__scrt_throw_std_bad_array_new_length@@YAXXZ 0000000180001120 f i LIBCMT:throw_bad_alloc.obj
 0001:00000140       ??0bad_array_new_length@std@@QEAA@AEBV01@@Z 0000000180001140 f i main.obj
 0001:00000180       ??0bad_alloc@std@@QEAA@AEBV01@@Z 0000000180001180 f i main.obj
 0001:000001c0       ?Present_hook@@YAJPEAUIDirect3DDevice9@@PEBUtagRECT@@1PEAUHWND__@@PEBU_RGNDATA@@I@Z 00000001800011c0 f   main.obj
 0001:000004b0       ?DrawIndexedPrimitive_hook@@YAJPEAUIDirect3DDevice9@@W4_D3DPRIMITIVETYPE@@HIIII@Z 00000001800014b0 f   main.obj
 0001:000006e0       ?THR@@YAKPEAX@Z            00000001800016e0 f   main.obj
 0001:00000990       NextHook                   0000000180001990 f   main.obj
 0001:000009b0       DllMain                    00000001800019b0 f   main.obj
 0001:000009f0       ??$_Emplace_reallocate@AEBQEAUModelInfo_t@@@?$vector@PEAUModelInfo_t@@V?$allocator@PEAUModelInfo_t@@@std@@@std@@AEAAPEAPEAUModelInfo_t@@QEAPEAU2@AEBQEAU2@@Z 00000001800019f0 f i main.obj
 0001:00000bb0       ?_Xlength@?$vector@PEAUModelInfo_t@@V?$allocator@PEAUModelInfo_t@@@std@@@std@@CAXXZ 0000000180001bb0 f i main.obj
 0001:00000e40       FreeBuffer                 0000000180001e40 f   buffer.obj
 0001:00000ec0       hde64_disasm               0000000180001ec0 f   hde64.obj
 0001:00001be0       MH_CreateHook              0000000180002be0 f   hook.obj
 0001:00001ec0       CreateTrampolineFunction   0000000180002ec0 f   trampoline.obj
 0001:000022e4       ??0bad_alloc@std@@QEAA@XZ  00000001800032e4 f i libcpmt:xthrow.obj
 0001:00002308       ??0length_error@std@@QEAA@AEBV01@@Z 0000000180003308 f i libcpmt:xthrow.obj
 0001:00002344       ??0length_error@std@@QEAA@PEBD@Z 0000000180003344 f i libcpmt:xthrow.obj
 0001:0000238c       ??0logic_error@std@@QEAA@AEBV01@@Z 000000018000338c f i libcpmt:xthrow.obj
 0001:000023c8       ?_Xlength_error@std@@YAXPEBD@Z 00000001800033c8 f   libcpmt:xthrow.obj
 0001:00002400       __security_check_cookie    0000000180003400 f   LIBCMT:amdsecgs.obj
 0001:00002420       ??2@YAPEAX_K@Z             0000000180003420 f   LIBCMT:new_scalar.obj
 0001:0000245c       __scrt_acquire_startup_lock 000000018000345c f   LIBCMT:utility.obj
 0001:00002498       __scrt_dllmain_after_initialize_c 0000000180003498 f   LIBCMT:utility.obj
 0001:000024cc       __scrt_dllmain_before_initialize_c 00000001800034cc f   LIBCMT:utility.obj
 0001:000024e4       __scrt_dllmain_crt_thread_attach 00000001800034e4 f   LIBCMT:utility.obj
 0001:0000250c       __scrt_dllmain_crt_thread_detach 000000018000350c f   LIBCMT:utility.obj
 0001:00002524       __scrt_dllmain_exception_filter 0000000180003524 f   LIBCMT:utility.obj
 0001:00002584       __scrt_dllmain_uninitialize_c 0000000180003584 f   LIBCMT:utility.obj
 0001:000025b4       __scrt_dllmain_uninitialize_critical 00000001800035b4 f   LIBCMT:utility.obj
 0001:000025c8       __scrt_initialize_crt      00000001800035c8 f   LIBCMT:utility.obj
 0001:00002604       __scrt_initialize_onexit_tables 0000000180003604 f   LIBCMT:utility.obj
 0001:00002690       __scrt_is_nonwritable_in_current_image 0000000180003690 f   LIBCMT:utility.obj
 0001:00002728       __scrt_release_startup_lock 0000000180003728 f   LIBCMT:utility.obj
 0001:0000274c       __scrt_uninitialize_crt    000000018000374c f   LIBCMT:utility.obj
 0001:00002778       _onexit                    0000000180003778 f   LIBCMT:utility.obj
 0001:000027b4       atexit                     00000001800037b4 f   LIBCMT:utility.obj
 0001:000027cc       ??3@YAXPEAX_K@Z            00000001800037cc f   LIBCMT:delete_scalar_size.obj
 0001:000027d4       ??_Etype_info@@UEAAPEAXI@Z 00000001800037d4 f i LIBCMT:std_type_info_static.obj
 0001:000027d4       ??_Gtype_info@@UEAAPEAXI@Z 00000001800037d4 f i LIBCMT:std_type_info_static.obj
 0001:00002b14       _DllMainCRTStartup         0000000180003b14 f   LIBCMT:dll_dllmain.obj
 0001:00002b54       __report_gsfailure         0000000180003b54 f   LIBCMT:gs_report.obj
 0001:00002b5c       ?__scrt_throw_std_bad_alloc@@YAXXZ 0000000180003b5c f   LIBCMT:throw_bad_alloc.obj
 0001:00002b7c       __isa_available_init       0000000180003b7c f   LIBCMT:cpu_disp.obj
 0001:00002e18       _get_startup_argv_mode     0000000180003e18 f   LIBCMT:argv_mode.obj
 0001:00002e20       __scrt_is_ucrt_dll_in_use  0000000180003e20 f   LIBCMT:ucrt_detection.obj
 0001:00002e2c       __crt_debugger_hook        0000000180003e2c f   LIBCMT:utility_desktop.obj
 0001:00002e38       __scrt_fastfail            0000000180003e38 f   LIBCMT:utility_desktop.obj
 0001:00002e40       _guard_check_icall_nop     0000000180003e40 f i LIBCMT:guard_support.obj
 0001:00002e44       ??3@YAXPEAX@Z              0000000180003e44 f   LIBCMT:delete_scalar.obj
 0001:00002e4c       __security_init_cookie     0000000180003e4c f   LIBCMT:gs_support.obj
 0001:00002efc       ?__scrt_initialize_type_info@@YAXXZ 0000000180003efc f   LIBCMT:tncleanup.obj
 0001:00002f0c       ?__scrt_uninitialize_type_info@@YAXXZ 0000000180003f0c f   LIBCMT:tncleanup.obj
 0001:00002f18       __local_stdio_printf_options 0000000180003f18 f i LIBCMT:default_local_stdio_options.obj
 0001:00002f20       __local_stdio_scanf_options 0000000180003f20 f i LIBCMT:default_local_stdio_options.obj
 0001:00002f28       __scrt_initialize_default_local_stdio_options 0000000180003f28 f   LIBCMT:default_local_stdio_options.obj
 0001:00002f44       __scrt_get_dyn_tls_init_callback 0000000180003f44 f   LIBCMT:dyn_tls_init.obj
 0001:00002f4c       _RTC_Initialize            0000000180003f4c f   LIBCMT:initsect.obj
 0001:00002f88       _RTC_Terminate             0000000180003f88 f   LIBCMT:initsect.obj
 0001:00002fd0       ??$_CallSETranslator@V__FrameHandler3@@@@YAHPEAUEHExceptionRecord@@PEA_KPEAU_CONTEXT@@PEAU_xDISPATCHER_CONTEXT@@PEBU_s_FuncInfo@@K1H@Z 0000000180003fd0 f i libvcruntime:risctrnsctrl.obj
 0001:00003024       ?CatchTryBlock@__FrameHandler3@@SAPEBU_s_TryBlockMapEntry@@PEBU_s_FuncInfo@@H@Z 0000000180004024 f   libvcruntime:risctrnsctrl.obj
 0001:00003078       ?ExecutionInCatch@__FrameHandler3@@SA_NPEAU_xDISPATCHER_CONTEXT@@PEBU_s_FuncInfo@@@Z 0000000180004078 f   libvcruntime:risctrnsctrl.obj
 0001:000030a4       ?FrameUnwindToEmptyState@__FrameHandler3@@SAXPEA_KPEAU_xDISPATCHER_CONTEXT@@PEBU_s_FuncInfo@@@Z 00000001800040a4 f   libvcruntime:risctrnsctrl.obj
 0001:00003108       ?GetEstablisherFrame@__FrameHandler3@@SAPEA_KPEA_KPEAU_xDISPATCHER_CONTEXT@@PEBU_s_FuncInfo@@0@Z 0000000180004108 f   libvcruntime:risctrnsctrl.obj
 0001:000031e8       ?GetRangeOfTrysToCheck@__FrameHandler3@@SA?AU?$pair@Viterator@TryBlockMap@__FrameHandler3@@V123@@std@@AEAVTryBlockMap@1@HPEAU_xDISPATCHER_CONTEXT@@PEBU_s_FuncInfo@@H@Z 00000001800041e8 f   libvcruntime:risctrnsctrl.obj
 0001:00003324       ?UnwindNestedFrames@__FrameHandler3@@SAXPEA_KPEAUEHExceptionRecord@@PEAU_CONTEXT@@0PEAXPEBU_s_FuncInfo@@HHPEBU_s_HandlerType@@PEAU_xDISPATCHER_CONTEXT@@E@Z 0000000180004324 f   libvcruntime:risctrnsctrl.obj
 0001:00003428       _CreateFrameInfo           0000000180004428 f   libvcruntime:risctrnsctrl.obj
 0001:00003464       _FindAndUnlinkFrame        0000000180004464 f   libvcruntime:risctrnsctrl.obj
 0001:000034b8       _GetImageBase              00000001800044b8 f   libvcruntime:risctrnsctrl.obj
 0001:000034cc       _GetThrowImageBase         00000001800044cc f   libvcruntime:risctrnsctrl.obj
 0001:000034e0       _SetImageBase              00000001800044e0 f   libvcruntime:risctrnsctrl.obj
 0001:000034f8       _SetThrowImageBase         00000001800044f8 f   libvcruntime:risctrnsctrl.obj
 0001:00003510       __CxxFrameHandler3         0000000180004510 f   libvcruntime:risctrnsctrl.obj
 0001:00003598       __std_exception_copy       0000000180004598 f   libvcruntime:std_exception.obj
 0001:00003620       __std_exception_destroy    0000000180004620 f   libvcruntime:std_exception.obj
 0001:00003648       __DestructExceptionObject  0000000180004648 f   libvcruntime:ehhelpers.obj
 0001:000036b8       ?_CallMemberFunction0@@YAXQEAX0@Z 00000001800046b8 f i libvcruntime:ehhelpers.obj
 0001:000036bc       _IsExceptionObjectToBeDestroyed 00000001800046bc f   libvcruntime:ehhelpers.obj
 0001:000036ec       __AdjustPointer            00000001800046ec f   libvcruntime:ehhelpers.obj
 0001:00003714       __FrameUnwindFilter        0000000180004714 f   libvcruntime:ehhelpers.obj
 0001:0000377c       __std_terminate            000000018000477c f   libvcruntime:ehhelpers.obj
 0001:00003788       _CxxThrowException         0000000180004788 f   libvcruntime:throw.obj
 0001:00003830       __vcrt_initialize          0000000180004830 f   libvcruntime:initialization.obj
 0001:00003858       __vcrt_thread_attach       0000000180004858 f   libvcruntime:initialization.obj
 0001:0000386c       __vcrt_thread_detach       000000018000486c f   libvcruntime:initialization.obj
 0001:0000387c       __vcrt_uninitialize        000000018000487c f   libvcruntime:initialization.obj
 0001:00003898       __vcrt_uninitialize_critical 0000000180004898 f   libvcruntime:initialization.obj
 0001:000038a8       __C_specific_handler       00000001800048a8 f   libvcruntime:riscchandler.obj
 0001:00003ab0       __std_type_info_compare    0000000180004ab0 f   libvcruntime:std_type_info.obj
 0001:00003ad8       __std_type_info_destroy_list 0000000180004ad8 f   libvcruntime:std_type_info.obj
 0001:00003b04       __vcrt_freefls             0000000180004b04 f   libvcruntime:per_thread_data.obj
 0001:00003b24       __vcrt_freeptd_for_this_thread 0000000180004b24 f   libvcruntime:per_thread_data.obj
 0001:00003b6c       __vcrt_getptd              0000000180004b6c f   libvcruntime:per_thread_data.obj
 0001:00003b88       __vcrt_getptd_noexit       0000000180004b88 f   libvcruntime:per_thread_data.obj
 0001:00003c48       __vcrt_initialize_ptd      0000000180004c48 f   libvcruntime:per_thread_data.obj
 0001:00003c94       __vcrt_uninitialize_ptd    0000000180004c94 f   libvcruntime:per_thread_data.obj
 0001:00003cbc       ?GetCurrentState@__FrameHandler3@@SAHPEA_KPEAU_xDISPATCHER_CONTEXT@@PEBU_s_FuncInfo@@@Z 0000000180004cbc f   libvcruntime:ehstate.obj
 0001:00003ce4       ?GetUnwindTryBlock@__FrameHandler3@@SAHPEA_KPEAU_xDISPATCHER_CONTEXT@@PEBU_s_FuncInfo@@@Z 0000000180004ce4 f   libvcruntime:ehstate.obj
 0001:00003d10       ?SetState@__FrameHandler3@@SAXPEA_KPEAU_xDISPATCHER_CONTEXT@@PEBU_s_FuncInfo@@H@Z 0000000180004d10 f   libvcruntime:ehstate.obj
 0001:00003d1c       ?SetUnwindTryBlock@__FrameHandler3@@SAXPEA_KPEAU_xDISPATCHER_CONTEXT@@PEBU_s_FuncInfo@@H@Z 0000000180004d1c f   libvcruntime:ehstate.obj
 0001:00003d58       ?StateFromControlPc@__FrameHandler3@@SAHPEBU_s_FuncInfo@@PEAU_xDISPATCHER_CONTEXT@@@Z 0000000180004d58 f   libvcruntime:ehstate.obj
 0001:00003d60       ?StateFromIp@__FrameHandler3@@SAHPEBU_s_FuncInfo@@PEAU_xDISPATCHER_CONTEXT@@_K@Z 0000000180004d60 f   libvcruntime:ehstate.obj
 0001:00004850       ??$TypeMatchHelper@V__FrameHandler3@@@@YAHPEBU_s_HandlerType@@PEBU_s_CatchableType@@PEBU_s_ThrowInfo@@@Z 0000000180005850 f i libvcruntime:frame.obj
 0001:00004980       ??$__InternalCxxFrameHandler@V__FrameHandler3@@@@YA?AW4_EXCEPTION_DISPOSITION@@PEAUEHExceptionRecord@@PEA_KPEAU_CONTEXT@@PEAU_xDISPATCHER_CONTEXT@@PEBU_s_FuncInfo@@H1E@Z 0000000180005980 f i libvcruntime:frame.obj
 0001:00004ba8       ??$__InternalCxxFrameHandlerWrapper@V__FrameHandler3@@@@YA?AW4_EXCEPTION_DISPOSITION@@PEAUEHExceptionRecord@@PEA_KPEAU_CONTEXT@@PEAU_xDISPATCHER_CONTEXT@@PEBU_s_FuncInfo@@H1E@Z 0000000180005ba8 f i libvcruntime:frame.obj
 0001:00004bb0       ??0bad_exception@std@@QEAA@AEBV01@@Z 0000000180005bb0 f i libvcruntime:frame.obj
 0001:00004bec       ??0bad_exception@std@@QEAA@XZ 0000000180005bec f i libvcruntime:frame.obj
 0001:00004c10       ?CxxCallCatchBlock@__FrameHandler3@@SAPEAXPEAU_EXCEPTION_RECORD@@@Z 0000000180005c10 f   libvcruntime:frame.obj
 0001:00004ea4       ?FrameUnwindToState@__FrameHandler3@@SAXPEA_KPEAU_xDISPATCHER_CONTEXT@@PEBU_s_FuncInfo@@H@Z 0000000180005ea4 f   libvcruntime:frame.obj
 0001:00005040       ?GetHandlerSearchState@__FrameHandler3@@SAHPEA_KPEAU_xDISPATCHER_CONTEXT@@PEBU_s_FuncInfo@@@Z 0000000180006040 f i libvcruntime:frame.obj
 0001:00005248       ?_CallMemberFunction1@@YAXQEAX00@Z 0000000180006248 f i libvcruntime:frame.obj
 0001:00005254       ?_CallMemberFunction2@@YAXQEAX00H@Z 0000000180006254 f i libvcruntime:frame.obj
 0001:00005264       __vcrt_initialize_locks    0000000180006264 f   libvcruntime:locks.obj
 0001:000052ac       __vcrt_uninitialize_locks  00000001800062ac f   libvcruntime:locks.obj
 0001:00005320       _NLG_Notify                0000000180006320 f   libvcruntime:notify.obj
 0001:00005340       __NLG_Dispatch2            0000000180006340 f   libvcruntime:notify.obj
 0001:00005350       __NLG_Return2              0000000180006350 f   libvcruntime:notify.obj
 0001:00005354       __except_validate_context_record 0000000180006354 f   libvcruntime:jbcxrval.obj
 0001:000053d0       _CallSettingFrame          00000001800063d0 f   libvcruntime:handlers.obj
 0001:00005410       _callnewh                  0000000180006410 f   libucrt:new_handler.obj
 0001:00005450       __acrt_initialize_new_handler 0000000180006450 f   libucrt:new_handler.obj
 0001:00005460       _query_new_handler         0000000180006460 f   libucrt:new_handler.obj
 0001:000054a0       _set_new_handler           00000001800064a0 f   libucrt:new_handler.obj
 0001:00005500       ?_set_new_handler@@YAP6AH_K@ZH@Z 0000000180006500 f   libucrt:new_handler.obj
 0001:00005510       malloc                     0000000180006510 f   libucrt:malloc.obj
 0001:00005518       _seh_filter_dll            0000000180006518 f   libucrt:exception_filter.obj
 0001:0000552c       _seh_filter_exe            000000018000652c f   libucrt:exception_filter.obj
 0001:00005908       __acrt_initialize_thread_local_exit_callback 0000000180006908 f   libucrt:exit.obj
 0001:00005910       _cexit                     0000000180006910 f   libucrt:exit.obj
 0001:00005920       _exit                      0000000180006920 f   libucrt:exit.obj
 0001:0000592c       _is_c_termination_complete 000000018000692c f   libucrt:exit.obj
 0001:00005af4       __acrt_allocate_buffer_for_argv 0000000180006af4 f   libucrt:argv_parsing.obj
 0001:00005b54       _configure_narrow_argv     0000000180006b54 f   libucrt:argv_parsing.obj
 0001:00005ed8       __dcrt_uninitialize_environments_nolock 0000000180006ed8 f   libucrt:environment_initialization.obj
 0001:00005f1c       _initialize_narrow_environment 0000000180006f1c f   libucrt:environment_initialization.obj
 0001:00006264       _crt_atexit                0000000180007264 f   libucrt:onexit.obj
 0001:00006274       _execute_onexit_table      0000000180007274 f   libucrt:onexit.obj
 0001:000062b8       _initialize_onexit_table   00000001800072b8 f   libucrt:onexit.obj
 0001:000062e0       _register_onexit_function  00000001800072e0 f   libucrt:onexit.obj
 0001:00006360       __acrt_uninitialize_command_line 0000000180007360 f   libucrt:argv_data.obj
 0001:00006458       __acrt_initialize          0000000180007458 f   libucrt:initialization.obj
 0001:0000646c       __acrt_thread_attach       000000018000746c f   libucrt:initialization.obj
 0001:00006480       __acrt_thread_detach       0000000180007480 f   libucrt:initialization.obj
 0001:00006490       __acrt_uninitialize        0000000180007490 f   libucrt:initialization.obj
 0001:000064c8       __acrt_uninitialize_critical 00000001800074c8 f   libucrt:initialization.obj
 0001:000064d8       _initterm                  00000001800074d8 f   libucrt:initterm.obj
 0001:00006510       _initterm_e                0000000180007510 f   libucrt:initterm.obj
 0001:0000654c       terminate                  000000018000754c f   libucrt:terminate.obj
 0001:00006570       free                       0000000180007570 f   libucrt:free.obj
 0001:00006578       abort                      0000000180007578 f   libucrt:abort.obj
 0001:000065d0       strcpy_s                   00000001800075d0 f   libucrt:strcpy_s.obj
 0001:00006650       calloc                     0000000180007650 f   libucrt:calloc.obj
 0001:00006660       ?get_raw_ptd@__crt_cached_ptd_host@@QEAAPEAU__acrt_ptd@@XZ 0000000180007660 f i libucrt:output.obj
 0001:000066d0       ?update_locale_slow@__crt_cached_ptd_host@@AEAAXXZ 00000001800076d0 f i libucrt:output.obj
 0001:00006750       __acrt_initialize_locks    0000000180007750 f   libucrt:locks.obj
 0001:00006798       __acrt_lock                0000000180007798 f   libucrt:locks.obj
 0001:000067b4       __acrt_uninitialize_locks  00000001800077b4 f   libucrt:locks.obj
 0001:000067ec       __acrt_unlock              00000001800077ec f   libucrt:locks.obj
 0001:00006810       _malloc_base               0000000180007810 f   libucrt:malloc_base.obj
 0001:00006b80       ?internal_get_ptd_head_slow@@YAPEAU__acrt_ptd@@XZ 0000000180007b80 f   libucrt:per_thread_data.obj
 0001:00006ca0       __acrt_freeptd             0000000180007ca0 f   libucrt:per_thread_data.obj
 0001:00006cf0       __acrt_getptd              0000000180007cf0 f   libucrt:per_thread_data.obj
 0001:00006d0c       __acrt_getptd_head         0000000180007d0c f   libucrt:per_thread_data.obj
 0001:00006d50       __acrt_getptd_noexit       0000000180007d50 f   libucrt:per_thread_data.obj
 0001:00006de0       __acrt_getptd_noexit_explicit 0000000180007de0 f   libucrt:per_thread_data.obj
 0001:00006e3c       __acrt_initialize_ptd      0000000180007e3c f   libucrt:per_thread_data.obj
 0001:00006e80       __acrt_uninitialize_ptd    0000000180007e80 f   libucrt:per_thread_data.obj
 0001:00006ea4       __acrt_app_verifier_enabled 0000000180007ea4 f   libucrt:peb_access.obj
 0001:00006ec0       __acrt_is_secure_process   0000000180007ec0 f   libucrt:peb_access.obj
 0001:00006ed8       __acrt_get_process_end_policy 0000000180007ed8 f   libucrt:win_policies.obj
 0001:00006f08       ?get_raw_ptd_noexit@__crt_cached_ptd_host@@QEAAPEAU__acrt_ptd@@XZ 0000000180007f08 f i libucrt:invalid_parameter.obj
 0001:00006f74       ?value@?$dual_state_global@P6AXPEB_W00I_K@Z@__crt_state_management@@QEAAAEAP6AXPEB_W00I_K@ZAEAV__crt_cached_ptd_host@@@Z 0000000180007f74 f i libucrt:invalid_parameter.obj
 0001:00006fc0       __acrt_call_reportfault    0000000180007fc0 f   libucrt:invalid_parameter.obj
 0001:00007130       __acrt_initialize_invalid_parameter_handler 0000000180008130 f   libucrt:invalid_parameter.obj
 0001:00007138       _invalid_parameter         0000000180008138 f   libucrt:invalid_parameter.obj
 0001:000071d4       _invalid_parameter_internal 00000001800081d4 f   libucrt:invalid_parameter.obj
 0001:0000728c       _invalid_parameter_noinfo  000000018000828c f   libucrt:invalid_parameter.obj
 0001:000072ac       _invoke_watson             00000001800082ac f   libucrt:invalid_parameter.obj
 0001:000072f4       __acrt_errno_from_os_error 00000001800082f4 f   libucrt:errno.obj
 0001:000073c4       __acrt_errno_map_os_error  00000001800083c4 f   libucrt:errno.obj
 0001:000073ec       __acrt_errno_map_os_error_ptd 00000001800083ec f   libucrt:errno.obj
 0001:00007410       __doserrno                 0000000180008410 f   libucrt:errno.obj
 0001:00007434       _errno                     0000000180008434 f   libucrt:errno.obj
 0001:00007460       _calloc_base               0000000180008460 f   libucrt:calloc_base.obj
 0001:000074e0       _free_base                 00000001800084e0 f   libucrt:free_base.obj
 0001:0000754c       ??$__acrt_convert_wcs_mbs_cp@D_WV<lambda_7c9dea7b4ca7285d2cdb541a38da6275>@@U__crt_win32_buffer_internal_dynamic_resizing@@@@YAHQEBDAEAV?$__crt_win32_buffer@_WU__crt_win32_buffer_internal_dynamic_resizing@@@@AEBV<lambda_7c9dea7b4ca7285d2cdb541a38da6275>@@I@Z 000000018000854c f i libucrt:argv_wildcards.obj
 0001:000076ec       ??$__acrt_convert_wcs_mbs_cp@_WDV<lambda_d8593a27d1aa8c02be35c86a17d324c4>@@U__crt_win32_buffer_internal_dynamic_resizing@@@@YAHQEB_WAEAV?$__crt_win32_buffer@DU__crt_win32_buffer_internal_dynamic_resizing@@@@AEBV<lambda_d8593a27d1aa8c02be35c86a17d324c4>@@I@Z 00000001800086ec f i libucrt:argv_wildcards.obj
 0001:00007fb8       ??0_LocaleUpdate@@QEAA@QEAU__crt_locale_pointers@@@Z 0000000180008fb8 f i libucrt:argv_wildcards.obj
 0001:00008054       __acrt_expand_narrow_argv_wildcards 0000000180009054 f   libucrt:argv_wildcards.obj
 0001:0000805c       ??$__acrt_convert_wcs_mbs_cp@_WDV<lambda_f788ae46380686e8b737efdd8c720d07>@@U__crt_win32_buffer_no_resizing@@@@YAHQEB_WAEAV?$__crt_win32_buffer@DU__crt_win32_buffer_no_resizing@@@@AEBV<lambda_f788ae46380686e8b737efdd8c720d07>@@I@Z 000000018000905c f i libucrt:getmodulefilenamea.obj
 0001:00008178       __acrt_GetModuleFileNameA  0000000180009178 f   libucrt:getmodulefilenamea.obj
 0001:00008aa4       __acrt_initialize_multibyte 0000000180009aa4 f   libucrt:mbctype.obj
 0001:00008b04       __acrt_update_thread_multibyte_data 0000000180009b04 f   libucrt:mbctype.obj
 0001:00008b20       _setmbcp_nolock            0000000180009b20 f   libucrt:mbctype.obj
 0001:00008e5c       _ismbblead                 0000000180009e5c f   libucrt:ismbbyte.obj
 0001:00008e70       __acrt_initialize_command_line 0000000180009e70 f   libucrt:argv_data.obj
 0001:00008e98       __acrt_MultiByteToWideChar 0000000180009e98 f   libucrt:multibytetowidechar.obj
 0001:00008f28       __acrt_WideCharToMultiByte 0000000180009f28 f   libucrt:widechartomultibyte.obj
 0001:00009008       __dcrt_get_narrow_environment_from_os 000000018000a008 f   libucrt:get_environment_from_os.obj
 0001:00009120       _recalloc_base             000000018000a120 f   libucrt:recalloc.obj
 0001:000091c0       _recalloc                  000000018000a1c0 f   libucrt:recalloc.obj
 0001:0000937c       __acrt_AppPolicyGetProcessTerminationMethodInternal 000000018000a37c f   libucrt:winapi_thunks.obj
 0001:000093d8       __acrt_AreFileApisANSI     000000018000a3d8 f   libucrt:winapi_thunks.obj
 0001:00009424       __acrt_FlsAlloc            000000018000a424 f   libucrt:winapi_thunks.obj
 0001:0000942c       __acrt_FlsFree             000000018000a42c f   libucrt:winapi_thunks.obj
 0001:00009434       __acrt_FlsGetValue         000000018000a434 f   libucrt:winapi_thunks.obj
 0001:0000943c       __acrt_FlsGetValue2        000000018000a43c f   libucrt:winapi_thunks.obj
 0001:00009448       __acrt_FlsSetValue         000000018000a448 f   libucrt:winapi_thunks.obj
 0001:00009450       __acrt_InitializeCriticalSectionEx 000000018000a450 f   libucrt:winapi_thunks.obj
 0001:00009458       __acrt_LCMapStringEx       000000018000a458 f   libucrt:winapi_thunks.obj
 0001:0000954c       __acrt_LocaleNameToLCID    000000018000a54c f   libucrt:winapi_thunks.obj
 0001:000095b0       __acrt_initialize_winapi_thunks 000000018000a5b0 f   libucrt:winapi_thunks.obj
 0001:000095e0       __acrt_tls2_supported      000000018000a5e0 f   libucrt:winapi_thunks.obj
 0001:00009624       __acrt_uninitialize_winapi_thunks 000000018000a624 f   libucrt:winapi_thunks.obj
 0001:00009670       _get_heap_handle           000000018000a670 f   libucrt:heap_handle.obj
 0001:00009680       __acrt_initialize_heap     000000018000a680 f   libucrt:heap_handle.obj
 0001:000096b0       __acrt_uninitialize_heap   000000018000a6b0 f   libucrt:heap_handle.obj
 0001:000096d0       __acrt_getheap             000000018000a6d0 f   libucrt:heap_handle.obj
 0001:000098e0       __acrt_initialize_lowio    000000018000a8e0 f   libucrt:ioinit.obj
 0001:0000991c       __acrt_uninitialize_lowio  000000018000a91c f   libucrt:ioinit.obj
 0001:0000995c       __acrt_execute_initializers 000000018000a95c f   libucrt:shared_initialization.obj
 0001:000099dc       __acrt_execute_uninitializers 000000018000a9dc f   libucrt:shared_initialization.obj
 0001:00009a60       __acrt_get_sigabrt_handler 000000018000aa60 f   libucrt:signal.obj
 0001:00009a90       __acrt_initialize_signal_handlers 000000018000aa90 f   libucrt:signal.obj
 0001:00009ab0       raise                      000000018000aab0 f   libucrt:signal.obj
 0001:00009d10       __acrt_has_user_matherr    000000018000ad10 f   libucrt:matherr.obj
 0001:00009d30       __acrt_initialize_user_matherr 000000018000ad30 f   libucrt:matherr.obj
 0001:00009d40       __acrt_invoke_user_matherr 000000018000ad40 f   libucrt:matherr.obj
 0001:00009f50       __acrt_stdio_flush_nolock  000000018000af50 f   libucrt:fflush.obj
 0001:00009fdc       _fflush_nolock             000000018000afdc f   libucrt:fflush.obj
 0001:0000a0b0       _flushall                  000000018000b0b0 f   libucrt:fflush.obj
 0001:0000a0b8       __acrt_initialize_stdio    000000018000b0b8 f   libucrt:_file.obj
 0001:0000a1d8       __acrt_uninitialize_stdio  000000018000b1d8 f   libucrt:_file.obj
 0001:0000a234       _lock_file                 000000018000b234 f   libucrt:_file.obj
 0001:0000a240       _unlock_file               000000018000b240 f   libucrt:_file.obj
 0001:0000a24c       __acrt_update_locale_info  000000018000b24c f   libucrt:locale_update.obj
 0001:0000a280       __acrt_update_locale_info_explicit 000000018000b280 f   libucrt:locale_update.obj
 0001:0000a2b8       __acrt_update_multibyte_info 000000018000b2b8 f   libucrt:locale_update.obj
 0001:0000a2ec       __acrt_update_multibyte_info_explicit 000000018000b2ec f   libucrt:locale_update.obj
 0001:0000a324       _mbtowc_internal           000000018000b324 f   libucrt:mbtowc.obj
 0001:0000a49c       ?__mblen_utf8@__crt_mbstring@@YAHPEBD@Z 000000018000b49c f   libucrt:mbrtoc32.obj
 0001:0000a4d4       ?__mbrtoc32_utf8@__crt_mbstring@@YA_KPEA_UPEBD_KPEAU_Mbstatet@@AEAV__crt_cached_ptd_host@@@Z 000000018000b4d4 f   libucrt:mbrtoc32.obj
 0001:0000a694       ?__mbrtowc_utf8@__crt_mbstring@@YA_KPEA_WPEBD_KPEAU_Mbstatet@@AEAV__crt_cached_ptd_host@@@Z 000000018000b694 f   libucrt:mbrtowc.obj
 0001:0000a6dc       ?__mbsrtowcs_utf8@__crt_mbstring@@YA_KPEA_WPEAPEBD_KPEAU_Mbstatet@@AEAV__crt_cached_ptd_host@@@Z 000000018000b6dc f   libucrt:mbrtowc.obj
 0001:0000a894       _fileno                    000000018000b894 f   libucrt:fileno.obj
 0001:0000a92c       __acrt_set_locale_changed  000000018000b92c f   libucrt:wsetlocale.obj
 0001:0000a938       __acrt_uninitialize_locale 000000018000b938 f   libucrt:wsetlocale.obj
 0001:0000a970       _query_new_mode            000000018000b970 f   libucrt:new_mode.obj
 0001:0000a980       _set_new_mode              000000018000b980 f   libucrt:new_mode.obj
 0001:0000a9ac       __acrt_add_locale_ref      000000018000b9ac f   libucrt:locale_refcounting.obj
 0001:0000aa38       __acrt_free_locale         000000018000ba38 f   libucrt:locale_refcounting.obj
 0001:0000abb0       __acrt_locale_add_lc_time_reference 000000018000bbb0 f   libucrt:locale_refcounting.obj
 0001:0000abd8       __acrt_locale_free_lc_time_if_unreferenced 000000018000bbd8 f   libucrt:locale_refcounting.obj
 0001:0000ac10       __acrt_locale_release_lc_time_reference 000000018000bc10 f   libucrt:locale_refcounting.obj
 0001:0000ac38       __acrt_release_locale_ref  000000018000bc38 f   libucrt:locale_refcounting.obj
 0001:0000ace0       __acrt_update_thread_locale_data 000000018000bce0 f   libucrt:locale_refcounting.obj
 0001:0000ad50       _updatetlocinfoEx_nolock   000000018000bd50 f   libucrt:locale_refcounting.obj
 0001:0000adc0       qsort                      000000018000bdc0 f   libucrt:qsort.obj
 0001:0000b160       strncpy_s                  000000018000c160 f   libucrt:strncpy_s.obj
 0001:0000b330       strpbrk                    000000018000c330 f   libucrt:strpbrk.obj
 0001:0000b6e8       _mbsdec                    000000018000c6e8 f   libucrt:mbsdec.obj
 0001:0000b6f0       _mbsdec_l                  000000018000c6f0 f   libucrt:mbsdec.obj
 0001:0000b784       __acrt_GetStringTypeA      000000018000c784 f   libucrt:getstringtypea.obj
 0001:0000bc48       __acrt_LCMapStringA        000000018000cc48 f   libucrt:lcmapstringa.obj
 0001:0000bd00       _msize_base                000000018000cd00 f   libucrt:msize.obj
 0001:0000bd40       _msize                     000000018000cd40 f   libucrt:msize.obj
 0001:0000bd50       _realloc_base              000000018000cd50 f   libucrt:realloc_base.obj
 0001:0000bdd0       wcsncmp                    000000018000cdd0 f   libucrt:wcsncmp.obj
 0001:0000be04       __acrt_DownlevelLocaleNameToLCID 000000018000ce04 f   libucrt:lcidtoname_downlevel.obj
 0001:0000beac       __acrt_lowio_create_handle_array 000000018000ceac f   libucrt:osfinfo.obj
 0001:0000bf54       __acrt_lowio_destroy_handle_array 000000018000cf54 f   libucrt:osfinfo.obj
 0001:0000bfa4       __acrt_lowio_ensure_fh_exists 000000018000cfa4 f   libucrt:osfinfo.obj
 0001:0000c04c       __acrt_lowio_lock_fh       000000018000d04c f   libucrt:osfinfo.obj
 0001:0000c074       __acrt_lowio_unlock_fh     000000018000d074 f   libucrt:osfinfo.obj
 0001:0000c09c       _free_osfhnd               000000018000d09c f   libucrt:osfinfo.obj
 0001:0000c158       _get_osfhandle             000000018000d158 f   libucrt:osfinfo.obj
 0001:0000c25c       _commit                    000000018000d25c f   libucrt:commit.obj
 0001:0000cb1c       _write_internal            000000018000db1c f   libucrt:write.obj
 0001:0000cc3c       _write_nolock              000000018000dc3c f   libucrt:write.obj
 0001:0000cf6c       _fcloseall                 000000018000df6c f   libucrt:closeall.obj
 0001:0000d020       __acrt_stdio_free_buffer_nolock 000000018000e020 f   libucrt:_freebuf.obj
 0001:0000d064       _isatty                    000000018000e064 f   libucrt:isatty.obj
 0001:0000d0c4       ?reset_and_return@__crt_mbstring@@YA_K_KPEAU_Mbstatet@@@Z 000000018000e0c4 f   libucrt:common_utf8.obj
 0001:0000d0cc       ?return_illegal_sequence@__crt_mbstring@@YA_KPEAU_Mbstatet@@AEAV__crt_cached_ptd_host@@@Z 000000018000e0cc f   libucrt:common_utf8.obj
 0001:0000d0e0       __acrt_locale_free_monetary 000000018000e0e0 f   libucrt:initmon.obj
 0001:0000d1ec       __acrt_locale_free_numeric 000000018000e1ec f   libucrt:initnum.obj
 0001:0000d28c       __acrt_locale_free_time    000000018000e28c f   libucrt:inittime.obj
 0001:0000d394       _guard_check_icall         000000018000e394 f i libucrt:checkcfg.obj
 0001:0000d3b0       __strncnt                  000000018000e3b0 f   libucrt:strncnt.obj
 0001:0000d3d0       __ascii_wcsnicmp           000000018000e3d0 f   libucrt:wcsnicmp.obj
 0001:0000d438       _query_app_type            000000018000e438 f   libucrt:report_runtime_error.obj
 0001:0000d4f0       _lseeki64_nolock_internal  000000018000e4f0 f   libucrt:lseek.obj
 0001:0000d4f8       _putwch_nolock             000000018000e4f8 f   libucrt:putwch.obj
 0001:0000d65c       fclose                     000000018000e65c f   libucrt:fclose.obj
 0001:0000d700       __dcrt_lowio_ensure_console_output_initialized 000000018000e700 f   libucrt:initcon.obj
 0001:0000d754       __dcrt_terminate_console_output 000000018000e754 f   libucrt:initcon.obj
 0001:0000d770       __dcrt_write_console       000000018000e770 f   libucrt:initcon.obj
 0001:0000d8a8       _close_internal            000000018000e8a8 f   libucrt:close.obj
 0001:0000d96c       _close_nolock_internal     000000018000e96c f   libucrt:close.obj
 0001:0000da3c       ?__acrt_stdio_free_stream@@YAXV__crt_stdio_stream@@@Z 000000018000ea3c f   libucrt:stream.obj
 0001:0000db70       _handle_errorf             000000018000eb70 f   libucrt:libm_error.obj
 0001:0000dcb0       _handle_nanf               000000018000ecb0 f   libucrt:libm_error.obj
 0001:0000dcc0       __acrt_initialize_fma3     000000018000ecc0 f   libucrt:fma3_available.obj
 0001:0000dd80       _clrfp                     000000018000ed80 f   libucrt:fpctrl.obj
 0001:0000dda0       _ctrlfp                    000000018000eda0 f   libucrt:fpctrl.obj
 0001:0000de20       _get_fpcsr                 000000018000ee20 f   libucrt:fpctrl.obj
 0001:0000de30       _set_fpcsr                 000000018000ee30 f   libucrt:fpctrl.obj
 0001:0000de40       _set_statfp                000000018000ee40 f   libucrt:fpctrl.obj
 0001:0000de60       _statfp                    000000018000ee60 f   libucrt:fpctrl.obj
 0001:0000de70       _raise_exc_ex              000000018000ee70 f   libucrt:fpexcept.obj
 0001:0000e180       _raise_excf                000000018000f180 f   libucrt:fpexcept.obj
 0001:0000e1b0       _set_errno_from_matherr    000000018000f1b0 f   libucrt:fpexcept.obj
 0001:0000e1e4       __GSHandlerCheck           000000018000f1e4 f   LIBCMT:gshandler.obj
 0001:0000e204       __GSHandlerCheckCommon     000000018000f204 f   LIBCMT:gshandler.obj
 0001:0000e270       _FindPESection             000000018000f270 f   LIBCMT:pesect.obj
 0001:0000e2c0       _IsNonwritableInCurrentImage 000000018000f2c0 f   LIBCMT:pesect.obj
 0001:0000e310       _ValidateImageBase         000000018000f310 f   LIBCMT:pesect.obj
 0001:0000e33c       __GSHandlerCheck_EH        000000018000f33c f   LIBCMT:gshandlereh.obj
 0001:0000e3d0       __chkstk                   000000018000f3d0 f   LIBCMT:chkstk.obj
 0001:0000e3d0       _alloca_probe              000000018000f3d0 f   LIBCMT:chkstk.obj
 0001:0000e420       __C_specific_handler_noexcept 000000018000f420 f   libvcruntime:chandler_noexcept.obj
 0001:0000e470       sqrtf                      000000018000f470 f   libucrt:sqrtf.obj
 0001:0000e520       _guard_dispatch_icall_nop  000000018000f520 f   LIBCMT:guard_dispatch.obj
 0001:0000e540       _guard_xfg_dispatch_icall_nop 000000018000f540 f   LIBCMT:guard_xfg_dispatch.obj
 0001:0000e560       _guard_dispatch_icall      000000018000f560 f   libucrt:dispatchcfg.obj
 0001:0000e560       _guard_dispatch_icall_$fo_default$ 000000018000f560     libucrt:dispatchcfg.obj
 0001:0000e590       memset_repstos             000000018000f590 f   libvcruntime:memset.obj
 0001:0000e5a0       memset                     000000018000f5a0 f   libvcruntime:memset.obj
 0001:0000e950       memcpy_repmovs             000000018000f950 f   libvcruntime:memcpy.obj
 0001:0000e960       memcpy                     000000018000f960 f   libvcruntime:memcpy.obj
 0001:0000e960       memcpy_$fo_default$        000000018000f960     libvcruntime:memcpy.obj
 0001:0000e960       memmove                    000000018000f960 f   libvcruntime:memcpy.obj
 0001:0000eff0       strncmp                    000000018000fff0 f   libucrt:strncmp.obj
 0002:00000000       __imp_Sleep                0000000180011000     kernel32:KERNEL32.dll
 0002:00000008       __imp_DisableThreadLibraryCalls 0000000180011008     kernel32:KERNEL32.dll
 0002:00000010       __imp_CreateThread         0000000180011010     kernel32:KERNEL32.dll
 0002:00000018       __imp_VirtualFree          0000000180011018     kernel32:KERNEL32.dll
 0002:00000020       __imp_VirtualAlloc         0000000180011020     kernel32:KERNEL32.dll
 0002:00000028       __imp_GetSystemInfo        0000000180011028     kernel32:KERNEL32.dll
 0002:00000030       __imp_VirtualQuery         0000000180011030     kernel32:KERNEL32.dll
 0002:00000038       __imp_HeapCreate           0000000180011038     kernel32:KERNEL32.dll
 0002:00000040       __imp_VirtualProtect       0000000180011040     kernel32:KERNEL32.dll
 0002:00000048       __imp_HeapFree             0000000180011048     kernel32:KERNEL32.dll
 0002:00000050       __imp_GetCurrentProcess    0000000180011050     kernel32:KERNEL32.dll
 0002:00000058       __imp_Thread32Next         0000000180011058     kernel32:KERNEL32.dll
 0002:00000060       __imp_Thread32First        0000000180011060     kernel32:KERNEL32.dll
 0002:00000068       __imp_GetCurrentThreadId   0000000180011068     kernel32:KERNEL32.dll
 0002:00000070       __imp_SuspendThread        0000000180011070     kernel32:KERNEL32.dll
 0002:00000078       __imp_ResumeThread         0000000180011078     kernel32:KERNEL32.dll
 0002:00000080       __imp_CreateToolhelp32Snapshot 0000000180011080     kernel32:KERNEL32.dll
 0002:00000088       __imp_HeapReAlloc          0000000180011088     kernel32:KERNEL32.dll
 0002:00000090       __imp_CloseHandle          0000000180011090     kernel32:KERNEL32.dll
 0002:00000098       __imp_HeapAlloc            0000000180011098     kernel32:KERNEL32.dll
 0002:000000a0       __imp_GetThreadContext     00000001800110a0     kernel32:KERNEL32.dll
 0002:000000a8       __imp_GetProcAddress       00000001800110a8     kernel32:KERNEL32.dll
 0002:000000b0       __imp_GetCurrentProcessId  00000001800110b0     kernel32:KERNEL32.dll
 0002:000000b8       __imp_GetModuleHandleW     00000001800110b8     kernel32:KERNEL32.dll
 0002:000000c0       __imp_FlushInstructionCache 00000001800110c0     kernel32:KERNEL32.dll
 0002:000000c8       __imp_SetThreadContext     00000001800110c8     kernel32:KERNEL32.dll
 0002:000000d0       __imp_OpenThread           00000001800110d0     kernel32:KERNEL32.dll
 0002:000000d8       __imp_WriteConsoleW        00000001800110d8     kernel32:KERNEL32.dll
 0002:000000e0       __imp_CreateFileW          00000001800110e0     kernel32:KERNEL32.dll
 0002:000000e8       __imp_SetFilePointerEx     00000001800110e8     kernel32:KERNEL32.dll
 0002:000000f0       __imp_GetConsoleMode       00000001800110f0     kernel32:KERNEL32.dll
 0002:000000f8       __imp_GetConsoleOutputCP   00000001800110f8     kernel32:KERNEL32.dll
 0002:00000100       __imp_WriteFile            0000000180011100     kernel32:KERNEL32.dll
 0002:00000108       __imp_FlushFileBuffers     0000000180011108     kernel32:KERNEL32.dll
 0002:00000110       __imp_SetStdHandle         0000000180011110     kernel32:KERNEL32.dll
 0002:00000118       __imp_HeapSize             0000000180011118     kernel32:KERNEL32.dll
 0002:00000120       __imp_SetUnhandledExceptionFilter 0000000180011120     kernel32:KERNEL32.dll
 0002:00000128       __imp_GetStartupInfoW      0000000180011128     kernel32:KERNEL32.dll
 0002:00000130       __imp_QueryPerformanceCounter 0000000180011130     kernel32:KERNEL32.dll
 0002:00000138       __imp_GetSystemTimeAsFileTime 0000000180011138     kernel32:KERNEL32.dll
 0002:00000140       __imp_InitializeSListHead  0000000180011140     kernel32:KERNEL32.dll
 0002:00000148       __imp_RtlLookupFunctionEntry 0000000180011148     kernel32:KERNEL32.dll
 0002:00000150       __imp_RtlUnwindEx          0000000180011150     kernel32:KERNEL32.dll
 0002:00000158       __imp_RtlPcToFileHeader    0000000180011158     kernel32:KERNEL32.dll
 0002:00000160       __imp_RaiseException       0000000180011160     kernel32:KERNEL32.dll
 0002:00000168       __imp_InterlockedFlushSList 0000000180011168     kernel32:KERNEL32.dll
 0002:00000170       __imp_GetLastError         0000000180011170     kernel32:KERNEL32.dll
 0002:00000178       __imp_SetLastError         0000000180011178     kernel32:KERNEL32.dll
 0002:00000180       __imp_FlsAlloc             0000000180011180     kernel32:KERNEL32.dll
 0002:00000188       __imp_FlsGetValue          0000000180011188     kernel32:KERNEL32.dll
 0002:00000190       __imp_FlsSetValue          0000000180011190     kernel32:KERNEL32.dll
 0002:00000198       __imp_FlsFree              0000000180011198     kernel32:KERNEL32.dll
 0002:000001a0       __imp_EncodePointer        00000001800111a0     kernel32:KERNEL32.dll
 0002:000001a8       __imp_EnterCriticalSection 00000001800111a8     kernel32:KERNEL32.dll
 0002:000001b0       __imp_LeaveCriticalSection 00000001800111b0     kernel32:KERNEL32.dll
 0002:000001b8       __imp_InitializeCriticalSectionEx 00000001800111b8     kernel32:KERNEL32.dll
 0002:000001c0       __imp_DeleteCriticalSection 00000001800111c0     kernel32:KERNEL32.dll
 0002:000001c8       __imp_ExitProcess          00000001800111c8     kernel32:KERNEL32.dll
 0002:000001d0       __imp_TerminateProcess     00000001800111d0     kernel32:KERNEL32.dll
 0002:000001d8       __imp_FreeLibrary          00000001800111d8     kernel32:KERNEL32.dll
 0002:000001e0       __imp_GetModuleHandleExW   00000001800111e0     kernel32:KERNEL32.dll
 0002:000001e8       __imp_GetModuleFileNameW   00000001800111e8     kernel32:KERNEL32.dll
 0002:000001f0       __imp_IsProcessorFeaturePresent 00000001800111f0     kernel32:KERNEL32.dll
 0002:000001f8       __imp_RtlCaptureContext    00000001800111f8     kernel32:KERNEL32.dll
 0002:00000200       __imp_RtlVirtualUnwind     0000000180011200     kernel32:KERNEL32.dll
 0002:00000208       __imp_IsDebuggerPresent    0000000180011208     kernel32:KERNEL32.dll
 0002:00000210       __imp_UnhandledExceptionFilter 0000000180011210     kernel32:KERNEL32.dll
 0002:00000218       __imp_FindClose            0000000180011218     kernel32:KERNEL32.dll
 0002:00000220       __imp_FindFirstFileExW     0000000180011220     kernel32:KERNEL32.dll
 0002:00000228       __imp_FindNextFileW        0000000180011228     kernel32:KERNEL32.dll
 0002:00000230       __imp_IsValidCodePage      0000000180011230     kernel32:KERNEL32.dll
 0002:00000238       __imp_GetACP               0000000180011238     kernel32:KERNEL32.dll
 0002:00000240       __imp_GetOEMCP             0000000180011240     kernel32:KERNEL32.dll
 0002:00000248       __imp_GetCPInfo            0000000180011248     kernel32:KERNEL32.dll
 0002:00000250       __imp_GetCommandLineA      0000000180011250     kernel32:KERNEL32.dll
 0002:00000258       __imp_GetCommandLineW      0000000180011258     kernel32:KERNEL32.dll
 0002:00000260       __imp_MultiByteToWideChar  0000000180011260     kernel32:KERNEL32.dll
 0002:00000268       __imp_WideCharToMultiByte  0000000180011268     kernel32:KERNEL32.dll
 0002:00000270       __imp_GetEnvironmentStringsW 0000000180011270     kernel32:KERNEL32.dll
 0002:00000278       __imp_FreeEnvironmentStringsW 0000000180011278     kernel32:KERNEL32.dll
 0002:00000280       __imp_LoadLibraryExW       0000000180011280     kernel32:KERNEL32.dll
 0002:00000288       __imp_LCMapStringW         0000000180011288     kernel32:KERNEL32.dll
 0002:00000290       __imp_GetProcessHeap       0000000180011290     kernel32:KERNEL32.dll
 0002:00000298       __imp_GetStdHandle         0000000180011298     kernel32:KERNEL32.dll
 0002:000002a0       __imp_GetFileType          00000001800112a0     kernel32:KERNEL32.dll
 0002:000002a8       __imp_GetStringTypeW       00000001800112a8     kernel32:KERNEL32.dll
 0002:000002b0       \177KERNEL32_NULL_THUNK_DATA 00000001800112b0     kernel32:KERNEL32.dll
 0002:000002b8       __imp_SendInput            00000001800112b8     user32:USER32.dll
 0002:000002c0       __imp_CreateWindowExA      00000001800112c0     user32:USER32.dll
 0002:000002c8       __imp_GetAsyncKeyState     00000001800112c8     user32:USER32.dll
 0002:000002d0       __imp_CallNextHookEx       00000001800112d0     user32:USER32.dll
 0002:000002d8       __imp_DestroyWindow        00000001800112d8     user32:USER32.dll
 0002:000002e0       \177USER32_NULL_THUNK_DATA 00000001800112e0     user32:USER32.dll
 0002:000002e8       __imp_timeGetTime          00000001800112e8     winmm:WINMM.dll
 0002:000002f0       \177WINMM_NULL_THUNK_DATA  00000001800112f0     winmm:WINMM.dll
 0002:000002f8       __imp_Direct3DCreate9      00000001800112f8     d3d9:d3d9.dll
 0002:00000300       \177d3d9_NULL_THUNK_DATA   0000000180011300     d3d9:d3d9.dll
 0002:00000308       __imp_D3DXVec3Project      0000000180011308     d3dx9:d3dx9_43.dll
 0002:00000310       \177d3dx9_43_NULL_THUNK_DATA 0000000180011310     d3dx9:d3dx9_43.dll
 0002:00000318       __guard_check_icall_fptr   0000000180011318     LIBCMT:guard_support.obj
 0002:00000320       __guard_xfg_check_icall_fptr 0000000180011320     LIBCMT:guard_support.obj
 0002:00000328       __guard_dispatch_icall_fptr 0000000180011328     LIBCMT:guard_support.obj
 0002:00000330       __guard_xfg_dispatch_icall_fptr 0000000180011330     LIBCMT:guard_support.obj
 0002:00000338       __guard_xfg_table_dispatch_icall_fptr 0000000180011338     LIBCMT:guard_support.obj
 0002:00000340       __castguard_check_failure_os_handled_fptr 0000000180011340     LIBCMT:guard_support.obj
 0002:00000348       __guard_memcpy_fptr        0000000180011348     libvcruntime:softmemtag.obj
 0002:00000350       __xc_a                     0000000180011350     LIBCMT:initializers.obj
 0002:00000368       __xc_z                     0000000180011368     LIBCMT:initializers.obj
 0002:00000370       __xi_a                     0000000180011370     LIBCMT:initializers.obj
 0002:00000378       __acrt_multibyte_initializer 0000000180011378     libucrt:multibyte_initializer.obj
 0002:00000380       __acrt_stdio_initializer   0000000180011380     libucrt:stdio_initializer.obj
 0002:00000388       __acrt_tran_fma3_initializer 0000000180011388     libucrt:fma3_initializer.obj
 0002:00000390       __xi_z                     0000000180011390     LIBCMT:initializers.obj
 0002:00000398       __xp_a                     0000000180011398     LIBCMT:initializers.obj
 0002:000003a0       __acrt_locale_terminator   00000001800113a0     libucrt:locale_initializer.obj
 0002:000003a8       __dcrt_console_output_terminator 00000001800113a8     libucrt:console_output_initializer.obj
 0002:000003b0       __acrt_stdio_terminator    00000001800113b0     libucrt:stdio_initializer.obj
 0002:000003b8       __xp_z                     00000001800113b8     LIBCMT:initializers.obj
 0002:000003c0       __xt_a                     00000001800113c0     LIBCMT:initializers.obj
 0002:000003c8       __xt_z                     00000001800113c8     LIBCMT:initializers.obj
 0002:000003d8       ??_7exception@std@@6B@     00000001800113d8     libcpmt:xthrow.obj
 0002:000003f0       ??_7bad_alloc@std@@6B@     00000001800113f0     libcpmt:xthrow.obj
 0002:00000400       ??_C@_0P@GHFPNOJB@bad?5allocation@ 0000000180011400     libcpmt:xthrow.obj
 0002:00000418       ??_7logic_error@std@@6B@   0000000180011418     libcpmt:xthrow.obj
 0002:00000430       ??_7length_error@std@@6B@  0000000180011430     libcpmt:xthrow.obj
 0002:00000440       __xmm@ffffffffffffffffffffffffffffffff 0000000180011440     LIBCMT:utility.obj
 0002:00000458       ??_7type_info@@6B@         0000000180011458     LIBCMT:std_type_info_static.obj
 0002:00000460       _pDefaultRawDllMain        0000000180011460     LIBCMT:dll_dllmain.obj
 0002:00000460       _pRawDllMain               0000000180011460     LIBCMT:dll_dllmain.obj
 0002:00000470       ??_7bad_array_new_length@std@@6B@ 0000000180011470     LIBCMT:throw_bad_alloc.obj
 0002:00000518       _pDestructExceptionObject  0000000180011518     libvcruntime:ehhelpers.obj
 0002:00000528       ??_7bad_exception@std@@6B@ 0000000180011528     libvcruntime:frame.obj
 0002:00000538       ??_C@_0O@DPKOEFFH@bad?5exception@ 0000000180011538     libvcruntime:frame.obj
 0002:00000c60       ??_C@_08EHJDFFNH@__based?$CI@ 0000000180011c60     libvcruntime:undname.obj
 0002:00000c70       ??_C@_07KOLFKCDI@__cdecl@  0000000180011c70     libvcruntime:undname.obj
 0002:00000c78       ??_C@_09IFJBGAPI@__stdcall@ 0000000180011c78     libvcruntime:undname.obj
 0002:00000c88       ??_C@_0L@NPHFGOKO@__thiscall@ 0000000180011c88     libvcruntime:undname.obj
 0002:00000c98       ??_C@_0L@JMKHOMEK@__fastcall@ 0000000180011c98     libvcruntime:undname.obj
 0002:00000ca8       ??_C@_0N@BCKKPABJ@__vectorcall@ 0000000180011ca8     libvcruntime:undname.obj
 0002:00000cb8       ??_C@_0BA@NAGGFLJK@__preserve_none@ 0000000180011cb8     libvcruntime:undname.obj
 0002:00000cc8       ??_C@_09HIJEGCPM@__clrcall@ 0000000180011cc8     libvcruntime:undname.obj
 0002:00000cd4       ??_C@_06GHPCKEAG@__eabi@   0000000180011cd4     libvcruntime:undname.obj
 0002:00000ce0       ??_C@_09IOPIDJLG@__swift_1@ 0000000180011ce0     libvcruntime:undname.obj
 0002:00000cf0       ??_C@_09KFNFGKHF@__swift_2@ 0000000180011cf0     libvcruntime:undname.obj
 0002:00000d00       ??_C@_09LMMOFLDE@__swift_3@ 0000000180011d00     libvcruntime:undname.obj
 0002:00000d10       ??_C@_07JOMMBBKO@__ptr64@  0000000180011d10     libvcruntime:undname.obj
 0002:00000d18       ??_C@_0L@PILCLIHE@__restrict@ 0000000180011d18     libvcruntime:undname.obj
 0002:00000d28       ??_C@_0M@GFIIJFMG@__unaligned@ 0000000180011d28     libvcruntime:undname.obj
 0002:00000d38       ??_C@_09DHDLOLLB@restrict?$CI@ 0000000180011d38     libvcruntime:undname.obj
 0002:00000d42       ??_C@_00CNPNBAHC@@         0000000180011d42     libvcruntime:undname.obj
 0002:00000d44       ??_C@_04NIHEBCM@?5new@     0000000180011d44     libvcruntime:undname.obj
 0002:00000d50       ??_C@_07FPCDHGMM@?5delete@ 0000000180011d50     libvcruntime:undname.obj
 0002:00000d58       ??_C@_01NEMOKFLO@?$DN@     0000000180011d58     libvcruntime:undname.obj
 0002:00000d5c       ??_C@_02GPIOPFAK@?$DO?$DO@ 0000000180011d5c     libvcruntime:undname.obj
 0002:00000d60       ??_C@_02FODMEDOG@?$DM?$DM@ 0000000180011d60     libvcruntime:undname.obj
 0002:00000d64       ??_C@_01DCLJPIOD@?$CB@     0000000180011d64     libvcruntime:undname.obj
 0002:00000d68       ??_C@_02EGOFBIJA@?$DN?$DN@ 0000000180011d68     libvcruntime:undname.obj
 0002:00000d6c       ??_C@_02FDNJECIE@?$CB?$DN@ 0000000180011d6c     libvcruntime:undname.obj
 0002:00000d70       ??_C@_02GPECMEKF@?$FL?$FN@ 0000000180011d70     libvcruntime:undname.obj
 0002:00000d78       ??_C@_08LHJFAFGD@operator@ 0000000180011d78     libvcruntime:undname.obj
 0002:00000d84       ??_C@_02HBOOOICD@?9?$DO@   0000000180011d84     libvcruntime:undname.obj
 0002:00000d88       ??_C@_01NBENCBCI@?$CK@     0000000180011d88     libvcruntime:undname.obj
 0002:00000d8c       ??_C@_02ECNGHCIF@?$CL?$CL@ 0000000180011d8c     libvcruntime:undname.obj
 0002:00000d90       ??_C@_02BAABKJLB@?9?9@     0000000180011d90     libvcruntime:undname.obj
 0002:00000d94       ??_C@_01JOAMLHOP@?9@       0000000180011d94     libvcruntime:undname.obj
 0002:00000d98       ??_C@_01MIFGBAGJ@?$CL@     0000000180011d98     libvcruntime:undname.obj
 0002:00000d9c       ??_C@_01HNPIGOCE@?$CG@     0000000180011d9c     libvcruntime:undname.obj
 0002:00000da0       ??_C@_03MNHNFDLC@?9?$DO?$CK@ 0000000180011da0     libvcruntime:undname.obj
 0002:00000da4       ??_C@_01KMDKNFGN@?1@       0000000180011da4     libvcruntime:undname.obj
 0002:00000da8       ??_C@_01FGNFDNOH@?$CF@     0000000180011da8     libvcruntime:undname.obj
 0002:00000dac       ??_C@_01MNNFJEPP@?$DM@     0000000180011dac     libvcruntime:undname.obj
 0002:00000db0       ??_C@_02EHCHHCKH@?$DM?$DN@ 0000000180011db0     libvcruntime:undname.obj
 0002:00000db4       ??_C@_01PPODPGHN@?$DO@     0000000180011db4     libvcruntime:undname.obj
 0002:00000db8       ??_C@_02EEKDKGMJ@?$DO?$DN@ 0000000180011db8     libvcruntime:undname.obj
 0002:00000dbc       ??_C@_01IHBHIGKO@?0@       0000000180011dbc     libvcruntime:undname.obj
 0002:00000dc0       ??_C@_02HCKGKOFO@?$CI?$CJ@ 0000000180011dc0     libvcruntime:undname.obj
 0002:00000dc4       ??_C@_01PJKLJHI@?$HO@      0000000180011dc4     libvcruntime:undname.obj
 0002:00000dc8       ??_C@_01JKBOJNNK@?$FO@     0000000180011dc8     libvcruntime:undname.obj
 0002:00000dcc       ??_C@_01DNKMNLPK@?$HM@     0000000180011dcc     libvcruntime:undname.obj
 0002:00000dd0       ??_C@_02PPKAJPJL@?$CG?$CG@ 0000000180011dd0     libvcruntime:undname.obj
 0002:00000dd4       ??_C@_02NONPIBCD@?$HM?$HM@ 0000000180011dd4     libvcruntime:undname.obj
 0002:00000dd8       ??_C@_02FPIMKNGF@?$CK?$DN@ 0000000180011dd8     libvcruntime:undname.obj
 0002:00000ddc       ??_C@_02FOEOMHFC@?$CL?$DN@ 0000000180011ddc     libvcruntime:undname.obj
 0002:00000de0       ??_C@_02FKMDLLOA@?9?$DN@   0000000180011de0     libvcruntime:undname.obj
 0002:00000de4       ??_C@_02FJEHGPIO@?1?$DN@   0000000180011de4     libvcruntime:undname.obj
 0002:00000de8       ??_C@_02FENAOKFI@?$CF?$DN@ 0000000180011de8     libvcruntime:undname.obj
 0002:00000dec       ??_C@_03IKFCCPFF@?$DO?$DO?$DN@ 0000000180011dec     libvcruntime:undname.obj
 0002:00000df0       ??_C@_03CDNPDDLA@?$DM?$DM?$DN@ 0000000180011df0     libvcruntime:undname.obj
 0002:00000df4       ??_C@_02FGJGFEAB@?$CG?$DN@ 0000000180011df4     libvcruntime:undname.obj
 0002:00000df8       ??_C@_02DHLNPPGH@?$HM?$DN@ 0000000180011df8     libvcruntime:undname.obj
 0002:00000dfc       ??_C@_02MHEGNOJ@?$FO?$DN@  0000000180011dfc     libvcruntime:undname.obj
 0002:00000e00       ??_C@_09IFPLHPGF@?$GAvftable?8@ 0000000180011e00     libvcruntime:undname.obj
 0002:00000e10       ??_C@_09BLBHBJP@?$GAvbtable?8@ 0000000180011e10     libvcruntime:undname.obj
 0002:00000e20       ??_C@_07FEEIOKP@?$GAvcall?8@ 0000000180011e20     libvcruntime:undname.obj
 0002:00000e28       ??_C@_08LLFFHHDJ@?$GAtypeof?8@ 0000000180011e28     libvcruntime:undname.obj
 0002:00000e38       ??_C@_0BF@KDPPACIK@?$GAlocal?5static?5guard?8@ 0000000180011e38     libvcruntime:undname.obj
 0002:00000e50       ??_C@_08OBABFOLI@?$GAstring?8@ 0000000180011e50     libvcruntime:undname.obj
 0002:00000e60       ??_C@_0BD@JDLKDPAB@?$GAvbase?5destructor?8@ 0000000180011e60     libvcruntime:undname.obj
 0002:00000e78       ??_C@_0BN@DEGPLNFK@?$GAvector?5deleting?5destructor?8@ 0000000180011e78     libvcruntime:undname.obj
 0002:00000e98       ??_C@_0BO@OBMKPJIG@?$GAdefault?5constructor?5closure?8@ 0000000180011e98     libvcruntime:undname.obj
 0002:00000eb8       ??_C@_0BN@IMDCHIKM@?$GAscalar?5deleting?5destructor?8@ 0000000180011eb8     libvcruntime:undname.obj
 0002:00000ed8       ??_C@_0BO@PFGOCPJJ@?$GAvector?5constructor?5iterator?8@ 0000000180011ed8     libvcruntime:undname.obj
 0002:00000ef8       ??_C@_0BN@LFPFMEDL@?$GAvector?5destructor?5iterator?8@ 0000000180011ef8     libvcruntime:undname.obj
 0002:00000f18       ??_C@_0CE@IKBNEHA@?$GAvector?5vbase?5constructor?5itera@ 0000000180011f18     libvcruntime:undname.obj
 0002:00000f40       ??_C@_0BL@NILFHHPC@?$GAvirtual?5displacement?5map?8@ 0000000180011f40     libvcruntime:undname.obj
 0002:00000f60       ??_C@_0CB@JONCMFFK@?$GAeh?5vector?5constructor?5iterator@ 0000000180011f60     libvcruntime:undname.obj
 0002:00000f88       ??_C@_0CA@GCEOPDGL@?$GAeh?5vector?5destructor?5iterator?8@ 0000000180011f88     libvcruntime:undname.obj
 0002:00000fa8       ??_C@_0CH@OOJPLCPH@?$GAeh?5vector?5vbase?5constructor?5it@ 0000000180011fa8     libvcruntime:undname.obj
 0002:00000fd0       ??_C@_0BL@LLKPOHJI@?$GAcopy?5constructor?5closure?8@ 0000000180011fd0     libvcruntime:undname.obj
 0002:00000ff0       ??_C@_0BA@KBCDOMBN@?$GAudt?5returning?8@ 0000000180011ff0     libvcruntime:undname.obj
 0002:00001000       ??_C@_03KLGMFNMG@?$GAEH@   0000000180012000     libvcruntime:undname.obj
 0002:00001004       ??_C@_05KHLCHHI@?$GARTTI@  0000000180012004     libvcruntime:undname.obj
 0002:00001010       ??_C@_0BA@KKLDJDLB@?$GAlocal?5vftable?8@ 0000000180012010     libvcruntime:undname.obj
 0002:00001020       ??_C@_0CE@IIHCMGGL@?$GAlocal?5vftable?5constructor?5clos@ 0000000180012020     libvcruntime:undname.obj
 0002:00001044       ??_C@_06FHBGPFGH@?5new?$FL?$FN@ 0000000180012044     libvcruntime:undname.obj
 0002:00001050       ??_C@_09LBNFPBCA@?5delete?$FL?$FN@ 0000000180012050     libvcruntime:undname.obj
 0002:00001060       ??_C@_0P@HJKNJFNN@?$GAomni?5callsig?8@ 0000000180012060     libvcruntime:undname.obj
 0002:00001070       ??_C@_0BL@CNOONJFP@?$GAplacement?5delete?5closure?8@ 0000000180012070     libvcruntime:undname.obj
 0002:00001090       ??_C@_0BN@CKNJLHMB@?$GAplacement?5delete?$FL?$FN?5closure?8@ 0000000180012090     libvcruntime:undname.obj
 0002:000010b0       ??_C@_0CG@CFDHKGGD@?$GAmanaged?5vector?5constructor?5ite@ 00000001800120b0     libvcruntime:undname.obj
 0002:000010d8       ??_C@_0CF@IMGKMJNO@?$GAmanaged?5vector?5destructor?5iter@ 00000001800120d8     libvcruntime:undname.obj
 0002:00001100       ??_C@_0CG@HLDDJMAG@?$GAeh?5vector?5copy?5constructor?5ite@ 0000000180012100     libvcruntime:undname.obj
 0002:00001128       ??_C@_0CM@FCBBDIGB@?$GAeh?5vector?5vbase?5copy?5construct@ 0000000180012128     libvcruntime:undname.obj
 0002:00001158       ??_C@_0BL@CLIPGLGB@?$GAdynamic?5initializer?5for?5?8@ 0000000180012158     libvcruntime:undname.obj
 0002:00001178       ??_C@_0CB@PDBIFEP@?$GAdynamic?5atexit?5destructor?5for?5@ 0000000180012178     libvcruntime:undname.obj
 0002:000011a0       ??_C@_0CD@CGAJBKEJ@?$GAvector?5copy?5constructor?5iterat@ 00000001800121a0     libvcruntime:undname.obj
 0002:000011c8       ??_C@_0CJ@GJELGAMM@?$GAvector?5vbase?5copy?5constructor?5@ 00000001800121c8     libvcruntime:undname.obj
 0002:000011f8       ??_C@_0CL@FGIJHLCE@?$GAmanaged?5vector?5copy?5constructo@ 00000001800121f8     libvcruntime:undname.obj
 0002:00001228       ??_C@_0BM@PMGGMLDN@?$GAlocal?5static?5thread?5guard?8@ 0000000180012228     libvcruntime:undname.obj
 0002:00001248       ??_C@_0N@BDNMDMOL@operator?5?$CC?$CC?5@ 0000000180012248     libvcruntime:undname.obj
 0002:00001258       ??_C@_0BC@GGEBGALA@operator?5co_await@ 0000000180012258     libvcruntime:undname.obj
 0002:00001270       ??_C@_0M@GAAIMMOH@operator?$DM?$DN?$DO@ 0000000180012270     libvcruntime:undname.obj
 0002:00001280       ??_C@_0BC@DAFEJGAK@?5Type?5Descriptor?8@ 0000000180012280     libvcruntime:undname.obj
 0002:00001298       ??_C@_0BM@LDKODKLH@?5Base?5Class?5Descriptor?5at?5?$CI@ 0000000180012298     libvcruntime:undname.obj
 0002:000012b8       ??_C@_0BD@LGICGFMM@?5Base?5Class?5Array?8@ 00000001800122b8     libvcruntime:undname.obj
 0002:000012d0       ??_C@_0BN@MECKDCOJ@?5Class?5Hierarchy?5Descriptor?8@ 00000001800122d0     libvcruntime:undname.obj
 0002:000012f0       ??_C@_0BK@CFCOFLF@?5Complete?5Object?5Locator?8@ 00000001800122f0     libvcruntime:undname.obj
 0002:00001310       ??_C@_0BG@JNJLAMPM@?$GAanonymous?5namespace?8@ 0000000180012310     libvcruntime:undname.obj
 0002:00001330       __acrt_exception_action_table 0000000180012330     libucrt:exception_filter.obj
 0002:000013f0       __acrt_signal_action_table_count 00000001800123f0     libucrt:exception_filter.obj
 0002:000013f8       __acrt_signal_action_first_fpe_index 00000001800123f8     libucrt:exception_filter.obj
 0002:00001400       __acrt_signal_action_fpe_count 0000000180012400     libucrt:exception_filter.obj
 0002:00001458       ??_C@_1BI@BGOHAHKC@?$AAm?$AAs?$AAc?$AAo?$AAr?$AAe?$AAe?$AA?4?$AAd?$AAl?$AAl@ 0000000180012458     libucrt:exit.obj
 0002:00001470       ??_C@_0P@MIGLKIOC@CorExitProcess@ 0000000180012470     libucrt:exit.obj
 0002:00001758       ??_C@_1M@HPNHIDJI@?$AAj?$AAa?$AA?9?$AAJ?$AAP@ 0000000180012758     libucrt:mbctype.obj
 0002:00001768       ??_C@_1M@BIBDDEMK@?$AAz?$AAh?$AA?9?$AAC?$AAN@ 0000000180012768     libucrt:mbctype.obj
 0002:00001778       ??_C@_1M@JLOOOEGK@?$AAk?$AAo?$AA?9?$AAK?$AAR@ 0000000180012778     libucrt:mbctype.obj
 0002:00001788       ??_C@_1M@CLNBBOPM@?$AAz?$AAh?$AA?9?$AAT?$AAW@ 0000000180012788     libucrt:mbctype.obj
 0002:00001860       ??_C@_1EA@JGEFHKEI@?$AAa?$AAp?$AAi?$AA?9?$AAm?$AAs?$AA?9?$AAw?$AAi?$AAn?$AA?9?$AAc?$AAo?$AAr?$AAe@ 0000000180012860     libucrt:winapi_thunks.obj
 0002:000018a0       ??_C@_1DM@LFJCLCKP@?$AAa?$AAp?$AAi?$AA?9?$AAm?$AAs?$AA?9?$AAw?$AAi?$AAn?$AA?9?$AAc?$AAo?$AAr?$AAe@ 00000001800128a0     libucrt:winapi_thunks.obj
 0002:000018e0       ??_C@_1DI@KMEPCBPN@?$AAa?$AAp?$AAi?$AA?9?$AAm?$AAs?$AA?9?$AAw?$AAi?$AAn?$AA?9?$AAc?$AAo?$AAr?$AAe@ 00000001800128e0     libucrt:winapi_thunks.obj
 0002:00001918       ??_C@_1DI@IJCEHOCB@?$AAa?$AAp?$AAi?$AA?9?$AAm?$AAs?$AA?9?$AAw?$AAi?$AAn?$AA?9?$AAc?$AAo?$AAr?$AAe@ 0000000180012918     libucrt:winapi_thunks.obj
 0002:00001950       ??_C@_1DI@FFFOPEOO@?$AAa?$AAp?$AAi?$AA?9?$AAm?$AAs?$AA?9?$AAw?$AAi?$AAn?$AA?9?$AAc?$AAo?$AAr?$AAe@ 0000000180012950     libucrt:winapi_thunks.obj
 0002:00001990       ??_C@_1EI@MPIAOHOC@?$AAa?$AAp?$AAi?$AA?9?$AAm?$AAs?$AA?9?$AAw?$AAi?$AAn?$AA?9?$AAc?$AAo?$AAr?$AAe@ 0000000180012990     libucrt:winapi_thunks.obj
 0002:000019e0       ??_C@_1FK@FPHCKFIE@?$AAa?$AAp?$AAi?$AA?9?$AAm?$AAs?$AA?9?$AAw?$AAi?$AAn?$AA?9?$AAc?$AAo?$AAr?$AAe@ 00000001800129e0     libucrt:winapi_thunks.obj
 0002:00001a40       ??_C@_1EM@DILCGIIO@?$AAa?$AAp?$AAi?$AA?9?$AAm?$AAs?$AA?9?$AAw?$AAi?$AAn?$AA?9?$AAc?$AAo?$AAr?$AAe@ 0000000180012a40     libucrt:winapi_thunks.obj
 0002:00001a90       ??_C@_1DM@LNCGDDPN@?$AAa?$AAp?$AAi?$AA?9?$AAm?$AAs?$AA?9?$AAw?$AAi?$AAn?$AA?9?$AAc?$AAo?$AAr?$AAe@ 0000000180012a90     libucrt:winapi_thunks.obj
 0002:00001ad0       ??_C@_1DK@LPPGFMPP@?$AAa?$AAp?$AAi?$AA?9?$AAm?$AAs?$AA?9?$AAw?$AAi?$AAn?$AA?9?$AAc?$AAo?$AAr?$AAe@ 0000000180012ad0     libucrt:winapi_thunks.obj
 0002:00001b10       ??_C@_1DO@FPAPJEMD@?$AAa?$AAp?$AAi?$AA?9?$AAm?$AAs?$AA?9?$AAw?$AAi?$AAn?$AA?9?$AAc?$AAo?$AAr?$AAe@ 0000000180012b10     libucrt:winapi_thunks.obj
 0002:00001b50       ??_C@_1DK@NDHNAHIO@?$AAa?$AAp?$AAi?$AA?9?$AAm?$AAs?$AA?9?$AAw?$AAi?$AAn?$AA?9?$AAc?$AAo?$AAr?$AAe@ 0000000180012b50     libucrt:winapi_thunks.obj
 0002:00001b90       ??_C@_1DM@KGHDGBCM@?$AAa?$AAp?$AAi?$AA?9?$AAm?$AAs?$AA?9?$AAw?$AAi?$AAn?$AA?9?$AAc?$AAo?$AAr?$AAe@ 0000000180012b90     libucrt:winapi_thunks.obj
 0002:00001bd0       ??_C@_1EO@IJIOEFOH@?$AAa?$AAp?$AAi?$AA?9?$AAm?$AAs?$AA?9?$AAw?$AAi?$AAn?$AA?9?$AAr?$AAt?$AAc?$AAo@ 0000000180012bd0     libucrt:winapi_thunks.obj
 0002:00001c20       ??_C@_1FG@HHGEKANL@?$AAa?$AAp?$AAi?$AA?9?$AAm?$AAs?$AA?9?$AAw?$AAi?$AAn?$AA?9?$AAs?$AAe?$AAc?$AAu@ 0000000180012c20     libucrt:winapi_thunks.obj
 0002:00001c80       ??_C@_1EG@DBIOJECG@?$AAe?$AAx?$AAt?$AA?9?$AAm?$AAs?$AA?9?$AAw?$AAi?$AAn?$AA?9?$AAn?$AAt?$AAu?$AAs@ 0000000180012c80     libucrt:winapi_thunks.obj
 0002:00001cd0       ??_C@_1EO@FIHMJCLF@?$AAe?$AAx?$AAt?$AA?9?$AAm?$AAs?$AA?9?$AAw?$AAi?$AAn?$AA?9?$AAn?$AAt?$AAu?$AAs@ 0000000180012cd0     libucrt:winapi_thunks.obj
 0002:00001d20       ??_C@_1BC@DNHGCMLG@?$AAa?$AAd?$AAv?$AAa?$AAp?$AAi?$AA3?$AA2@ 0000000180012d20     libucrt:winapi_thunks.obj
 0002:00001d38       ??_C@_1BC@GDMECMAK@?$AAk?$AAe?$AAr?$AAn?$AAe?$AAl?$AA3?$AA2@ 0000000180012d38     libucrt:winapi_thunks.obj
 0002:00001d50       ??_C@_1BG@CJPGBMEF@?$AAk?$AAe?$AAr?$AAn?$AAe?$AAl?$AAb?$AAa?$AAs?$AAe@ 0000000180012d50     libucrt:winapi_thunks.obj
 0002:00001d68       ??_C@_1M@OAIMIKLP@?$AAn?$AAt?$AAd?$AAl?$AAl@ 0000000180012d68     libucrt:winapi_thunks.obj
 0002:00001d80       ??_C@_1EG@DPGNFKGC@?$AAa?$AAp?$AAi?$AA?9?$AAm?$AAs?$AA?9?$AAw?$AAi?$AAn?$AA?9?$AAa?$AAp?$AAp?$AAm@ 0000000180012d80     libucrt:winapi_thunks.obj
 0002:00001dc8       ??_C@_1O@BCCLBEOE@?$AAu?$AAs?$AAe?$AAr?$AA3?$AA2@ 0000000180012dc8     libucrt:winapi_thunks.obj
 0002:00001dd8       ??_C@_1BA@PFFKHIOG@?$AAa?$AAp?$AAi?$AA?9?$AAm?$AAs?$AA?9@ 0000000180012dd8     libucrt:winapi_thunks.obj
 0002:00001de8       ??_C@_1BA@IAIFMGEF@?$AAe?$AAx?$AAt?$AA?9?$AAm?$AAs?$AA?9@ 0000000180012de8     libucrt:winapi_thunks.obj
 0002:00001e00       ??_C@_0BA@FHFNEAED@AreFileApisANSI@ 0000000180012e00     libucrt:winapi_thunks.obj
 0002:00001e18       ??_C@_0N@MFBBDCAC@FlsGetValue2@ 0000000180012e18     libucrt:winapi_thunks.obj
 0002:00001e30       ??_C@_0O@KKBNKAPF@LCMapStringEx@ 0000000180012e30     libucrt:winapi_thunks.obj
 0002:00001e48       ??_C@_0BB@HBDEELFH@LocaleNameToLCID@ 0000000180012e48     libucrt:winapi_thunks.obj
 0002:00001e60       ??_C@_0CF@OJOFEIGO@AppPolicyGetProcessTerminationM@ 0000000180012e60     libucrt:winapi_thunks.obj
 0002:00001e90       __lc_time_c                0000000180012e90     libucrt:nlsdata.obj
 0002:00002150       ??_C@_03KOEHGMDN@Sun@      0000000180013150     libucrt:nlsdata.obj
 0002:00002154       ??_C@_03PDAGKDH@Mon@       0000000180013154     libucrt:nlsdata.obj
 0002:00002158       ??_C@_03NAGEINEP@Tue@      0000000180013158     libucrt:nlsdata.obj
 0002:0000215c       ??_C@_03MHOMLAJA@Wed@      000000018001315c     libucrt:nlsdata.obj
 0002:00002160       ??_C@_03IOFIKPDN@Thu@      0000000180013160     libucrt:nlsdata.obj
 0002:00002164       ??_C@_03IDIOELNC@Fri@      0000000180013164     libucrt:nlsdata.obj
 0002:00002168       ??_C@_03FEFJNEK@Sat@       0000000180013168     libucrt:nlsdata.obj
 0002:0000216c       ??_C@_06OOPIFAJ@Sunday@    000000018001316c     libucrt:nlsdata.obj
 0002:00002174       ??_C@_06JLEDEDGH@Monday@   0000000180013174     libucrt:nlsdata.obj
 0002:00002180       ??_C@_07BAAGCFCM@Tuesday@  0000000180013180     libucrt:nlsdata.obj
 0002:00002188       ??_C@_09DLIGFAKA@Wednesday@ 0000000180013188     libucrt:nlsdata.obj
 0002:00002198       ??_C@_08HACCIKIA@Thursday@ 0000000180013198     libucrt:nlsdata.obj
 0002:000021a4       ??_C@_06JECMNKMI@Friday@   00000001800131a4     libucrt:nlsdata.obj
 0002:000021b0       ??_C@_08INBOOONO@Saturday@ 00000001800131b0     libucrt:nlsdata.obj
 0002:000021bc       ??_C@_03JIHJHPIE@Jan@      00000001800131bc     libucrt:nlsdata.obj
 0002:000021c0       ??_C@_03HJBDCHOM@Feb@      00000001800131c0     libucrt:nlsdata.obj
 0002:000021c4       ??_C@_03ODNJBKGA@Mar@      00000001800131c4     libucrt:nlsdata.obj
 0002:000021c8       ??_C@_03LEOLGMJP@Apr@      00000001800131c8     libucrt:nlsdata.obj
 0002:000021cc       ??_C@_03CNMDKL@May@        00000001800131cc     libucrt:nlsdata.obj
 0002:000021d0       ??_C@_03IDFGHECI@Jun@      00000001800131d0     libucrt:nlsdata.obj
 0002:000021d4       ??_C@_03LBGABGKK@Jul@      00000001800131d4     libucrt:nlsdata.obj
 0002:000021d8       ??_C@_03IFJFEIGA@Aug@      00000001800131d8     libucrt:nlsdata.obj
 0002:000021dc       ??_C@_03GGCAPAJC@Sep@      00000001800131dc     libucrt:nlsdata.obj
 0002:000021e0       ??_C@_03BMAOKBAD@Oct@      00000001800131e0     libucrt:nlsdata.obj
 0002:000021e4       ??_C@_03JPJOFNIA@Nov@      00000001800131e4     libucrt:nlsdata.obj
 0002:000021e8       ??_C@_03MKABNOCG@Dec@      00000001800131e8     libucrt:nlsdata.obj
 0002:000021f0       ??_C@_07CGJPFGJA@January@  00000001800131f0     libucrt:nlsdata.obj
 0002:000021f8       ??_C@_08GNJGEPFN@February@ 00000001800131f8     libucrt:nlsdata.obj
 0002:00002204       ??_C@_05HPCKOFNC@March@    0000000180013204     libucrt:nlsdata.obj
 0002:0000220c       ??_C@_05DMJDNLEJ@April@    000000018001320c     libucrt:nlsdata.obj
 0002:00002214       ??_C@_04CNLMGBGM@June@     0000000180013214     libucrt:nlsdata.obj
 0002:0000221c       ??_C@_04MIEPOIFP@July@     000000018001321c     libucrt:nlsdata.obj
 0002:00002224       ??_C@_06LBBHFDDG@August@   0000000180013224     libucrt:nlsdata.obj
 0002:00002230       ??_C@_09BHHEALKD@September@ 0000000180013230     libucrt:nlsdata.obj
 0002:00002240       ??_C@_07JJNFCEND@October@  0000000180013240     libucrt:nlsdata.obj
 0002:00002248       ??_C@_08HCHEGEOA@November@ 0000000180013248     libucrt:nlsdata.obj
 0002:00002258       ??_C@_08EDHMEBNP@December@ 0000000180013258     libucrt:nlsdata.obj
 0002:00002264       ??_C@_02DEDBPAFC@AM@       0000000180013264     libucrt:nlsdata.obj
 0002:00002268       ??_C@_02CJNFDJBF@PM@       0000000180013268     libucrt:nlsdata.obj
 0002:00002270       ??_C@_08BPBNCDIB@MM?1dd?1yy@ 0000000180013270     libucrt:nlsdata.obj
 0002:00002280       ??_C@_0BE@CKGJFCPC@dddd?0?5MMMM?5dd?0?5yyyy@ 0000000180013280     libucrt:nlsdata.obj
 0002:00002298       ??_C@_08JCCMCCIL@HH?3mm?3ss@ 0000000180013298     libucrt:nlsdata.obj
 0002:000022a8       ??_C@_17MBGCMIPB@?$AAS?$AAu?$AAn@ 00000001800132a8     libucrt:nlsdata.obj
 0002:000022b0       ??_C@_17KBOMKBF@?$AAM?$AAo?$AAn@ 00000001800132b0     libucrt:nlsdata.obj
 0002:000022b8       ??_C@_17BMKGEGOJ@?$AAT?$AAu?$AAe@ 00000001800132b8     libucrt:nlsdata.obj
 0002:000022c0       ??_C@_17CJEDCEPE@?$AAW?$AAe?$AAd@ 00000001800132c0     libucrt:nlsdata.obj
 0002:000022c8       ??_C@_17PDPHAADD@?$AAT?$AAh?$AAu@ 00000001800132c8     libucrt:nlsdata.obj
 0002:000022d0       ??_C@_17HFOLPPLP@?$AAF?$AAr?$AAi@ 00000001800132d0     libucrt:nlsdata.obj
 0002:000022d8       ??_C@_17GGIBDPIH@?$AAS?$AAa?$AAt@ 00000001800132d8     libucrt:nlsdata.obj
 0002:000022e0       ??_C@_1O@IHNHDHPB@?$AAS?$AAu?$AAn?$AAd?$AAa?$AAy@ 00000001800132e0     libucrt:nlsdata.obj
 0002:000022f0       ??_C@_1O@MMNBFLIA@?$AAM?$AAo?$AAn?$AAd?$AAa?$AAy@ 00000001800132f0     libucrt:nlsdata.obj
 0002:00002300       ??_C@_1BA@ENFBFFEK@?$AAT?$AAu?$AAe?$AAs?$AAd?$AAa?$AAy@ 0000000180013300     libucrt:nlsdata.obj
 0002:00002310       ??_C@_1BE@EBOGMDOH@?$AAW?$AAe?$AAd?$AAn?$AAe?$AAs?$AAd?$AAa?$AAy@ 0000000180013310     libucrt:nlsdata.obj
 0002:00002328       ??_C@_1BC@HHMNLIHE@?$AAT?$AAh?$AAu?$AAr?$AAs?$AAd?$AAa?$AAy@ 0000000180013328     libucrt:nlsdata.obj
 0002:00002340       ??_C@_1O@PDICJHAG@?$AAF?$AAr?$AAi?$AAd?$AAa?$AAy@ 0000000180013340     libucrt:nlsdata.obj
 0002:00002350       ??_C@_1BC@ENMNNPAJ@?$AAS?$AAa?$AAt?$AAu?$AAr?$AAd?$AAa?$AAy@ 0000000180013350     libucrt:nlsdata.obj
 0002:00002368       ??_C@_17DKNBKCHM@?$AAJ?$AAa?$AAn@ 0000000180013368     libucrt:nlsdata.obj
 0002:00002370       ??_C@_17LMDJEKJN@?$AAF?$AAe?$AAb@ 0000000180013370     libucrt:nlsdata.obj
 0002:00002378       ??_C@_17CKNLEDEC@?$AAM?$AAa?$AAr@ 0000000180013378     libucrt:nlsdata.obj
 0002:00002380       ??_C@_17LFPOIHDD@?$AAA?$AAp?$AAr@ 0000000180013380     libucrt:nlsdata.obj
 0002:00002388       ??_C@_17PNNKMEED@?$AAM?$AAa?$AAy@ 0000000180013388     libucrt:nlsdata.obj
 0002:00002390       ??_C@_17KCJGOCPB@?$AAJ?$AAu?$AAn@ 0000000180013390     libucrt:nlsdata.obj
 0002:00002398       ??_C@_17IJPCKHK@?$AAJ?$AAu?$AAl@ 0000000180013398     libucrt:nlsdata.obj
 0002:000023a0       ??_C@_17ICPELBCN@?$AAA?$AAu?$AAg@ 00000001800133a0     libucrt:nlsdata.obj
 0002:000023a8       ??_C@_17HCHCOKMG@?$AAS?$AAe?$AAp@ 00000001800133a8     libucrt:nlsdata.obj
 0002:000023b0       ??_C@_17FNLKOI@?$AAO?$AAc?$AAt@ 00000001800133b0     libucrt:nlsdata.obj
 0002:000023b8       ??_C@_17BBDMLCIG@?$AAN?$AAo?$AAv@ 00000001800133b8     libucrt:nlsdata.obj
 0002:000023c0       ??_C@_17EGKACKIF@?$AAD?$AAe?$AAc@ 00000001800133c0     libucrt:nlsdata.obj
 0002:000023c8       ??_C@_1BA@EFMEIEBA@?$AAJ?$AAa?$AAn?$AAu?$AAa?$AAr?$AAy@ 00000001800133c8     libucrt:nlsdata.obj
 0002:000023d8       ??_C@_1BC@JGDDFFAM@?$AAF?$AAe?$AAb?$AAr?$AAu?$AAa?$AAr?$AAy@ 00000001800133d8     libucrt:nlsdata.obj
 0002:000023f0       ??_C@_1M@IKEENEDF@?$AAM?$AAa?$AAr?$AAc?$AAh@ 00000001800133f0     libucrt:nlsdata.obj
 0002:00002400       ??_C@_1M@GJNLMHFD@?$AAA?$AAp?$AAr?$AAi?$AAl@ 0000000180013400     libucrt:nlsdata.obj
 0002:00002410       ??_C@_19EPFLPGAP@?$AAJ?$AAu?$AAn?$AAe@ 0000000180013410     libucrt:nlsdata.obj
 0002:00002420       ??_C@_19BIFMLPCD@?$AAJ?$AAu?$AAl?$AAy@ 0000000180013420     libucrt:nlsdata.obj
 0002:00002430       ??_C@_1O@PAHLKOAC@?$AAA?$AAu?$AAg?$AAu?$AAs?$AAt@ 0000000180013430     libucrt:nlsdata.obj
 0002:00002440       ??_C@_1BE@DKAAMBJL@?$AAS?$AAe?$AAp?$AAt?$AAe?$AAm?$AAb?$AAe?$AAr@ 0000000180013440     libucrt:nlsdata.obj
 0002:00002458       ??_C@_1BA@EPANDLNG@?$AAO?$AAc?$AAt?$AAo?$AAb?$AAe?$AAr@ 0000000180013458     libucrt:nlsdata.obj
 0002:00002468       ??_C@_1BC@BGLIFPF@?$AAN?$AAo?$AAv?$AAe?$AAm?$AAb?$AAe?$AAr@ 0000000180013468     libucrt:nlsdata.obj
 0002:00002480       ??_C@_1BC@FEMKIFH@?$AAD?$AAe?$AAc?$AAe?$AAm?$AAb?$AAe?$AAr@ 0000000180013480     libucrt:nlsdata.obj
 0002:00002494       ??_C@_15ODEHAHHF@?$AAA?$AAM@ 0000000180013494     libucrt:nlsdata.obj
 0002:0000249c       ??_C@_15CLMNNGEL@?$AAP?$AAM@ 000000018001349c     libucrt:nlsdata.obj
 0002:000024a8       ??_C@_1BC@IEBCMHCM@?$AAM?$AAM?$AA?1?$AAd?$AAd?$AA?1?$AAy?$AAy@ 00000001800134a8     libucrt:nlsdata.obj
 0002:000024c0       ??_C@_1CI@KNAKOEBC@?$AAd?$AAd?$AAd?$AAd?$AA?0?$AA?5?$AAM?$AAM?$AAM?$AAM?$AA?5?$AAd?$AAd?$AA?0?$AA?5@ 00000001800134c0     libucrt:nlsdata.obj
 0002:000024e8       ??_C@_1BC@GDGBMEMK@?$AAH?$AAH?$AA?3?$AAm?$AAm?$AA?3?$AAs?$AAs@ 00000001800134e8     libucrt:nlsdata.obj
 0002:00002500       ??_C@_1M@BMHNFIME@?$AAe?$AAn?$AA?9?$AAU?$AAS@ 0000000180013500     libucrt:nlsdata.obj
 0002:00002510       __newctype                 0000000180013510     libucrt:ctype.obj
 0002:00002810       __newclmap                 0000000180013810     libucrt:ctype.obj
 0002:00002990       __newcumap                 0000000180013990     libucrt:ctype.obj
 0002:00003950       ??_C@_15EMKDOKLE@?$AAa?$AAr@ 0000000180014950     libucrt:lcidtoname_downlevel.obj
 0002:00003958       ??_C@_15KNPADPLH@?$AAb?$AAg@ 0000000180014958     libucrt:lcidtoname_downlevel.obj
 0002:00003960       ??_C@_15EDMHLDMO@?$AAc?$AAa@ 0000000180014960     libucrt:lcidtoname_downlevel.obj
 0002:00003968       ??_C@_1O@BPEAJADD@?$AAz?$AAh?$AA?9?$AAC?$AAH?$AAS@ 0000000180014968     libucrt:lcidtoname_downlevel.obj
 0002:00003978       ??_C@_15LJNHCMNK@?$AAc?$AAs@ 0000000180014978     libucrt:lcidtoname_downlevel.obj
 0002:00003980       ??_C@_15FOMCIDHG@?$AAd?$AAa@ 0000000180014980     libucrt:lcidtoname_downlevel.obj
 0002:00003988       ??_C@_15NBKABECB@?$AAd?$AAe@ 0000000180014988     libucrt:lcidtoname_downlevel.obj
 0002:00003990       ??_C@_15GHPEIIAO@?$AAe?$AAl@ 0000000180014990     libucrt:lcidtoname_downlevel.obj
 0002:00003998       ??_C@_15MNPNEAIF@?$AAe?$AAn@ 0000000180014998     libucrt:lcidtoname_downlevel.obj
 0002:000039a0       ??_C@_15GPIOMPMH@?$AAe?$AAs@ 00000001800149a0     libucrt:lcidtoname_downlevel.obj
[...]
 0002:00008f30       $unwind$__acrt_getptd_noexit_explicit 0000000180019f30     libucrt:per_thread_data.obj
 0002:00008f44       $unwind$__acrt_freeptd     0000000180019f44     libucrt:per_thread_data.obj
 0002:00008f54       $unwind$?destroy_fls@@YAXPEAX@Z 0000000180019f54     libucrt:per_thread_data.obj
 0002:00008f54       $unwind$__acrt_locale_free_numeric 0000000180019f54     libucrt:initnum.obj
 0002:00008f54       $unwind$__acrt_locale_free_lc_time_if_unreferenced 0000000180019f54     libucrt:locale_refcounting.obj
 0002:00008f5c       $unwind$?construct_ptd_array@@YAXQEAU__acrt_ptd@@@Z 0000000180019f5c     libucrt:per_thread_data.obj
 0002:00008f64       $unwind$?destroy_ptd_array@@YAXQEAU__acrt_ptd@@@Z 0000000180019f64     libucrt:per_thread_data.obj
 0002:00008f6c       $unwind$??$?RV<lambda_0ae27a3a962d80f24befdcbee591983d>@@AEAV<lambda_8d0ee55de4b1038c4002e0adecdf1839>@@V<lambda_dc504788e8f1664fe9b84e20bfb512f2>@@@?$__crt_seh_guarded_call@X@@QEAAX$$QEAV<lambda_0ae27a3a962d80f24befdcbee591983d>@@AEAV<lambda_8d0ee55de4b1038c4002e0adecdf1839>@@$$QEAV<lambda_dc504788e8f1664fe9b84e20bfb512f2>@@@Z 0000000180019f6c     libucrt:per_thread_data.obj
 0002:00008f90       $unwind$??$?RV<lambda_aa87e3671a710a21b5dc78c0bdf72e11>@@AEAV<lambda_92619d2358a28f41a33ba319515a20b9>@@V<lambda_6992ecaafeb10aed2b74cb1fae11a551>@@@?$__crt_seh_guarded_call@X@@QEAAX$$QEAV<lambda_aa87e3671a710a21b5dc78c0bdf72e11>@@AEAV<lambda_92619d2358a28f41a33ba319515a20b9>@@$$QEAV<lambda_6992ecaafeb10aed2b74cb1fae11a551>@@@Z 0000000180019f90     libucrt:per_thread_data.obj
 0002:00008fb4       $unwind$??$?RV<lambda_f2e299630e499de9f9a165e60fcd3db5>@@AEAV<lambda_2ae9d31cdba2644fcbeaf08da7c24588>@@V<lambda_40d01ff24d0e7b3814fdbdcee8eab3c7>@@@?$__crt_seh_guarded_call@X@@QEAAX$$QEAV<lambda_f2e299630e499de9f9a165e60fcd3db5>@@AEAV<lambda_2ae9d31cdba2644fcbeaf08da7c24588>@@$$QEAV<lambda_40d01ff24d0e7b3814fdbdcee8eab3c7>@@@Z 0000000180019fb4     libucrt:per_thread_data.obj
 0002:00008fd8       $unwind$??$?RV<lambda_2d41944a1d46af3157314b8a01080d33>@@AEAV<lambda_8f455de75cd7d7f24b4096f044d8b9e6>@@V<lambda_aa500f224e6afead328df44964fe2772>@@@?$__crt_seh_guarded_call@X@@QEAAX$$QEAV<lambda_2d41944a1d46af3157314b8a01080d33>@@AEAV<lambda_8f455de75cd7d7f24b4096f044d8b9e6>@@$$QEAV<lambda_aa500f224e6afead328df44964fe2772>@@@Z 0000000180019fd8     libucrt:per_thread_data.obj
 0002:00008ffc       $unwind$__acrt_call_reportfault 0000000180019ffc     libucrt:invalid_parameter.obj
 0002:0000901c       $unwind$??$common_lseek_nolock@_J@@YA_JH_JHAEAV__crt_cached_ptd_host@@@Z 000000018001a01c     libucrt:lseek.obj
 0002:0000901c       $unwind$_invalid_parameter_internal 000000018001a01c     libucrt:invalid_parameter.obj
 0002:00009030       $unwind$?get_raw_ptd_noexit@__crt_cached_ptd_host@@QEAAPEAU__acrt_ptd@@XZ 000000018001a030     libucrt:invalid_parameter.obj
 0002:00009040       $unwind$_invalid_parameter 000000018001a040     libucrt:invalid_parameter.obj
 0002:0000904c       $unwind$__acrt_errno_from_os_error 000000018001a04c     libucrt:errno.obj
 0002:0000905c       $unwind$_calloc_base       000000018001a05c     libucrt:calloc_base.obj
 0002:00009064       $unwind$_free_base         000000018001a064     libucrt:free_base.obj
 0002:0000906c       $unwind$??$common_expand_argv_wildcards@D@@YAHQEAPEADQEAPEAPEAD@Z 000000018001a06c     libucrt:argv_wildcards.obj
 0002:00009084       $unwind$__dcrt_get_narrow_environment_from_os 000000018001a084     libucrt:get_environment_from_os.obj
 0002:00009084       $unwind$??$__acrt_convert_wcs_mbs_cp@_WDV<lambda_d8593a27d1aa8c02be35c86a17d324c4>@@U__crt_win32_buffer_internal_dynamic_resizing@@@@YAHQEB_WAEAV?$__crt_win32_buffer@DU__crt_win32_buffer_internal_dynamic_resizing@@@@AEBV<lambda_d8593a27d1aa8c02be35c86a17d324c4>@@I@Z 000000018001a084     libucrt:argv_wildcards.obj
 0002:0000909c       $unwind$??$expand_argument_wildcards@D@@YAHQEAD0AEAV?$argument_list@D@?A0x5f5c8891@@@Z 000000018001a09c     libucrt:argv_wildcards.obj
 0002:000090bc       $unwind$__acrt_GetModuleFileNameA 000000018001a0bc     libucrt:getmodulefilenamea.obj
 0002:000090d8       $unwind$__dcrt_write_console 000000018001a0d8     libucrt:initcon.obj
 0002:000090d8       $unwind$??$__acrt_convert_wcs_mbs_cp@_WDV<lambda_f788ae46380686e8b737efdd8c720d07>@@U__crt_win32_buffer_no_resizing@@@@YAHQEB_WAEAV?$__crt_win32_buffer@DU__crt_win32_buffer_no_resizing@@@@AEBV<lambda_f788ae46380686e8b737efdd8c720d07>@@I@Z 000000018001a0d8     libucrt:getmodulefilenamea.obj
 0002:000090ec       $unwind$_setmbcp_nolock    000000018001a0ec     libucrt:mbctype.obj
 0002:0000910c       $unwind$__dcrt_lowio_ensure_console_output_initialized 000000018001a10c     libucrt:initcon.obj
 0002:0000910c       $unwind$?__mbrtowc_utf8@__crt_mbstring@@YA_KPEA_WPEBD_KPEAU_Mbstatet@@AEAV__crt_cached_ptd_host@@@Z 000000018001a10c     libucrt:mbrtowc.obj
 0002:0000910c       $unwind$?getSystemCP@@YAHH@Z 000000018001a10c     libucrt:mbctype.obj
 0002:00009114       $unwind$?update_thread_multibyte_data_internal@@YAPEAU__crt_multibyte_data@@QEAU__acrt_ptd@@QEAPEAU1@@Z 000000018001a114     libucrt:mbctype.obj
 0002:0000913c       $unwind$?setmbcp_internal@@YAHH_NQEAU__acrt_ptd@@QEAPEAU__crt_multibyte_data@@@Z 000000018001a13c     libucrt:mbctype.obj
 0002:00009154       $unwind$?setSBUpLow@@YAXPEAU__crt_multibyte_data@@@Z 000000018001a154     libucrt:mbctype.obj
 0002:00009170       $unwind$??$?RV<lambda_efdfa57d1f175319df784efa44bb7b81>@@AEAV<lambda_5f0a4c1567f8adc6734073e5d1e1b35c>@@V<lambda_2e8a7d3640ea6ccb4c2413664c2db6fd>@@@?$__crt_seh_guarded_call@X@@QEAAX$$QEAV<lambda_efdfa57d1f175319df784efa44bb7b81>@@AEAV<lambda_5f0a4c1567f8adc6734073e5d1e1b35c>@@$$QEAV<lambda_2e8a7d3640ea6ccb4c2413664c2db6fd>@@@Z 000000018001a170     libucrt:mbctype.obj
 0002:00009194       $unwind$?x_ismbbtype_l@@YAHPEAU__crt_locale_pointers@@IHH@Z 000000018001a194     libucrt:ismbbyte.obj
 0002:000091a4       $unwind$__acrt_WideCharToMultiByte 000000018001a1a4     libucrt:widechartomultibyte.obj
 0002:000091b0       $unwind$_recalloc_base     000000018001a1b0     libucrt:recalloc.obj
 0002:000091c4       $unwind$__acrt_LCMapStringEx 000000018001a1c4     libucrt:winapi_thunks.obj
 0002:000091d8       $unwind$?try_get_function_slow@@YAPEAXW4function_id@?A0x391cf84c@@QEBDQEBW4module_id@2@2@Z 000000018001a1d8     libucrt:winapi_thunks.obj
 0002:000091f4       $unwind$__acrt_initialize_heap 000000018001a1f4     libucrt:heap_handle.obj
 0002:000091fc       $unwind$__acrt_initialize_lowio 000000018001a1fc     libucrt:ioinit.obj
 0002:0000921c       $unwind$?initialize_inherited_file_handles_nolock@@YAXXZ 000000018001a21c     libucrt:ioinit.obj
 0002:00009238       $unwind$?initialize_stdio_handles_nolock@@YAXXZ 000000018001a238     libucrt:ioinit.obj
 0002:00009238       $unwind$__acrt_initialize_stdio 000000018001a238     libucrt:_file.obj
 0002:00009238       $unwind$__GSHandlerCheck_EH 000000018001a238     LIBCMT:gshandlereh.obj
 0002:00009250       $unwind$__acrt_uninitialize_locale 000000018001a250     libucrt:wsetlocale.obj
 0002:00009250       $unwind$__acrt_get_sigabrt_handler 000000018001a250     libucrt:signal.obj
 0002:00009258       $unwind$raise              000000018001a258     libucrt:signal.obj
 0002:00009298       $unwind$??$?RV<lambda_450d765d439847d4c735a33c368b5fc0>@@AEAV<lambda_44731a7d0e6d81c3e6aa82d741081786>@@V<lambda_601a2a7da3b7a96e9554ac7215c4b07c>@@@?$__crt_seh_guarded_call@P6AXH@Z@@QEAAP6AXH@Z$$QEAV<lambda_450d765d439847d4c735a33c368b5fc0>@@AEAV<lambda_44731a7d0e6d81c3e6aa82d741081786>@@$$QEAV<lambda_601a2a7da3b7a96e9554ac7215c4b07c>@@@Z 000000018001a298     libucrt:signal.obj
 0002:000092bc       $unwind$fclose             000000018001a2bc     libucrt:fclose.obj
 0002:000092bc       $unwind$_fflush_nolock     000000018001a2bc     libucrt:fflush.obj
 0002:000092cc       $unwind$?common_flush_all@@YAH_N@Z 000000018001a2cc     libucrt:fflush.obj
 0002:000092d4       $unwind$??$?RV<lambda_842d9ff0dc9ef11c61343bbaebe7f885>@@AEAV<lambda_c5860995281e5c4ce005b3de8f5874ee>@@V<lambda_d90129c13df834fdcbf8d2b88dafcf2d>@@@?$__crt_seh_guarded_call@X@@QEAAX$$QEAV<lambda_842d9ff0dc9ef11c61343bbaebe7f885>@@AEAV<lambda_c5860995281e5c4ce005b3de8f5874ee>@@$$QEAV<lambda_d90129c13df834fdcbf8d2b88dafcf2d>@@@Z 000000018001a2d4     libucrt:fflush.obj
 0002:000092f8       $unwind$??$?RV<lambda_886d6c58226a84441f68b9f2b8217b83>@@AEAV<lambda_ab61a845afdef5b7c387490eaf3616ee>@@V<lambda_f7f22ab5edc0698d5f6905b0d3f44752>@@@?$__crt_seh_guarded_call@X@@QEAAX$$QEAV<lambda_886d6c58226a84441f68b9f2b8217b83>@@AEAV<lambda_ab61a845afdef5b7c387490eaf3616ee>@@$$QEAV<lambda_f7f22ab5edc0698d5f6905b0d3f44752>@@@Z 000000018001a2f8     libucrt:fflush.obj
 0002:00009320       $unwind$?__mbrtoc32_utf8@__crt_mbstring@@YA_KPEA_UPEBD_KPEAU_Mbstatet@@AEAV__crt_cached_ptd_host@@@Z 000000018001a320     libucrt:mbrtoc32.obj
 0002:0000933c       $unwind$?__mbsrtowcs_utf8@__crt_mbstring@@YA_KPEA_WPEAPEBD_KPEAU_Mbstatet@@AEAV__crt_cached_ptd_host@@@Z 000000018001a33c     libucrt:mbrtowc.obj
 0002:00009358       $unwind$??$?RV<lambda_410d79af7f07d98d83a3f525b3859a53>@@AEAV<lambda_3e16ef9562a7dcce91392c22ab16ea36>@@V<lambda_38119f0e861e05405d8a144b9b982f0a>@@@?$__crt_seh_guarded_call@X@@QEAAX$$QEAV<lambda_410d79af7f07d98d83a3f525b3859a53>@@AEAV<lambda_3e16ef9562a7dcce91392c22ab16ea36>@@$$QEAV<lambda_38119f0e861e05405d8a144b9b982f0a>@@@Z 000000018001a358     libucrt:wsetlocale.obj
 0002:00009380       $unwind$_set_new_mode      000000018001a380     libucrt:new_mode.obj
 0002:00009388       $unwind$__acrt_update_thread_locale_data 000000018001a388     libucrt:locale_refcounting.obj
 0002:000093ac       $unwind$qsort              000000018001a3ac     libucrt:qsort.obj
 0002:000093c4       $chain$3$qsort             000000018001a3c4     libucrt:qsort.obj
 0002:000093e4       $chain$4$qsort             000000018001a3e4     libucrt:qsort.obj
 0002:000093f4       $unwind$strpbrk            000000018001a3f4     libucrt:strpbrk.obj
 0002:00009404       $unwind$fallbackMethod     000000018001a404     libucrt:strpbrk.obj
 0002:00009414       $unwind$_mbsdec_l          000000018001a414     libucrt:mbsdec.obj
 0002:00009420       $unwind$__acrt_GetStringTypeA 000000018001a420     libucrt:getstringtypea.obj
 0002:00009448       $unwind$__acrt_LCMapStringA 000000018001a448     libucrt:lcmapstringa.obj
 0002:00009458       $unwind$?__acrt_LCMapStringA_stat@@YAHPEAU__crt_locale_pointers@@PEB_WKPEBDHPEADHHH@Z 000000018001a458     libucrt:lcmapstringa.obj
 0002:00009480       $unwind$_msize_base        000000018001a480     libucrt:msize.obj
 0002:00009488       $unwind$_realloc_base      000000018001a488     libucrt:realloc_base.obj
 0002:00009494       $unwind$_free_osfhnd       000000018001a494     libucrt:osfinfo.obj
 0002:000094a8       $unwind$__acrt_lowio_destroy_handle_array 000000018001a4a8     libucrt:osfinfo.obj
 0002:000094b8       $unwind$__acrt_lowio_ensure_fh_exists 000000018001a4b8     libucrt:osfinfo.obj
 0002:000094e4       $unwind$_commit            000000018001a4e4     libucrt:commit.obj
 0002:000094ec       $unwind$??$?RV<lambda_a37b2b86f63e897a80ea819b0eb08c01>@@AEAV<lambda_38ce7e780aa69e748d6df282ebc68efe>@@V<lambda_99fb1378e971ab6e7edea83e3a7a83a2>@@@?$__crt_seh_guarded_call@H@@QEAAH$$QEAV<lambda_a37b2b86f63e897a80ea819b0eb08c01>@@AEAV<lambda_38ce7e780aa69e748d6df282ebc68efe>@@$$QEAV<lambda_99fb1378e971ab6e7edea83e3a7a83a2>@@@Z 000000018001a4ec     libucrt:commit.obj
 0002:00009510       $unwind$_write_nolock      000000018001a510     libucrt:write.obj
 0002:00009528       $unwind$_write_internal    000000018001a528     libucrt:write.obj
 0002:00009554       $unwind$?write_double_translated_ansi_nolock@@YA?AUwrite_result@?A0x17268360@@HQEBDIAEAV__crt_cached_ptd_host@@@Z 000000018001a554     libucrt:write.obj
 0002:00009580       $ip2state$?write_double_translated_ansi_nolock@@YA?AUwrite_result@?A0x17268360@@HQEBDIAEAV__crt_cached_ptd_host@@@Z 000000018001a580     libucrt:write.obj
 0002:00009588       $unwind$?write_text_ansi_nolock@@YA?AUwrite_result@?A0x17268360@@HQEBDI@Z 000000018001a588     libucrt:write.obj
 0002:00009588       $unwind$?write_text_utf16le_nolock@@YA?AUwrite_result@?A0x17268360@@HQEBDI@Z 000000018001a588     libucrt:write.obj
 0002:000095a8       $unwind$?write_text_utf8_nolock@@YA?AUwrite_result@?A0x17268360@@HQEBDI@Z 000000018001a5a8     libucrt:write.obj
 0002:000095cc       $unwind$_fcloseall         000000018001a5cc     libucrt:closeall.obj
 0002:000095f0       $unwind$__acrt_locale_free_monetary 000000018001a5f0     libucrt:initmon.obj
 0002:000095f8       $unwind$__acrt_locale_free_time 000000018001a5f8     libucrt:inittime.obj
 0002:00009608       $unwind$_guard_check_icall 000000018001a608     libucrt:checkcfg.obj
 0002:00009614       $unwind$_putwch_nolock     000000018001a614     libucrt:putwch.obj
 0002:0000961c       $unwind$?_fclose_nolock_internal@@YAHQEAU_iobuf@@AEAV__crt_cached_ptd_host@@@Z 000000018001a61c     libucrt:fclose.obj
 0002:0000962c       $unwind$?_fclose_internal@@YAHQEAU_iobuf@@AEAV__crt_cached_ptd_host@@@Z 000000018001a62c     libucrt:fclose.obj
 0002:00009650       $unwind$_close_internal    000000018001a650     libucrt:close.obj
 0002:00009658       $unwind$??$?RV<lambda_ad8af0d99a0adf03d037d7dffe354bb5>@@AEAV<lambda_c9ba49e555ba839a7b07aa3fbecb7617>@@V<lambda_2f1ebd5d68526518146ae959c9e734c8>@@@?$__crt_seh_guarded_call@H@@QEAAH$$QEAV<lambda_ad8af0d99a0adf03d037d7dffe354bb5>@@AEAV<lambda_c9ba49e555ba839a7b07aa3fbecb7617>@@$$QEAV<lambda_2f1ebd5d68526518146ae959c9e734c8>@@@Z 000000018001a658     libucrt:close.obj
 0002:0000967c       $unwind$_exception_enabled 000000018001a67c     libucrt:libm_error.obj
 0002:00009690       $chain$0$_exception_enabled 000000018001a690     libucrt:libm_error.obj
 0002:000096a4       $chain$1$_exception_enabled 000000018001a6a4     libucrt:libm_error.obj
 0002:000096b4       $unwind$_handle_errorf     000000018001a6b4     libucrt:libm_error.obj
 0002:000096d0       $unwind$__acrt_initialize_fma3 000000018001a6d0     libucrt:fma3_available.obj
 0002:000096d8       $unwind$_ctrlfp            000000018001a6d8     libucrt:fpctrl.obj
 0002:000096f8       $unwind$_raise_exc_ex      000000018001a6f8     libucrt:fpexcept.obj
 0002:0000970c       $unwind$_IsNonwritableInCurrentImage 000000018001a70c     LIBCMT:pesect.obj
 0002:00009730       $xdatasym                  000000018001a730     LIBCMT:chkstk.obj
 0002:00009738       $unwind$sqrtf              000000018001a738     libucrt:sqrtf.obj
 0002:00009920       .edata                     000000018001a920     JYT.exp
 0002:00009948       rgpv                       000000018001a948     JYT.exp
 0002:0000994c       rgszName                   000000018001a94c     JYT.exp
 0002:00009950       rgwOrd                     000000018001a950     JYT.exp
 0002:00009952       szName                     000000018001a952     JYT.exp
 0002:0000995a       $N00001                    000000018001a95a     JYT.exp
 0002:00009ece       .idata$6                   000000018001aece     kernel32:KERNEL32.dll
 0002:00009f30       .idata$6                   000000018001af30     user32:USER32.dll
 0002:00009f4e       .idata$6                   000000018001af4e     d3d9:d3d9.dll
 0002:00009f6a       .idata$6                   000000018001af6a     d3dx9:d3dx9_43.dll
 0002:00009f86       .idata$6                   000000018001af86     winmm:WINMM.dll
 0003:000000b0       ?__vcrt_flsindex@@3KA      000000018001c0b0     libvcruntime:per_thread_data.obj
 0003:000000d0       ?__acrt_flsindex@@3KA      000000018001c0d0     libucrt:per_thread_data.obj
 0003:000000d4       ?errno_no_memory@@3HA      000000018001c0d4     libucrt:errno.obj
 0003:000000d8       ?doserrno_no_memory@@3KA   000000018001c0d8     libucrt:errno.obj
 0003:00000310       _mbctypes                  000000018001c310     libucrt:mbctype.obj
 0003:00000420       _mbcasemaps                000000018001c420     libucrt:mbctype.obj
 0003:00000520       ?__rgctypeflag@@3PADA      000000018001c520     libucrt:mbctype.obj
 0003:00000530       ?__rgcode_page_info@@3PAUcode_page_info@@A 000000018001c530     libucrt:mbctype.obj
 0003:00000a40       ?__dcrt_lowio_console_output_handle@@3PEAXEA 000000018001ca40     libucrt:initcon.obj
 0003:00000a50       ?dazSupported@?1??_ctrlfp@@9@9 000000018001ca50     libucrt:fpctrl.obj
 0003:00000da0       ?is_initialized_as_dll@@3_NA 000000018001cda0     LIBCMT:utility.obj
 0003:00000da1       ?module_local_atexit_table_initialized@@3_NA 000000018001cda1     LIBCMT:utility.obj
 0003:00000da8       ?module_local_atexit_table@@3U_onexit_table_t@@A 000000018001cda8     LIBCMT:utility.obj
 0003:00000dc0       ?module_local_at_quick_exit_table@@3U_onexit_table_t@@A 000000018001cdc0     LIBCMT:utility.obj
 0003:00000dd8       ?__proc_attached@@3HA      000000018001cdd8     LIBCMT:dll_dllmain.obj
 0003:00000e20       ?__vcrt_startup_thread_ptd@@3U__vcrt_ptd@@A 000000018001ce20     libvcruntime:per_thread_data.obj
 0003:00000ea0       __vcrt_lock_table          000000018001cea0     libvcruntime:locks.obj
 0003:00000ec8       __vcrt_locks_initialized   000000018001cec8     libvcruntime:locks.obj
 0003:00000ed8       ?__acrt_new_handler@@3V?$dual_state_global@P6AH_K@Z@__crt_state_management@@A 000000018001ced8     libucrt:new_handler.obj
 0003:00000ee0       ?c_termination_complete@@3JA 000000018001cee0     libucrt:exit.obj
 0003:00000ee8       ?thread_local_exit_callback_func@@3P6AXPEAXK0@ZEA 000000018001cee8     libucrt:exit.obj
 0003:00000ef0       ?c_exit_complete@?1???R<lambda_6e4b09c48022b2350581041d5f6b0c4c>@@QEBA@XZ@4_NA 000000018001cef0     libucrt:exit.obj
 0003:00000f00       ?program_name@?1???$common_configure_argv@D@@YAHW4_crt_argv_mode@@@Z@4PADA 000000018001cf00     libucrt:argv_parsing.obj
 0003:00001060       ?__acrt_lock_table@@3PAU_RTL_CRITICAL_SECTION@@A 000000018001d060     libucrt:locks.obj
 0003:000012b8       ?__acrt_locks_initialized@@3IA 000000018001d2b8     libucrt:locks.obj
 0003:000012c0       ?__acrt_invalid_parameter_handler@@3V?$dual_state_global@P6AXPEB_W00I_K@Z@__crt_state_management@@A 000000018001d2c0     libucrt:invalid_parameter.obj
 0003:000012e0       ?fSystemSet@@3HA           000000018001d2e0     libucrt:mbctype.obj
 0003:000012e4       ?initialized@?1??__acrt_initialize_multibyte@@9@4_NA 000000018001d2e4     libucrt:mbctype.obj
 0003:00001320       ?module_handles@@3PAPEAUHINSTANCE__@@A 000000018001d320     libucrt:winapi_thunks.obj
 0003:000017e8       ?ctrlc_action@@3V?$dual_state_global@P6AXH@Z@__crt_state_management@@A 000000018001d7e8     libucrt:signal.obj
 0003:000017f0       ?ctrlbreak_action@@3V?$dual_state_global@P6AXH@Z@__crt_state_management@@A 000000018001d7f0     libucrt:signal.obj
 0003:000017f8       ?abort_action@@3V?$dual_state_global@P6AXH@Z@__crt_state_management@@A 000000018001d7f8     libucrt:signal.obj
 0003:00001800       ?term_action@@3V?$dual_state_global@P6AXH@Z@__crt_state_management@@A 000000018001d800     libucrt:signal.obj
 0003:00001808       ?user_matherr@@3V?$dual_state_global@P6AHPEAU_exception@@@Z@__crt_state_management@@A 000000018001d808     libucrt:matherr.obj
 0003:00001838       ?internal_state@?1??_mbtowc_internal@@9@4U_Mbstatet@@A 000000018001d838     libucrt:mbtowc.obj
 0003:00001840       ?internal_pst@?1??__mbrtoc32_utf8@__crt_mbstring@@YA_KPEA_UPEBD_KPEAU_Mbstatet@@AEAV__crt_cached_ptd_host@@@Z@4U3@A 000000018001d840     libucrt:mbrtoc32.obj
 0003:0000184c       ?__acrt_global_new_mode@@3V?$dual_state_global@J@__crt_state_management@@A 000000018001d84c     libucrt:new_mode.obj
 0003:00001858       ?__acrt_app_type@@3W4_crt_app_type@@A 000000018001d858     libucrt:report_runtime_error.obj
 0003:000018c8       ?aimbot@@3_NA              000000018001d8c8     main.obj
 0005:00000000       ?function_pointers@@3PAPEAXA 0000000180020000     libucrt:winapi_thunks.obj
 0006:00000060       $R000000                   0000000180021060     * linker generated manifest res *
