 NekosifyD3D

 Timestamp is 69575547 (Fri Jan  2 13:19:03 2026)

 Preferred load address is 0000000180000000

 Start         Length     Name                   Class
 0001:00000000 00000020H .text$di                CODE
 0001:00000020 0000f970H .text$mn                CODE
 0001:0000f990 00000060H .text$mn$00             CODE
 0001:0000f9f0 00000b10H .text$mn$21             CODE
 0001:00010500 000004b0H .text$x                 CODE
 0001:000109b0 00000073H .text$yd                CODE
 0002:00000000 00000318H .idata$5                DATA
 0002:00000318 00000038H .00cfg                  DATA
 0002:00000350 00000008H .CRT$XCA                DATA
 0002:00000358 00000010H .CRT$XCU                DATA
 0002:00000368 00000008H .CRT$XCZ                DATA
 0002:00000370 00000008H .CRT$XIA                DATA
 0002:00000378 00000018H .CRT$XIC                DATA
 0002:00000390 00000008H .CRT$XIZ                DATA
 0002:00000398 00000008H .CRT$XPA                DATA
 0002:000003a0 00000010H .CRT$XPX                DATA
 0002:000003b0 00000008H .CRT$XPXA               DATA
 0002:000003b8 00000008H .CRT$XPZ                DATA
 0002:000003c0 00000008H .CRT$XTA                DATA
 0002:000003c8 00000008H .CRT$XTZ                DATA
 0002:000003d0 00000000H .gehcont$y              DATA
 0002:000003d0 00000000H .gfids$y                DATA
 0002:000003d0 00007ce0H .rdata                  DATA
 0002:000080b0 000001d0H .rdata$00               DATA
 0002:00008280 00000000H .rdata$CastGuardVftablesA DATA
 0002:00008280 00000000H .rdata$CastGuardVftablesC DATA
 0002:00008280 0000037cH .rdata$r                DATA
 0002:000085fc 000000c8H .rdata$voltmd           DATA
 0002:000086c4 00000424H .rdata$zzzdbg           DATA
 0002:00008ae8 00000008H .rtc$IAA                DATA
 0002:00008af0 00000008H .rtc$IZZ                DATA
 0002:00008af8 00000008H .rtc$TAA                DATA
 0002:00008b00 00000008H .rtc$TZZ                DATA
 0002:00008b08 00001248H .xdata                  DATA
 0002:00009d50 000001e0H .xdata$x                DATA
 0002:00009f30 0000004cH .edata                  DATA
 0002:00009f7c 00000064H .idata$2                DATA
 0002:00009fe0 00000018H .idata$3                DATA
 0002:00009ff8 00000318H .idata$4                DATA
 0002:0000a310 000006f2H .idata$6                DATA
 0003:00000000 00000c80H .data                   DATA
 0003:00000c80 000000f8H .data$r                 DATA
 0003:00000d78 00000028H .data$rs                DATA
 0003:00000da0 00000b78H .bss                    DATA
 0004:00000000 0000126cH .pdata                  DATA
 0005:00000000 00000100H .fptable                DATA
 0006:00000000 00000060H .rsrc$01                DATA
 0006:00000060 00000180H .rsrc$02                DATA

  Address         Publics by Value              Rva+Base               Lib:Object

 0000:00000000       __AbsoluteZero             0000000000000000     <absolute>
 0000:00000000       ___safe_se_handler_count   0000000000000000     <absolute>
 0000:00000000       ___safe_se_handler_table   0000000000000000     <absolute>
 0000:00000000       __arm64x_extra_rfe_table   0000000000000000     <absolute>
 0000:00000000       __arm64x_extra_rfe_table_size 0000000000000000     <absolute>
 0000:00000000       __arm64x_native_entrypoint 0000000000000000     <absolute>
 0000:00000000       __arm64x_redirection_metadata 0000000000000000     <absolute>
 0000:00000000       __arm64x_redirection_metadata_count 0000000000000000     <absolute>
 0000:00000000       __dynamic_value_reloc_table 0000000000000000     <absolute>
 0000:00000000       __enclave_config           0000000000000000     <absolute>
 0000:00000000       __guard_check_icall_a64n_fptr 0000000000000000     <absolute>
 0000:00000000       __guard_eh_cont_count      0000000000000000     <absolute>
 0000:00000000       __guard_eh_cont_table      0000000000000000     <absolute>
 0000:00000000       __guard_fids_count         0000000000000000     <absolute>
 0000:00000000       __guard_fids_table         0000000000000000     <absolute>
 0000:00000000       __guard_iat_count          0000000000000000     <absolute>
 0000:00000000       __guard_iat_table          0000000000000000     <absolute>
 0000:00000000       __guard_longjmp_count      0000000000000000     <absolute>
 0000:00000000       __guard_longjmp_table      0000000000000000     <absolute>
 0000:00000000       __hybrid_auxiliary_delayload_iat 0000000000000000     <absolute>
 0000:00000000       __hybrid_auxiliary_delayload_iat_copy 0000000000000000     <absolute>
 0000:00000000       __hybrid_auxiliary_iat     0000000000000000     <absolute>
 0000:00000000       __hybrid_auxiliary_iat_copy 0000000000000000     <absolute>
 0000:00000000       __hybrid_code_map          0000000000000000     <absolute>
 0000:00000000       __hybrid_code_map_count    0000000000000000     <absolute>
 0000:00000000       __hybrid_image_info_bitfield 0000000000000000     <absolute>
 0000:00000000       __x64_code_ranges_to_entry_points 0000000000000000     <absolute>
 0000:00000000       __x64_code_ranges_to_entry_points_count 0000000000000000     <absolute>
 0000:00000100       __guard_flags              0000000000000100     <absolute>
 0000:00000000       __ImageBase                0000000180000000     <linker-defined>
 0001:00000020       ??0exception@std@@QEAA@AEBV01@@Z 0000000180001020 f i main.obj
 0001:00000060       ?what@exception@std@@UEBAPEBDXZ 0000000180001060 f i main.obj
 0001:00000080       ??_Ebad_alloc@std@@UEAAPEAXI@Z 0000000180001080 f i * CIL library *:* CIL module *
 0001:00000080       ??_Ebad_array_new_length@std@@UEAAPEAXI@Z 0000000180001080 f i * CIL library *:* CIL module *
 0001:00000080       ??_Ebad_exception@std@@UEAAPEAXI@Z 0000000180001080 f i libvcruntime:frame.obj
 0001:00000080       ??_Eexception@std@@UEAAPEAXI@Z 0000000180001080 f i * CIL library *:* CIL module *
 0001:00000080       ??_Elength_error@std@@UEAAPEAXI@Z 0000000180001080 f i libcpmt:xthrow.obj
 0001:00000080       ??_Elogic_error@std@@UEAAPEAXI@Z 0000000180001080 f i libcpmt:xthrow.obj
 0001:00000080       ??_Gbad_alloc@std@@UEAAPEAXI@Z 0000000180001080 f i main.obj
 0001:00000080       ??_Gbad_array_new_length@std@@UEAAPEAXI@Z 0000000180001080 f i main.obj
 0001:00000080       ??_Gbad_exception@std@@UEAAPEAXI@Z 0000000180001080 f i libvcruntime:frame.obj
 0001:00000080       ??_Gexception@std@@UEAAPEAXI@Z 0000000180001080 f i main.obj
 0001:00000080       ??_Glength_error@std@@UEAAPEAXI@Z 0000000180001080 f i libcpmt:xthrow.obj
 0001:00000080       ??_Glogic_error@std@@UEAAPEAXI@Z 0000000180001080 f i libcpmt:xthrow.obj
 0001:000000d0       ??1bad_alloc@std@@UEAA@XZ  00000001800010d0 f i main.obj
 0001:000000d0       ??1bad_array_new_length@std@@UEAA@XZ 00000001800010d0 f i main.obj
 0001:000000d0       ??1bad_exception@std@@UEAA@XZ 00000001800010d0 f i libvcruntime:frame.obj
 0001:000000d0       ??1length_error@std@@UEAA@XZ 00000001800010d0 f i libcpmt:xthrow.obj
 0001:000000f0       ??0bad_array_new_length@std@@QEAA@XZ 00000001800010f0 f i main.obj
 0001:00000120       ?_Throw_bad_array_new_length@std@@YAXXZ 0000000180001120 f i main.obj
 0001:00000120       ?__scrt_throw_std_bad_array_new_length@@YAXXZ 0000000180001120 f i LIBCMT:throw_bad_alloc.obj
 0001:00000140       ??0bad_array_new_length@std@@QEAA@AEBV01@@Z 0000000180001140 f i main.obj
 0001:00000180       ??0bad_alloc@std@@QEAA@AEBV01@@Z 0000000180001180 f i main.obj
 0001:000001c0       ?Present_hook@@YAJPEAUIDirect3DDevice9@@PEBUtagRECT@@1PEAUHWND__@@PEBU_RGNDATA@@I@Z 00000001800011c0 f   main.obj
 0001:00000610       ?DrawIndexedPrimitive_hook@@YAJPEAUIDirect3DDevice9@@W4_D3DPRIMITIVETYPE@@HIIII@Z 0000000180001610 f   main.obj
 0001:00000970       ?THR@@YAKPEAX@Z            0000000180001970 f   main.obj
 0001:00000c20       NextHook                   0000000180001c20 f   main.obj
 0001:00000c40       DllMain                    0000000180001c40 f   main.obj
 0001:00000c80       ??$_Emplace_reallocate@AEBQEAUModelInfo_t@@@?$vector@PEAUModelInfo_t@@V?$allocator@PEAUModelInfo_t@@@std@@@std@@AEAAPEAPEAUModelInfo_t@@QEAPEAU2@AEBQEAU2@@Z 0000000180001c80 f i main.obj
 0001:00000e40       ?_Xlength@?$vector@PEAUModelInfo_t@@V?$allocator@PEAUModelInfo_t@@@std@@@std@@CAXXZ 0000000180001e40 f i main.obj
 0001:000010d0       FreeBuffer                 00000001800020d0 f   buffer.obj
 0001:00001150       hde64_disasm               0000000180002150 f   hde64.obj
 0001:00001e70       MH_CreateHook              0000000180002e70 f   hook.obj
 0001:00002150       CreateTrampolineFunction   0000000180003150 f   trampoline.obj
 0001:00002574       ??0bad_alloc@std@@QEAA@XZ  0000000180003574 f i libcpmt:xthrow.obj
 0001:00002598       ??0length_error@std@@QEAA@AEBV01@@Z 0000000180003598 f i libcpmt:xthrow.obj
 0001:000025d4       ??0length_error@std@@QEAA@PEBD@Z 00000001800035d4 f i libcpmt:xthrow.obj
 0001:0000261c       ??0logic_error@std@@QEAA@AEBV01@@Z 000000018000361c f i libcpmt:xthrow.obj
 0001:00002658       ?_Xlength_error@std@@YAXPEBD@Z 0000000180003658 f   libcpmt:xthrow.obj
 0001:00002690       __security_check_cookie    0000000180003690 f   LIBCMT:amdsecgs.obj
 0001:000026b0       ??2@YAPEAX_K@Z             00000001800036b0 f   LIBCMT:new_scalar.obj
 0001:000026ec       __scrt_acquire_startup_lock 00000001800036ec f   LIBCMT:utility.obj
 0001:00002728       __scrt_dllmain_after_initialize_c 0000000180003728 f   LIBCMT:utility.obj
 0001:0000275c       __scrt_dllmain_before_initialize_c 000000018000375c f   LIBCMT:utility.obj
 0001:00002774       __scrt_dllmain_crt_thread_attach 0000000180003774 f   LIBCMT:utility.obj
 0001:0000279c       __scrt_dllmain_crt_thread_detach 000000018000379c f   LIBCMT:utility.obj
 0001:000027b4       __scrt_dllmain_exception_filter 00000001800037b4 f   LIBCMT:utility.obj
 0001:00002814       __scrt_dllmain_uninitialize_c 0000000180003814 f   LIBCMT:utility.obj
 0001:00002844       __scrt_dllmain_uninitialize_critical 0000000180003844 f   LIBCMT:utility.obj
 0001:00002858       __scrt_initialize_crt      0000000180003858 f   LIBCMT:utility.obj
 0001:00002894       __scrt_initialize_onexit_tables 0000000180003894 f   LIBCMT:utility.obj
 0001:00002920       __scrt_is_nonwritable_in_current_image 0000000180003920 f   LIBCMT:utility.obj
 0001:000029b8       __scrt_release_startup_lock 00000001800039b8 f   LIBCMT:utility.obj
 0001:000029dc       __scrt_uninitialize_crt    00000001800039dc f   LIBCMT:utility.obj
 0001:00002a08       _onexit                    0000000180003a08 f   LIBCMT:utility.obj
 0001:00002a44       atexit                     0000000180003a44 f   LIBCMT:utility.obj
 0001:00002a5c       ??3@YAXPEAX_K@Z            0000000180003a5c f   LIBCMT:delete_scalar_size.obj
 0001:00002a64       ??_Etype_info@@UEAAPEAXI@Z 0000000180003a64 f i LIBCMT:std_type_info_static.obj
 0001:00002a64       ??_Gtype_info@@UEAAPEAXI@Z 0000000180003a64 f i LIBCMT:std_type_info_static.obj
 0001:00002da4       _DllMainCRTStartup         0000000180003da4 f   LIBCMT:dll_dllmain.obj
 0001:00002de4       __report_gsfailure         0000000180003de4 f   LIBCMT:gs_report.obj
 0001:00002dec       ?__scrt_throw_std_bad_alloc@@YAXXZ 0000000180003dec f   LIBCMT:throw_bad_alloc.obj
 0001:00002e0c       __isa_available_init       0000000180003e0c f   LIBCMT:cpu_disp.obj
 0001:000030a8       _get_startup_argv_mode     00000001800040a8 f   LIBCMT:argv_mode.obj
 0001:000030b0       __scrt_is_ucrt_dll_in_use  00000001800040b0 f   LIBCMT:ucrt_detection.obj
 0001:000030bc       __crt_debugger_hook        00000001800040bc f   LIBCMT:utility_desktop.obj
 0001:000030c8       __scrt_fastfail            00000001800040c8 f   LIBCMT:utility_desktop.obj
 0001:000030d0       _guard_check_icall_nop     00000001800040d0 f i LIBCMT:guard_support.obj
 0001:000030d4       ??3@YAXPEAX@Z              00000001800040d4 f   LIBCMT:delete_scalar.obj
 0001:000030dc       __security_init_cookie     00000001800040dc f   LIBCMT:gs_support.obj
 0001:0000318c       ?__scrt_initialize_type_info@@YAXXZ 000000018000418c f   LIBCMT:tncleanup.obj
 0001:0000319c       ?__scrt_uninitialize_type_info@@YAXXZ 000000018000419c f   LIBCMT:tncleanup.obj
 0001:000031a8       __local_stdio_printf_options 00000001800041a8 f i LIBCMT:default_local_stdio_options.obj
 0001:000031b0       __local_stdio_scanf_options 00000001800041b0 f i LIBCMT:default_local_stdio_options.obj
 0001:000031b8       __scrt_initialize_default_local_stdio_options 00000001800041b8 f   LIBCMT:default_local_stdio_options.obj
 0001:000031d4       __scrt_get_dyn_tls_init_callback 00000001800041d4 f   LIBCMT:dyn_tls_init.obj
 0001:000031dc       _RTC_Initialize            00000001800041dc f   LIBCMT:initsect.obj
 0001:00003218       _RTC_Terminate             0000000180004218 f   LIBCMT:initsect.obj
 0001:00003260       ??$_CallSETranslator@V__FrameHandler3@@@@YAHPEAUEHExceptionRecord@@PEA_KPEAU_CONTEXT@@PEAU_xDISPATCHER_CONTEXT@@PEBU_s_FuncInfo@@K1H@Z 0000000180004260 f i libvcruntime:risctrnsctrl.obj
 0001:000032b4       ?CatchTryBlock@__FrameHandler3@@SAPEBU_s_TryBlockMapEntry@@PEBU_s_FuncInfo@@H@Z 00000001800042b4 f   libvcruntime:risctrnsctrl.obj
 0001:00003308       ?ExecutionInCatch@__FrameHandler3@@SA_NPEAU_xDISPATCHER_CONTEXT@@PEBU_s_FuncInfo@@@Z 0000000180004308 f   libvcruntime:risctrnsctrl.obj
 0001:00003334       ?FrameUnwindToEmptyState@__FrameHandler3@@SAXPEA_KPEAU_xDISPATCHER_CONTEXT@@PEBU_s_FuncInfo@@@Z 0000000180004334 f   libvcruntime:risctrnsctrl.obj
 0001:00003398       ?GetEstablisherFrame@__FrameHandler3@@SAPEA_KPEA_KPEAU_xDISPATCHER_CONTEXT@@PEBU_s_FuncInfo@@0@Z 0000000180004398 f   libvcruntime:risctrnsctrl.obj
 0001:00003478       ?GetRangeOfTrysToCheck@__FrameHandler3@@SA?AU?$pair@Viterator@TryBlockMap@__FrameHandler3@@V123@@std@@AEAVTryBlockMap@1@HPEAU_xDISPATCHER_CONTEXT@@PEBU_s_FuncInfo@@H@Z 0000000180004478 f   libvcruntime:risctrnsctrl.obj
 0001:000035b4       ?UnwindNestedFrames@__FrameHandler3@@SAXPEA_KPEAUEHExceptionRecord@@PEAU_CONTEXT@@0PEAXPEBU_s_FuncInfo@@HHPEBU_s_HandlerType@@PEAU_xDISPATCHER_CONTEXT@@E@Z 00000001800045b4 f   libvcruntime:risctrnsctrl.obj
 0001:000036b8       _CreateFrameInfo           00000001800046b8 f   libvcruntime:risctrnsctrl.obj
 0001:000036f4       _FindAndUnlinkFrame        00000001800046f4 f   libvcruntime:risctrnsctrl.obj
 0001:00003748       _GetImageBase              0000000180004748 f   libvcruntime:risctrnsctrl.obj
 0001:0000375c       _GetThrowImageBase         000000018000475c f   libvcruntime:risctrnsctrl.obj
 0001:00003770       _SetImageBase              0000000180004770 f   libvcruntime:risctrnsctrl.obj
 0001:00003788       _SetThrowImageBase         0000000180004788 f   libvcruntime:risctrnsctrl.obj
 0001:000037a0       __CxxFrameHandler3         00000001800047a0 f   libvcruntime:risctrnsctrl.obj
 0001:00003828       __std_exception_copy       0000000180004828 f   libvcruntime:std_exception.obj
 0001:000038b0       __std_exception_destroy    00000001800048b0 f   libvcruntime:std_exception.obj
 0001:000038d8       __DestructExceptionObject  00000001800048d8 f   libvcruntime:ehhelpers.obj
 0001:00003948       ?_CallMemberFunction0@@YAXQEAX0@Z 0000000180004948 f i libvcruntime:ehhelpers.obj
 0001:0000394c       _IsExceptionObjectToBeDestroyed 000000018000494c f   libvcruntime:ehhelpers.obj
 0001:0000397c       __AdjustPointer            000000018000497c f   libvcruntime:ehhelpers.obj
 0001:000039a4       __FrameUnwindFilter        00000001800049a4 f   libvcruntime:ehhelpers.obj
 0001:00003a0c       __std_terminate            0000000180004a0c f   libvcruntime:ehhelpers.obj
 0001:00003a18       _CxxThrowException         0000000180004a18 f   libvcruntime:throw.obj
 0001:00003ac0       __vcrt_initialize          0000000180004ac0 f   libvcruntime:initialization.obj
 0001:00003ae8       __vcrt_thread_attach       0000000180004ae8 f   libvcruntime:initialization.obj
 0001:00003afc       __vcrt_thread_detach       0000000180004afc f   libvcruntime:initialization.obj
 0001:00003b0c       __vcrt_uninitialize        0000000180004b0c f   libvcruntime:initialization.obj
 0001:00003b28       __vcrt_uninitialize_critical 0000000180004b28 f   libvcruntime:initialization.obj
 0001:00003b38       __C_specific_handler       0000000180004b38 f   libvcruntime:riscchandler.obj
 0001:00003d40       __std_type_info_compare    0000000180004d40 f   libvcruntime:std_type_info.obj
 0001:00003d68       __std_type_info_destroy_list 0000000180004d68 f   libvcruntime:std_type_info.obj
 0001:00003d94       __vcrt_freefls             0000000180004d94 f   libvcruntime:per_thread_data.obj
 0001:00003db4       __vcrt_freeptd_for_this_thread 0000000180004db4 f   libvcruntime:per_thread_data.obj
 0001:00003dfc       __vcrt_getptd              0000000180004dfc f   libvcruntime:per_thread_data.obj
 0001:00003e18       __vcrt_getptd_noexit       0000000180004e18 f   libvcruntime:per_thread_data.obj
 0001:00003ed8       __vcrt_initialize_ptd      0000000180004ed8 f   libvcruntime:per_thread_data.obj
 0001:00003f24       __vcrt_uninitialize_ptd    0000000180004f24 f   libvcruntime:per_thread_data.obj
 0001:00003f4c       ?GetCurrentState@__FrameHandler3@@SAHPEA_KPEAU_xDISPATCHER_CONTEXT@@PEBU_s_FuncInfo@@@Z 0000000180004f4c f   libvcruntime:ehstate.obj
 0001:00003f74       ?GetUnwindTryBlock@__FrameHandler3@@SAHPEA_KPEAU_xDISPATCHER_CONTEXT@@PEBU_s_FuncInfo@@@Z 0000000180004f74 f   libvcruntime:ehstate.obj
 0001:00003fa0       ?SetState@__FrameHandler3@@SAXPEA_KPEAU_xDISPATCHER_CONTEXT@@PEBU_s_FuncInfo@@H@Z 0000000180004fa0 f   libvcruntime:ehstate.obj
 0001:00003fac       ?SetUnwindTryBlock@__FrameHandler3@@SAXPEA_KPEAU_xDISPATCHER_CONTEXT@@PEBU_s_FuncInfo@@H@Z 0000000180004fac f   libvcruntime:ehstate.obj
 0001:00003fe8       ?StateFromControlPc@__FrameHandler3@@SAHPEBU_s_FuncInfo@@PEAU_xDISPATCHER_CONTEXT@@@Z 0000000180004fe8 f   libvcruntime:ehstate.obj
 0001:00003ff0       ?StateFromIp@__FrameHandler3@@SAHPEBU_s_FuncInfo@@PEAU_xDISPATCHER_CONTEXT@@_K@Z 0000000180004ff0 f   libvcruntime:ehstate.obj
 0001:00004ae0       ??$TypeMatchHelper@V__FrameHandler3@@@@YAHPEBU_s_HandlerType@@PEBU_s_CatchableType@@PEBU_s_ThrowInfo@@@Z 0000000180005ae0 f i libvcruntime:frame.obj
 0001:00004c10       ??$__InternalCxxFrameHandler@V__FrameHandler3@@@@YA?AW4_EXCEPTION_DISPOSITION@@PEAUEHExceptionRecord@@PEA_KPEAU_CONTEXT@@PEAU_xDISPATCHER_CONTEXT@@PEBU_s_FuncInfo@@H1E@Z 0000000180005c10 f i libvcruntime:frame.obj
 0001:00004e38       ??$__InternalCxxFrameHandlerWrapper@V__FrameHandler3@@@@YA?AW4_EXCEPTION_DISPOSITION@@PEAUEHExceptionRecord@@PEA_KPEAU_CONTEXT@@PEAU_xDISPATCHER_CONTEXT@@PEBU_s_FuncInfo@@H1E@Z 0000000180005e38 f i libvcruntime:frame.obj
 0001:00004e40       ??0bad_exception@std@@QEAA@AEBV01@@Z 0000000180005e40 f i libvcruntime:frame.obj
 0001:00004e7c       ??0bad_exception@std@@QEAA@XZ 0000000180005e7c f i libvcruntime:frame.obj
 0001:00004ea0       ?CxxCallCatchBlock@__FrameHandler3@@SAPEAXPEAU_EXCEPTION_RECORD@@@Z 0000000180005ea0 f   libvcruntime:frame.obj
 0001:00005134       ?FrameUnwindToState@__FrameHandler3@@SAXPEA_KPEAU_xDISPATCHER_CONTEXT@@PEBU_s_FuncInfo@@H@Z 0000000180006134 f   libvcruntime:frame.obj
 0001:000052d0       ?GetHandlerSearchState@__FrameHandler3@@SAHPEA_KPEAU_xDISPATCHER_CONTEXT@@PEBU_s_FuncInfo@@@Z 00000001800062d0 f i libvcruntime:frame.obj
 0001:000054d8       ?_CallMemberFunction1@@YAXQEAX00@Z 00000001800064d8 f i libvcruntime:frame.obj
 0001:000054e4       ?_CallMemberFunction2@@YAXQEAX00H@Z 00000001800064e4 f i libvcruntime:frame.obj
 0001:000054f4       __vcrt_initialize_locks    00000001800064f4 f   libvcruntime:locks.obj
 0001:0000553c       __vcrt_uninitialize_locks  000000018000653c f   libvcruntime:locks.obj
 0001:000055b0       _NLG_Notify                00000001800065b0 f   libvcruntime:notify.obj
 0001:000055d0       __NLG_Dispatch2            00000001800065d0 f   libvcruntime:notify.obj
 0001:000055e0       __NLG_Return2              00000001800065e0 f   libvcruntime:notify.obj
 0001:000055e4       __except_validate_context_record 00000001800065e4 f   libvcruntime:jbcxrval.obj
 0001:00005660       _CallSettingFrame          0000000180006660 f   libvcruntime:handlers.obj
 0001:000056a0       _callnewh                  00000001800066a0 f   libucrt:new_handler.obj
 0001:000056e0       __acrt_initialize_new_handler 00000001800066e0 f   libucrt:new_handler.obj
 0001:000056f0       _query_new_handler         00000001800066f0 f   libucrt:new_handler.obj
 0001:00005730       _set_new_handler           0000000180006730 f   libucrt:new_handler.obj
 0001:00005790       ?_set_new_handler@@YAP6AH_K@ZH@Z 0000000180006790 f   libucrt:new_handler.obj
 0001:000057a0       malloc                     00000001800067a0 f   libucrt:malloc.obj
 0001:000057a8       _seh_filter_dll            00000001800067a8 f   libucrt:exception_filter.obj
 0001:000057bc       _seh_filter_exe            00000001800067bc f   libucrt:exception_filter.obj
 0001:00005b98       __acrt_initialize_thread_local_exit_callback 0000000180006b98 f   libucrt:exit.obj
 0001:00005ba0       _cexit                     0000000180006ba0 f   libucrt:exit.obj
 0001:00005bb0       _exit                      0000000180006bb0 f   libucrt:exit.obj
 0001:00005bbc       _is_c_termination_complete 0000000180006bbc f   libucrt:exit.obj
 0001:00005d84       __acrt_allocate_buffer_for_argv 0000000180006d84 f   libucrt:argv_parsing.obj
 0001:00005de4       _configure_narrow_argv     0000000180006de4 f   libucrt:argv_parsing.obj
 0001:00006168       __dcrt_uninitialize_environments_nolock 0000000180007168 f   libucrt:environment_initialization.obj
 0001:000061ac       _initialize_narrow_environment 00000001800071ac f   libucrt:environment_initialization.obj
 0001:000064f4       _crt_atexit                00000001800074f4 f   libucrt:onexit.obj
 0001:00006504       _execute_onexit_table      0000000180007504 f   libucrt:onexit.obj
 0001:00006548       _initialize_onexit_table   0000000180007548 f   libucrt:onexit.obj
 0001:00006570       _register_onexit_function  0000000180007570 f   libucrt:onexit.obj
 0001:000065f0       __acrt_uninitialize_command_line 00000001800075f0 f   libucrt:argv_data.obj
 0001:000066e8       __acrt_initialize          00000001800076e8 f   libucrt:initialization.obj
 0001:000066fc       __acrt_thread_attach       00000001800076fc f   libucrt:initialization.obj
 0001:00006710       __acrt_thread_detach       0000000180007710 f   libucrt:initialization.obj
 0001:00006720       __acrt_uninitialize        0000000180007720 f   libucrt:initialization.obj
 0001:00006758       __acrt_uninitialize_critical 0000000180007758 f   libucrt:initialization.obj
 0001:00006768       _initterm                  0000000180007768 f   libucrt:initterm.obj
 0001:000067a0       _initterm_e                00000001800077a0 f   libucrt:initterm.obj
 0001:000067dc       terminate                  00000001800077dc f   libucrt:terminate.obj
 0001:00006800       free                       0000000180007800 f   libucrt:free.obj
 0001:00006808       abort                      0000000180007808 f   libucrt:abort.obj
 0001:00006860       strcpy_s                   0000000180007860 f   libucrt:strcpy_s.obj
 0001:000068e0       calloc                     00000001800078e0 f   libucrt:calloc.obj
 0001:000068f0       ?get_raw_ptd@__crt_cached_ptd_host@@QEAAPEAU__acrt_ptd@@XZ 00000001800078f0 f i libucrt:output.obj
 0001:00006960       ?update_locale_slow@__crt_cached_ptd_host@@AEAAXXZ 0000000180007960 f i libucrt:output.obj
 0001:000069e0       __acrt_initialize_locks    00000001800079e0 f   libucrt:locks.obj
 0001:00006a28       __acrt_lock                0000000180007a28 f   libucrt:locks.obj
 0001:00006a44       __acrt_uninitialize_locks  0000000180007a44 f   libucrt:locks.obj
 0001:00006a7c       __acrt_unlock              0000000180007a7c f   libucrt:locks.obj
 0001:00006aa0       _malloc_base               0000000180007aa0 f   libucrt:malloc_base.obj
 0001:00006e10       ?internal_get_ptd_head_slow@@YAPEAU__acrt_ptd@@XZ 0000000180007e10 f   libucrt:per_thread_data.obj
 0001:00006f30       __acrt_freeptd             0000000180007f30 f   libucrt:per_thread_data.obj
 0001:00006f80       __acrt_getptd              0000000180007f80 f   libucrt:per_thread_data.obj
 0001:00006f9c       __acrt_getptd_head         0000000180007f9c f   libucrt:per_thread_data.obj
 0001:00006fe0       __acrt_getptd_noexit       0000000180007fe0 f   libucrt:per_thread_data.obj
 0001:00007070       __acrt_getptd_noexit_explicit 0000000180008070 f   libucrt:per_thread_data.obj
 0001:000070cc       __acrt_initialize_ptd      00000001800080cc f   libucrt:per_thread_data.obj
 0001:00007110       __acrt_uninitialize_ptd    0000000180008110 f   libucrt:per_thread_data.obj
 0001:00007134       __acrt_app_verifier_enabled 0000000180008134 f   libucrt:peb_access.obj
 0001:00007150       __acrt_is_secure_process   0000000180008150 f   libucrt:peb_access.obj
 0001:00007168       __acrt_get_process_end_policy 0000000180008168 f   libucrt:win_policies.obj
 0001:00007198       ?get_raw_ptd_noexit@__crt_cached_ptd_host@@QEAAPEAU__acrt_ptd@@XZ 0000000180008198 f i libucrt:invalid_parameter.obj
 0001:00007204       ?value@?$dual_state_global@P6AXPEB_W00I_K@Z@__crt_state_management@@QEAAAEAP6AXPEB_W00I_K@ZAEAV__crt_cached_ptd_host@@@Z 0000000180008204 f i libucrt:invalid_parameter.obj
 0001:00007250       __acrt_call_reportfault    0000000180008250 f   libucrt:invalid_parameter.obj
 0001:000073c0       __acrt_initialize_invalid_parameter_handler 00000001800083c0 f   libucrt:invalid_parameter.obj
 0001:000073c8       _invalid_parameter         00000001800083c8 f   libucrt:invalid_parameter.obj
 0001:00007464       _invalid_parameter_internal 0000000180008464 f   libucrt:invalid_parameter.obj
 0001:0000751c       _invalid_parameter_noinfo  000000018000851c f   libucrt:invalid_parameter.obj
 0001:0000753c       _invoke_watson             000000018000853c f   libucrt:invalid_parameter.obj
 0001:00007584       __acrt_errno_from_os_error 0000000180008584 f   libucrt:errno.obj
 0001:00007654       __acrt_errno_map_os_error  0000000180008654 f   libucrt:errno.obj
 0001:0000767c       __acrt_errno_map_os_error_ptd 000000018000867c f   libucrt:errno.obj
 0001:000076a0       __doserrno                 00000001800086a0 f   libucrt:errno.obj
 0001:000076c4       _errno                     00000001800086c4 f   libucrt:errno.obj
 0001:000076f0       _calloc_base               00000001800086f0 f   libucrt:calloc_base.obj
 0001:00007770       _free_base                 0000000180008770 f   libucrt:free_base.obj
 0001:000077dc       ??$__acrt_convert_wcs_mbs_cp@D_WV<lambda_7c9dea7b4ca7285d2cdb541a38da6275>@@U__crt_win32_buffer_internal_dynamic_resizing@@@@YAHQEBDAEAV?$__crt_win32_buffer@_WU__crt_win32_buffer_internal_dynamic_resizing@@@@AEBV<lambda_7c9dea7b4ca7285d2cdb541a38da6275>@@I@Z 00000001800087dc f i libucrt:argv_wildcards.obj
 0001:0000797c       ??$__acrt_convert_wcs_mbs_cp@_WDV<lambda_d8593a27d1aa8c02be35c86a17d324c4>@@U__crt_win32_buffer_internal_dynamic_resizing@@@@YAHQEB_WAEAV?$__crt_win32_buffer@DU__crt_win32_buffer_internal_dynamic_resizing@@@@AEBV<lambda_d8593a27d1aa8c02be35c86a17d324c4>@@I@Z 000000018000897c f i libucrt:argv_wildcards.obj
 0001:00008248       ??0_LocaleUpdate@@QEAA@QEAU__crt_locale_pointers@@@Z 0000000180009248 f i libucrt:argv_wildcards.obj
 0001:000082e4       __acrt_expand_narrow_argv_wildcards 00000001800092e4 f   libucrt:argv_wildcards.obj
 0001:000082ec       ??$__acrt_convert_wcs_mbs_cp@_WDV<lambda_f788ae46380686e8b737efdd8c720d07>@@U__crt_win32_buffer_no_resizing@@@@YAHQEB_WAEAV?$__crt_win32_buffer@DU__crt_win32_buffer_no_resizing@@@@AEBV<lambda_f788ae46380686e8b737efdd8c720d07>@@I@Z 00000001800092ec f i libucrt:getmodulefilenamea.obj
 0001:00008408       __acrt_GetModuleFileNameA  0000000180009408 f   libucrt:getmodulefilenamea.obj
 0001:00008d34       __acrt_initialize_multibyte 0000000180009d34 f   libucrt:mbctype.obj
 0001:00008d94       __acrt_update_thread_multibyte_data 0000000180009d94 f   libucrt:mbctype.obj
 0001:00008db0       _setmbcp_nolock            0000000180009db0 f   libucrt:mbctype.obj
 0001:000090ec       _ismbblead                 000000018000a0ec f   libucrt:ismbbyte.obj
 0001:00009100       __acrt_initialize_command_line 000000018000a100 f   libucrt:argv_data.obj
 0001:00009128       __acrt_MultiByteToWideChar 000000018000a128 f   libucrt:multibytetowidechar.obj
 0001:000091b8       __acrt_WideCharToMultiByte 000000018000a1b8 f   libucrt:widechartomultibyte.obj
 0001:00009298       __dcrt_get_narrow_environment_from_os 000000018000a298 f   libucrt:get_environment_from_os.obj
 0001:000093b0       _recalloc_base             000000018000a3b0 f   libucrt:recalloc.obj
 0001:00009450       _recalloc                  000000018000a450 f   libucrt:recalloc.obj
 0001:0000960c       __acrt_AppPolicyGetProcessTerminationMethodInternal 000000018000a60c f   libucrt:winapi_thunks.obj
 0001:00009668       __acrt_AreFileApisANSI     000000018000a668 f   libucrt:winapi_thunks.obj
 0001:000096b4       __acrt_FlsAlloc            000000018000a6b4 f   libucrt:winapi_thunks.obj
 0001:000096bc       __acrt_FlsFree             000000018000a6bc f   libucrt:winapi_thunks.obj
 0001:000096c4       __acrt_FlsGetValue         000000018000a6c4 f   libucrt:winapi_thunks.obj
 0001:000096cc       __acrt_FlsGetValue2        000000018000a6cc f   libucrt:winapi_thunks.obj
 0001:000096d8       __acrt_FlsSetValue         000000018000a6d8 f   libucrt:winapi_thunks.obj
 0001:000096e0       __acrt_InitializeCriticalSectionEx 000000018000a6e0 f   libucrt:winapi_thunks.obj
 0001:000096e8       __acrt_LCMapStringEx       000000018000a6e8 f   libucrt:winapi_thunks.obj
 0001:000097dc       __acrt_LocaleNameToLCID    000000018000a7dc f   libucrt:winapi_thunks.obj
 0001:00009840       __acrt_initialize_winapi_thunks 000000018000a840 f   libucrt:winapi_thunks.obj
 0001:00009870       __acrt_tls2_supported      000000018000a870 f   libucrt:winapi_thunks.obj
 0001:000098b4       __acrt_uninitialize_winapi_thunks 000000018000a8b4 f   libucrt:winapi_thunks.obj
 0001:00009900       _get_heap_handle           000000018000a900 f   libucrt:heap_handle.obj
 0001:00009910       __acrt_initialize_heap     000000018000a910 f   libucrt:heap_handle.obj
 0001:00009940       __acrt_uninitialize_heap   000000018000a940 f   libucrt:heap_handle.obj
 0001:00009960       __acrt_getheap             000000018000a960 f   libucrt:heap_handle.obj
 0001:00009b70       __acrt_initialize_lowio    000000018000ab70 f   libucrt:ioinit.obj
 0001:00009bac       __acrt_uninitialize_lowio  000000018000abac f   libucrt:ioinit.obj
 0001:00009bec       __acrt_execute_initializers 000000018000abec f   libucrt:shared_initialization.obj
 0001:00009c6c       __acrt_execute_uninitializers 000000018000ac6c f   libucrt:shared_initialization.obj
 0001:00009cf0       __acrt_get_sigabrt_handler 000000018000acf0 f   libucrt:signal.obj
 0001:00009d20       __acrt_initialize_signal_handlers 000000018000ad20 f   libucrt:signal.obj
 0001:00009d40       raise                      000000018000ad40 f   libucrt:signal.obj
 0001:00009fa0       __acrt_has_user_matherr    000000018000afa0 f   libucrt:matherr.obj
 0001:00009fc0       __acrt_initialize_user_matherr 000000018000afc0 f   libucrt:matherr.obj
 0001:00009fd0       __acrt_invoke_user_matherr 000000018000afd0 f   libucrt:matherr.obj
 0001:0000a1e0       __acrt_stdio_flush_nolock  000000018000b1e0 f   libucrt:fflush.obj
 0001:0000a26c       _fflush_nolock             000000018000b26c f   libucrt:fflush.obj
 0001:0000a340       _flushall                  000000018000b340 f   libucrt:fflush.obj
 0001:0000a348       __acrt_initialize_stdio    000000018000b348 f   libucrt:_file.obj
 0001:0000a468       __acrt_uninitialize_stdio  000000018000b468 f   libucrt:_file.obj
 0001:0000a4c4       _lock_file                 000000018000b4c4 f   libucrt:_file.obj
 0001:0000a4d0       _unlock_file               000000018000b4d0 f   libucrt:_file.obj
 0001:0000a4dc       __acrt_update_locale_info  000000018000b4dc f   libucrt:locale_update.obj
 0001:0000a510       __acrt_update_locale_info_explicit 000000018000b510 f   libucrt:locale_update.obj
 0001:0000a548       __acrt_update_multibyte_info 000000018000b548 f   libucrt:locale_update.obj
 0001:0000a57c       __acrt_update_multibyte_info_explicit 000000018000b57c f   libucrt:locale_update.obj
 0001:0000a5b4       _mbtowc_internal           000000018000b5b4 f   libucrt:mbtowc.obj
 0001:0000a72c       ?__mblen_utf8@__crt_mbstring@@YAHPEBD@Z 000000018000b72c f   libucrt:mbrtoc32.obj
 0001:0000a764       ?__mbrtoc32_utf8@__crt_mbstring@@YA_KPEA_UPEBD_KPEAU_Mbstatet@@AEAV__crt_cached_ptd_host@@@Z 000000018000b764 f   libucrt:mbrtoc32.obj
 0001:0000a924       ?__mbrtowc_utf8@__crt_mbstring@@YA_KPEA_WPEBD_KPEAU_Mbstatet@@AEAV__crt_cached_ptd_host@@@Z 000000018000b924 f   libucrt:mbrtowc.obj
 0001:0000a96c       ?__mbsrtowcs_utf8@__crt_mbstring@@YA_KPEA_WPEAPEBD_KPEAU_Mbstatet@@AEAV__crt_cached_ptd_host@@@Z 000000018000b96c f   libucrt:mbrtowc.obj
 0001:0000ab24       _fileno                    000000018000bb24 f   libucrt:fileno.obj
 0001:0000abbc       __acrt_set_locale_changed  000000018000bbbc f   libucrt:wsetlocale.obj
 0001:0000abc8       __acrt_uninitialize_locale 000000018000bbc8 f   libucrt:wsetlocale.obj
 0001:0000ac00       _query_new_mode            000000018000bc00 f   libucrt:new_mode.obj
 0001:0000ac10       _set_new_mode              000000018000bc10 f   libucrt:new_mode.obj
 0001:0000ac3c       __acrt_add_locale_ref      000000018000bc3c f   libucrt:locale_refcounting.obj
 0001:0000acc8       __acrt_free_locale         000000018000bcc8 f   libucrt:locale_refcounting.obj
 0001:0000ae40       __acrt_locale_add_lc_time_reference 000000018000be40 f   libucrt:locale_refcounting.obj
 0001:0000ae68       __acrt_locale_free_lc_time_if_unreferenced 000000018000be68 f   libucrt:locale_refcounting.obj
 0001:0000aea0       __acrt_locale_release_lc_time_reference 000000018000bea0 f   libucrt:locale_refcounting.obj
 0001:0000aec8       __acrt_release_locale_ref  000000018000bec8 f   libucrt:locale_refcounting.obj
 0001:0000af70       __acrt_update_thread_locale_data 000000018000bf70 f   libucrt:locale_refcounting.obj
 0001:0000afe0       _updatetlocinfoEx_nolock   000000018000bfe0 f   libucrt:locale_refcounting.obj
 0001:0000b050       qsort                      000000018000c050 f   libucrt:qsort.obj
 0001:0000b3f0       strncpy_s                  000000018000c3f0 f   libucrt:strncpy_s.obj
 0001:0000b5c0       strpbrk                    000000018000c5c0 f   libucrt:strpbrk.obj
 0001:0000b978       _mbsdec                    000000018000c978 f   libucrt:mbsdec.obj
 0001:0000b980       _mbsdec_l                  000000018000c980 f   libucrt:mbsdec.obj
 0001:0000ba14       __acrt_GetStringTypeA      000000018000ca14 f   libucrt:getstringtypea.obj
 0001:0000bed8       __acrt_LCMapStringA        000000018000ced8 f   libucrt:lcmapstringa.obj
 0001:0000bf90       _msize_base                000000018000cf90 f   libucrt:msize.obj
 0001:0000bfd0       _msize                     000000018000cfd0 f   libucrt:msize.obj
 0001:0000bfe0       _realloc_base              000000018000cfe0 f   libucrt:realloc_base.obj
 0001:0000c060       wcsncmp                    000000018000d060 f   libucrt:wcsncmp.obj
 0001:0000c094       __acrt_DownlevelLocaleNameToLCID 000000018000d094 f   libucrt:lcidtoname_downlevel.obj
 0001:0000c13c       __acrt_lowio_create_handle_array 000000018000d13c f   libucrt:osfinfo.obj
 0001:0000c1e4       __acrt_lowio_destroy_handle_array 000000018000d1e4 f   libucrt:osfinfo.obj
 0001:0000c234       __acrt_lowio_ensure_fh_exists 000000018000d234 f   libucrt:osfinfo.obj
 0001:0000c2dc       __acrt_lowio_lock_fh       000000018000d2dc f   libucrt:osfinfo.obj
 0001:0000c304       __acrt_lowio_unlock_fh     000000018000d304 f   libucrt:osfinfo.obj
 0001:0000c32c       _free_osfhnd               000000018000d32c f   libucrt:osfinfo.obj
 0001:0000c3e8       _get_osfhandle             000000018000d3e8 f   libucrt:osfinfo.obj
 0001:0000c4ec       _commit                    000000018000d4ec f   libucrt:commit.obj
 0001:0000cdac       _write_internal            000000018000ddac f   libucrt:write.obj
 0001:0000cecc       _write_nolock              000000018000decc f   libucrt:write.obj
 0001:0000d1fc       _fcloseall                 000000018000e1fc f   libucrt:closeall.obj
 0001:0000d2b0       __acrt_stdio_free_buffer_nolock 000000018000e2b0 f   libucrt:_freebuf.obj
 0001:0000d2f4       _isatty                    000000018000e2f4 f   libucrt:isatty.obj
 0001:0000d354       ?reset_and_return@__crt_mbstring@@YA_K_KPEAU_Mbstatet@@@Z 000000018000e354 f   libucrt:common_utf8.obj
 0001:0000d35c       ?return_illegal_sequence@__crt_mbstring@@YA_KPEAU_Mbstatet@@AEAV__crt_cached_ptd_host@@@Z 000000018000e35c f   libucrt:common_utf8.obj
 0001:0000d370       __acrt_locale_free_monetary 000000018000e370 f   libucrt:initmon.obj
 0001:0000d47c       __acrt_locale_free_numeric 000000018000e47c f   libucrt:initnum.obj
 0001:0000d51c       __acrt_locale_free_time    000000018000e51c f   libucrt:inittime.obj
 0001:0000d624       _guard_check_icall         000000018000e624 f i libucrt:checkcfg.obj
 0001:0000d640       __strncnt                  000000018000e640 f   libucrt:strncnt.obj
 0001:0000d660       __ascii_wcsnicmp           000000018000e660 f   libucrt:wcsnicmp.obj
 0001:0000d6c8       _query_app_type            000000018000e6c8 f   libucrt:report_runtime_error.obj
 0001:0000d780       _lseeki64_nolock_internal  000000018000e780 f   libucrt:lseek.obj
 0001:0000d788       _putwch_nolock             000000018000e788 f   libucrt:putwch.obj
 0001:0000d8ec       fclose                     000000018000e8ec f   libucrt:fclose.obj
 0001:0000d990       __dcrt_lowio_ensure_console_output_initialized 000000018000e990 f   libucrt:initcon.obj
 0001:0000d9e4       __dcrt_terminate_console_output 000000018000e9e4 f   libucrt:initcon.obj
 0001:0000da00       __dcrt_write_console       000000018000ea00 f   libucrt:initcon.obj
 0001:0000db38       _close_internal            000000018000eb38 f   libucrt:close.obj
 0001:0000dbfc       _close_nolock_internal     000000018000ebfc f   libucrt:close.obj
 0001:0000dccc       ?__acrt_stdio_free_stream@@YAXV__crt_stdio_stream@@@Z 000000018000eccc f   libucrt:stream.obj
 0001:0000de00       _handle_errorf             000000018000ee00 f   libucrt:libm_error.obj
 0001:0000df40       _handle_nanf               000000018000ef40 f   libucrt:libm_error.obj
 0001:0000df50       __acrt_initialize_fma3     000000018000ef50 f   libucrt:fma3_available.obj
 0001:0000e010       _clrfp                     000000018000f010 f   libucrt:fpctrl.obj
 0001:0000e030       _ctrlfp                    000000018000f030 f   libucrt:fpctrl.obj
 0001:0000e0b0       _get_fpcsr                 000000018000f0b0 f   libucrt:fpctrl.obj
 0001:0000e0c0       _set_fpcsr                 000000018000f0c0 f   libucrt:fpctrl.obj
 0001:0000e0d0       _set_statfp                000000018000f0d0 f   libucrt:fpctrl.obj
 0001:0000e0f0       _statfp                    000000018000f0f0 f   libucrt:fpctrl.obj
 0001:0000e100       _raise_exc_ex              000000018000f100 f   libucrt:fpexcept.obj
 0001:0000e410       _raise_excf                000000018000f410 f   libucrt:fpexcept.obj
 0001:0000e440       _set_errno_from_matherr    000000018000f440 f   libucrt:fpexcept.obj
 0001:0000e474       __GSHandlerCheck           000000018000f474 f   LIBCMT:gshandler.obj
 0001:0000e494       __GSHandlerCheckCommon     000000018000f494 f   LIBCMT:gshandler.obj
 0001:0000e500       _FindPESection             000000018000f500 f   LIBCMT:pesect.obj
 0001:0000e550       _IsNonwritableInCurrentImage 000000018000f550 f   LIBCMT:pesect.obj
 0001:0000e5a0       _ValidateImageBase         000000018000f5a0 f   LIBCMT:pesect.obj
 0001:0000e5cc       __GSHandlerCheck_EH        000000018000f5cc f   LIBCMT:gshandlereh.obj
 0001:0000e660       __chkstk                   000000018000f660 f   LIBCMT:chkstk.obj
 0001:0000e660       _alloca_probe              000000018000f660 f   LIBCMT:chkstk.obj
 0001:0000e6b0       __C_specific_handler_noexcept 000000018000f6b0 f   libvcruntime:chandler_noexcept.obj
 0001:0000e700       cosf_sse2                  000000018000f700 f   libucrt:cosf.obj
 0001:0000e9a0       cosf                       000000018000f9a0 f   libucrt:cosf.obj
 0001:0000ebc0       sinf_sse2                  000000018000fbc0 f   libucrt:sinf.obj
 0001:0000ef30       sinf                       000000018000ff30 f   libucrt:sinf.obj
 0001:0000f280       sqrtf                      0000000180010280 f   libucrt:sqrtf.obj
 0001:0000f320       __remainder_piby2d2f_forAsm 0000000180010320 f   libucrt:remainder_piby2f_forasm.obj
 0001:0000f470       __remainder_piby2_fma3     0000000180010470 f   libucrt:remainder_piby2_forfma3.obj
 0001:0000f660       __remainder_piby2_fma3_bdl 0000000180010660 f   libucrt:remainder_piby2_forfma3.obj
 0001:0000f6e0       _cosf_special              00000001800106e0 f   libucrt:sincos_special.obj
 0001:0000f770       _sinf_special              0000000180010770 f   libucrt:sincos_special.obj
 0001:0000f800       __remainder_piby2d2f_forC  0000000180010800 f   libucrt:remainder_piby2f_forc.obj
 0001:0000f9a0       _guard_dispatch_icall_nop  00000001800109a0 f   LIBCMT:guard_dispatch.obj
 0001:0000f9c0       _guard_xfg_dispatch_icall_nop 00000001800109c0 f   LIBCMT:guard_xfg_dispatch.obj
 0001:0000f9e0       _guard_dispatch_icall      00000001800109e0 f   libucrt:dispatchcfg.obj
 0001:0000f9e0       _guard_dispatch_icall_$fo_default$ 00000001800109e0     libucrt:dispatchcfg.obj
 0001:0000fa10       memset_repstos             0000000180010a10 f   libvcruntime:memset.obj
 0001:0000fa20       memset                     0000000180010a20 f   libvcruntime:memset.obj
 0001:0000fdd0       memcpy_repmovs             0000000180010dd0 f   libvcruntime:memcpy.obj
 0001:0000fde0       memcpy                     0000000180010de0 f   libvcruntime:memcpy.obj
 0001:0000fde0       memcpy_$fo_default$        0000000180010de0     libvcruntime:memcpy.obj
 0001:0000fde0       memmove                    0000000180010de0 f   libvcruntime:memcpy.obj
 0001:00010470       strncmp                    0000000180011470 f   libucrt:strncmp.obj
 0002:00000000       __imp_Sleep                0000000180012000     kernel32:KERNEL32.dll
 0002:00000008       __imp_DisableThreadLibraryCalls 0000000180012008     kernel32:KERNEL32.dll
 0002:00000010       __imp_CreateThread         0000000180012010     kernel32:KERNEL32.dll
 0002:00000018       __imp_VirtualFree          0000000180012018     kernel32:KERNEL32.dll
 0002:00000020       __imp_VirtualAlloc         0000000180012020     kernel32:KERNEL32.dll
 0002:00000028       __imp_GetSystemInfo        0000000180012028     kernel32:KERNEL32.dll
 0002:00000030       __imp_VirtualQuery         0000000180012030     kernel32:KERNEL32.dll
 0002:00000038       __imp_HeapCreate           0000000180012038     kernel32:KERNEL32.dll
 0002:00000040       __imp_VirtualProtect       0000000180012040     kernel32:KERNEL32.dll
 0002:00000048       __imp_HeapFree             0000000180012048     kernel32:KERNEL32.dll
 0002:00000050       __imp_GetCurrentProcess    0000000180012050     kernel32:KERNEL32.dll
 0002:00000058       __imp_Thread32Next         0000000180012058     kernel32:KERNEL32.dll
 0002:00000060       __imp_Thread32First        0000000180012060     kernel32:KERNEL32.dll
 0002:00000068       __imp_GetCurrentThreadId   0000000180012068     kernel32:KERNEL32.dll
 0002:00000070       __imp_SuspendThread        0000000180012070     kernel32:KERNEL32.dll
 0002:00000078       __imp_ResumeThread         0000000180012078     kernel32:KERNEL32.dll
 0002:00000080       __imp_CreateToolhelp32Snapshot 0000000180012080     kernel32:KERNEL32.dll
 0002:00000088       __imp_HeapReAlloc          0000000180012088     kernel32:KERNEL32.dll
 0002:00000090       __imp_CloseHandle          0000000180012090     kernel32:KERNEL32.dll
 0002:00000098       __imp_HeapAlloc            0000000180012098     kernel32:KERNEL32.dll
 0002:000000a0       __imp_GetThreadContext     00000001800120a0     kernel32:KERNEL32.dll
 0002:000000a8       __imp_GetProcAddress       00000001800120a8     kernel32:KERNEL32.dll
 0002:000000b0       __imp_GetCurrentProcessId  00000001800120b0     kernel32:KERNEL32.dll
 0002:000000b8       __imp_GetModuleHandleW     00000001800120b8     kernel32:KERNEL32.dll
 0002:000000c0       __imp_FlushInstructionCache 00000001800120c0     kernel32:KERNEL32.dll
 0002:000000c8       __imp_SetThreadContext     00000001800120c8     kernel32:KERNEL32.dll
 0002:000000d0       __imp_OpenThread           00000001800120d0     kernel32:KERNEL32.dll
 0002:000000d8       __imp_WriteConsoleW        00000001800120d8     kernel32:KERNEL32.dll
 0002:000000e0       __imp_CreateFileW          00000001800120e0     kernel32:KERNEL32.dll
 0002:000000e8       __imp_SetFilePointerEx     00000001800120e8     kernel32:KERNEL32.dll
 0002:000000f0       __imp_GetConsoleMode       00000001800120f0     kernel32:KERNEL32.dll
 0002:000000f8       __imp_GetConsoleOutputCP   00000001800120f8     kernel32:KERNEL32.dll
 0002:00000100       __imp_WriteFile            0000000180012100     kernel32:KERNEL32.dll
 0002:00000108       __imp_FlushFileBuffers     0000000180012108     kernel32:KERNEL32.dll
 0002:00000110       __imp_SetStdHandle         0000000180012110     kernel32:KERNEL32.dll
 0002:00000118       __imp_HeapSize             0000000180012118     kernel32:KERNEL32.dll
 0002:00000120       __imp_SetUnhandledExceptionFilter 0000000180012120     kernel32:KERNEL32.dll
 0002:00000128       __imp_GetStartupInfoW      0000000180012128     kernel32:KERNEL32.dll
 0002:00000130       __imp_QueryPerformanceCounter 0000000180012130     kernel32:KERNEL32.dll
 0002:00000138       __imp_GetSystemTimeAsFileTime 0000000180012138     kernel32:KERNEL32.dll
 0002:00000140       __imp_InitializeSListHead  0000000180012140     kernel32:KERNEL32.dll
 0002:00000148       __imp_RtlLookupFunctionEntry 0000000180012148     kernel32:KERNEL32.dll
 0002:00000150       __imp_RtlUnwindEx          0000000180012150     kernel32:KERNEL32.dll
 0002:00000158       __imp_RtlPcToFileHeader    0000000180012158     kernel32:KERNEL32.dll
 0002:00000160       __imp_RaiseException       0000000180012160     kernel32:KERNEL32.dll
 0002:00000168       __imp_InterlockedFlushSList 0000000180012168     kernel32:KERNEL32.dll
 0002:00000170       __imp_GetLastError         0000000180012170     kernel32:KERNEL32.dll
 0002:00000178       __imp_SetLastError         0000000180012178     kernel32:KERNEL32.dll
 0002:00000180       __imp_FlsAlloc             0000000180012180     kernel32:KERNEL32.dll
 0002:00000188       __imp_FlsGetValue          0000000180012188     kernel32:KERNEL32.dll
 0002:00000190       __imp_FlsSetValue          0000000180012190     kernel32:KERNEL32.dll
 0002:00000198       __imp_FlsFree              0000000180012198     kernel32:KERNEL32.dll
 0002:000001a0       __imp_EncodePointer        00000001800121a0     kernel32:KERNEL32.dll
 0002:000001a8       __imp_EnterCriticalSection 00000001800121a8     kernel32:KERNEL32.dll
 0002:000001b0       __imp_LeaveCriticalSection 00000001800121b0     kernel32:KERNEL32.dll
 0002:000001b8       __imp_InitializeCriticalSectionEx 00000001800121b8     kernel32:KERNEL32.dll
 0002:000001c0       __imp_DeleteCriticalSection 00000001800121c0     kernel32:KERNEL32.dll
 0002:000001c8       __imp_ExitProcess          00000001800121c8     kernel32:KERNEL32.dll
 0002:000001d0       __imp_TerminateProcess     00000001800121d0     kernel32:KERNEL32.dll
 0002:000001d8       __imp_FreeLibrary          00000001800121d8     kernel32:KERNEL32.dll
 0002:000001e0       __imp_GetModuleHandleExW   00000001800121e0     kernel32:KERNEL32.dll
 0002:000001e8       __imp_GetModuleFileNameW   00000001800121e8     kernel32:KERNEL32.dll
 0002:000001f0       __imp_IsProcessorFeaturePresent 00000001800121f0     kernel32:KERNEL32.dll
 0002:000001f8       __imp_RtlCaptureContext    00000001800121f8     kernel32:KERNEL32.dll
 0002:00000200       __imp_RtlVirtualUnwind     0000000180012200     kernel32:KERNEL32.dll
 0002:00000208       __imp_IsDebuggerPresent    0000000180012208     kernel32:KERNEL32.dll
 0002:00000210       __imp_UnhandledExceptionFilter 0000000180012210     kernel32:KERNEL32.dll
 0002:00000218       __imp_FindClose            0000000180012218     kernel32:KERNEL32.dll
 0002:00000220       __imp_FindFirstFileExW     0000000180012220     kernel32:KERNEL32.dll
 0002:00000228       __imp_FindNextFileW        0000000180012228     kernel32:KERNEL32.dll
 0002:00000230       __imp_IsValidCodePage      0000000180012230     kernel32:KERNEL32.dll
 0002:00000238       __imp_GetACP               0000000180012238     kernel32:KERNEL32.dll
 0002:00000240       __imp_GetOEMCP             0000000180012240     kernel32:KERNEL32.dll
 0002:00000248       __imp_GetCPInfo            0000000180012248     kernel32:KERNEL32.dll
 0002:00000250       __imp_GetCommandLineA      0000000180012250     kernel32:KERNEL32.dll
 0002:00000258       __imp_GetCommandLineW      0000000180012258     kernel32:KERNEL32.dll
 0002:00000260       __imp_MultiByteToWideChar  0000000180012260     kernel32:KERNEL32.dll
 0002:00000268       __imp_WideCharToMultiByte  0000000180012268     kernel32:KERNEL32.dll
 0002:00000270       __imp_GetEnvironmentStringsW 0000000180012270     kernel32:KERNEL32.dll
 0002:00000278       __imp_FreeEnvironmentStringsW 0000000180012278     kernel32:KERNEL32.dll
 0002:00000280       __imp_LoadLibraryExW       0000000180012280     kernel32:KERNEL32.dll
 0002:00000288       __imp_LCMapStringW         0000000180012288     kernel32:KERNEL32.dll
 0002:00000290       __imp_GetProcessHeap       0000000180012290     kernel32:KERNEL32.dll
 0002:00000298       __imp_GetStdHandle         0000000180012298     kernel32:KERNEL32.dll
 0002:000002a0       __imp_GetFileType          00000001800122a0     kernel32:KERNEL32.dll
 0002:000002a8       __imp_GetStringTypeW       00000001800122a8     kernel32:KERNEL32.dll
 0002:000002b0       \177KERNEL32_NULL_THUNK_DATA 00000001800122b0     kernel32:KERNEL32.dll
 0002:000002b8       __imp_SendInput            00000001800122b8     user32:USER32.dll
 0002:000002c0       __imp_CreateWindowExA      00000001800122c0     user32:USER32.dll
 0002:000002c8       __imp_GetAsyncKeyState     00000001800122c8     user32:USER32.dll
 0002:000002d0       __imp_CallNextHookEx       00000001800122d0     user32:USER32.dll
 0002:000002d8       __imp_DestroyWindow        00000001800122d8     user32:USER32.dll
 0002:000002e0       \177USER32_NULL_THUNK_DATA 00000001800122e0     user32:USER32.dll
 0002:000002e8       __imp_timeGetTime          00000001800122e8     winmm:WINMM.dll
 0002:000002f0       \177WINMM_NULL_THUNK_DATA  00000001800122f0     winmm:WINMM.dll
 0002:000002f8       __imp_Direct3DCreate9      00000001800122f8     d3d9:d3d9.dll
 0002:00000300       \177d3d9_NULL_THUNK_DATA   0000000180012300     d3d9:d3d9.dll
 0002:00000308       __imp_D3DXVec3Project      0000000180012308     d3dx9:d3dx9_43.dll
 0002:00000310       \177d3dx9_43_NULL_THUNK_DATA 0000000180012310     d3dx9:d3dx9_43.dll
 0002:00000318       __guard_check_icall_fptr   0000000180012318     LIBCMT:guard_support.obj
 0002:00000320       __guard_xfg_check_icall_fptr 0000000180012320     LIBCMT:guard_support.obj
 0002:00000328       __guard_dispatch_icall_fptr 0000000180012328     LIBCMT:guard_support.obj
 0002:00000330       __guard_xfg_dispatch_icall_fptr 0000000180012330     LIBCMT:guard_support.obj
 0002:00000338       __guard_xfg_table_dispatch_icall_fptr 0000000180012338     LIBCMT:guard_support.obj
 0002:00000340       __castguard_check_failure_os_handled_fptr 0000000180012340     LIBCMT:guard_support.obj
 0002:00000348       __guard_memcpy_fptr        0000000180012348     libvcruntime:softmemtag.obj
 0002:00000350       __xc_a                     0000000180012350     LIBCMT:initializers.obj
 0002:00000368       __xc_z                     0000000180012368     LIBCMT:initializers.obj
 0002:00000370       __xi_a                     0000000180012370     LIBCMT:initializers.obj
 0002:00000378       __acrt_multibyte_initializer 0000000180012378     libucrt:multibyte_initializer.obj
 0002:00000380       __acrt_stdio_initializer   0000000180012380     libucrt:stdio_initializer.obj
 0002:00000388       __acrt_tran_fma3_initializer 0000000180012388     libucrt:fma3_initializer.obj
 0002:00000390       __xi_z                     0000000180012390     LIBCMT:initializers.obj
 0002:00000398       __xp_a                     0000000180012398     LIBCMT:initializers.obj
 0002:000003a0       __acrt_locale_terminator   00000001800123a0     libucrt:locale_initializer.obj
 0002:000003a8       __dcrt_console_output_terminator 00000001800123a8     libucrt:console_output_initializer.obj
 0002:000003b0       __acrt_stdio_terminator    00000001800123b0     libucrt:stdio_initializer.obj
 0002:000003b8       __xp_z                     00000001800123b8     LIBCMT:initializers.obj
 0002:000003c0       __xt_a                     00000001800123c0     LIBCMT:initializers.obj
 0002:000003c8       __xt_z                     00000001800123c8     LIBCMT:initializers.obj
 0002:000003d8       ??_7exception@std@@6B@     00000001800123d8     libcpmt:xthrow.obj
 0002:000003f0       ??_7bad_alloc@std@@6B@     00000001800123f0     libcpmt:xthrow.obj
 0002:00000400       ??_C@_0P@GHFPNOJB@bad?5allocation@ 0000000180012400     libcpmt:xthrow.obj
 0002:00000418       ??_7logic_error@std@@6B@   0000000180012418     libcpmt:xthrow.obj
 0002:00000430       ??_7length_error@std@@6B@  0000000180012430     libcpmt:xthrow.obj
 0002:00000440       __xmm@ffffffffffffffffffffffffffffffff 0000000180012440     LIBCMT:utility.obj
 0002:00000458       ??_7type_info@@6B@         0000000180012458     LIBCMT:std_type_info_static.obj
 0002:00000460       _pDefaultRawDllMain        0000000180012460     LIBCMT:dll_dllmain.obj
 0002:00000460       _pRawDllMain               0000000180012460     LIBCMT:dll_dllmain.obj
 0002:00000470       ??_7bad_array_new_length@std@@6B@ 0000000180012470     LIBCMT:throw_bad_alloc.obj
 0002:00000518       _pDestructExceptionObject  0000000180012518     libvcruntime:ehhelpers.obj
 0002:00000528       ??_7bad_exception@std@@6B@ 0000000180012528     libvcruntime:frame.obj
 0002:00000538       ??_C@_0O@DPKOEFFH@bad?5exception@ 0000000180012538     libvcruntime:frame.obj
 0002:00000c60       ??_C@_08EHJDFFNH@__based?$CI@ 0000000180012c60     libvcruntime:undname.obj
 0002:00000c70       ??_C@_07KOLFKCDI@__cdecl@  0000000180012c70     libvcruntime:undname.obj
 0002:00000c78       ??_C@_09IFJBGAPI@__stdcall@ 0000000180012c78     libvcruntime:undname.obj
 0002:00000c88       ??_C@_0L@NPHFGOKO@__thiscall@ 0000000180012c88     libvcruntime:undname.obj
 0002:00000c98       ??_C@_0L@JMKHOMEK@__fastcall@ 0000000180012c98     libvcruntime:undname.obj
 0002:00000ca8       ??_C@_0N@BCKKPABJ@__vectorcall@ 0000000180012ca8     libvcruntime:undname.obj
 0002:00000cb8       ??_C@_0BA@NAGGFLJK@__preserve_none@ 0000000180012cb8     libvcruntime:undname.obj
 0002:00000cc8       ??_C@_09HIJEGCPM@__clrcall@ 0000000180012cc8     libvcruntime:undname.obj
 0002:00000cd4       ??_C@_06GHPCKEAG@__eabi@   0000000180012cd4     libvcruntime:undname.obj
 0002:00000ce0       ??_C@_09IOPIDJLG@__swift_1@ 0000000180012ce0     libvcruntime:undname.obj
 0002:00000cf0       ??_C@_09KFNFGKHF@__swift_2@ 0000000180012cf0     libvcruntime:undname.obj
 0002:00000d00       ??_C@_09LMMOFLDE@__swift_3@ 0000000180012d00     libvcruntime:undname.obj
 0002:00000d10       ??_C@_07JOMMBBKO@__ptr64@  0000000180012d10     libvcruntime:undname.obj
 0002:00000d18       ??_C@_0L@PILCLIHE@__restrict@ 0000000180012d18     libvcruntime:undname.obj
 0002:00000d28       ??_C@_0M@GFIIJFMG@__unaligned@ 0000000180012d28     libvcruntime:undname.obj
 0002:00000d38       ??_C@_09DHDLOLLB@restrict?$CI@ 0000000180012d38     libvcruntime:undname.obj
 0002:00000d42       ??_C@_00CNPNBAHC@@         0000000180012d42     libvcruntime:undname.obj
 0002:00000d44       ??_C@_04NIHEBCM@?5new@     0000000180012d44     libvcruntime:undname.obj
 0002:00000d50       ??_C@_07FPCDHGMM@?5delete@ 0000000180012d50     libvcruntime:undname.obj
 0002:00000d58       ??_C@_01NEMOKFLO@?$DN@     0000000180012d58     libvcruntime:undname.obj
 0002:00000d5c       ??_C@_02GPIOPFAK@?$DO?$DO@ 0000000180012d5c     libvcruntime:undname.obj
 0002:00000d60       ??_C@_02FODMEDOG@?$DM?$DM@ 0000000180012d60     libvcruntime:undname.obj
 0002:00000d64       ??_C@_01DCLJPIOD@?$CB@     0000000180012d64     libvcruntime:undname.obj
 0002:00000d68       ??_C@_02EGOFBIJA@?$DN?$DN@ 0000000180012d68     libvcruntime:undname.obj
 0002:00000d6c       ??_C@_02FDNJECIE@?$CB?$DN@ 0000000180012d6c     libvcruntime:undname.obj
 0002:00000d70       ??_C@_02GPECMEKF@?$FL?$FN@ 0000000180012d70     libvcruntime:undname.obj
 0002:00000d78       ??_C@_08LHJFAFGD@operator@ 0000000180012d78     libvcruntime:undname.obj
 0002:00000d84       ??_C@_02HBOOOICD@?9?$DO@   0000000180012d84     libvcruntime:undname.obj
 0002:00000d88       ??_C@_01NBENCBCI@?$CK@     0000000180012d88     libvcruntime:undname.obj
 0002:00000d8c       ??_C@_02ECNGHCIF@?$CL?$CL@ 0000000180012d8c     libvcruntime:undname.obj
 0002:00000d90       ??_C@_02BAABKJLB@?9?9@     0000000180012d90     libvcruntime:undname.obj
 0002:00000d94       ??_C@_01JOAMLHOP@?9@       0000000180012d94     libvcruntime:undname.obj
 0002:00000d98       ??_C@_01MIFGBAGJ@?$CL@     0000000180012d98     libvcruntime:undname.obj
 0002:00000d9c       ??_C@_01HNPIGOCE@?$CG@     0000000180012d9c     libvcruntime:undname.obj
 0002:00000da0       ??_C@_03MNHNFDLC@?9?$DO?$CK@ 0000000180012da0     libvcruntime:undname.obj
 0002:00000da4       ??_C@_01KMDKNFGN@?1@       0000000180012da4     libvcruntime:undname.obj
 0002:00000da8       ??_C@_01FGNFDNOH@?$CF@     0000000180012da8     libvcruntime:undname.obj
 0002:00000dac       ??_C@_01MNNFJEPP@?$DM@     0000000180012dac     libvcruntime:undname.obj
 0002:00000db0       ??_C@_02EHCHHCKH@?$DM?$DN@ 0000000180012db0     libvcruntime:undname.obj
 0002:00000db4       ??_C@_01PPODPGHN@?$DO@     0000000180012db4     libvcruntime:undname.obj
 0002:00000db8       ??_C@_02EEKDKGMJ@?$DO?$DN@ 0000000180012db8     libvcruntime:undname.obj
 0002:00000dbc       ??_C@_01IHBHIGKO@?0@       0000000180012dbc     libvcruntime:undname.obj
 0002:00000dc0       ??_C@_02HCKGKOFO@?$CI?$CJ@ 0000000180012dc0     libvcruntime:undname.obj
 0002:00000dc4       ??_C@_01PJKLJHI@?$HO@      0000000180012dc4     libvcruntime:undname.obj
 0002:00000dc8       ??_C@_01JKBOJNNK@?$FO@     0000000180012dc8     libvcruntime:undname.obj
 0002:00000dcc       ??_C@_01DNKMNLPK@?$HM@     0000000180012dcc     libvcruntime:undname.obj
 0002:00000dd0       ??_C@_02PPKAJPJL@?$CG?$CG@ 0000000180012dd0     libvcruntime:undname.obj
 0002:00000dd4       ??_C@_02NONPIBCD@?$HM?$HM@ 0000000180012dd4     libvcruntime:undname.obj
 0002:00000dd8       ??_C@_02FPIMKNGF@?$CK?$DN@ 0000000180012dd8     libvcruntime:undname.obj
 0002:00000ddc       ??_C@_02FOEOMHFC@?$CL?$DN@ 0000000180012ddc     libvcruntime:undname.obj
 0002:00000de0       ??_C@_02FKMDLLOA@?9?$DN@   0000000180012de0     libvcruntime:undname.obj
 0002:00000de4       ??_C@_02FJEHGPIO@?1?$DN@   0000000180012de4     libvcruntime:undname.obj
 0002:00000de8       ??_C@_02FENAOKFI@?$CF?$DN@ 0000000180012de8     libvcruntime:undname.obj
 0002:00000dec       ??_C@_03IKFCCPFF@?$DO?$DO?$DN@ 0000000180012dec     libvcruntime:undname.obj
 0002:00000df0       ??_C@_03CDNPDDLA@?$DM?$DM?$DN@ 0000000180012df0     libvcruntime:undname.obj
 0002:00000df4       ??_C@_02FGJGFEAB@?$CG?$DN@ 0000000180012df4     libvcruntime:undname.obj
 0002:00000df8       ??_C@_02DHLNPPGH@?$HM?$DN@ 0000000180012df8     libvcruntime:undname.obj
 0002:00000dfc       ??_C@_02MHEGNOJ@?$FO?$DN@  0000000180012dfc     libvcruntime:undname.obj
 0002:00000e00       ??_C@_09IFPLHPGF@?$GAvftable?8@ 0000000180012e00     libvcruntime:undname.obj
 0002:00000e10       ??_C@_09BLBHBJP@?$GAvbtable?8@ 0000000180012e10     libvcruntime:undname.obj
 0002:00000e20       ??_C@_07FEEIOKP@?$GAvcall?8@ 0000000180012e20     libvcruntime:undname.obj
 0002:00000e28       ??_C@_08LLFFHHDJ@?$GAtypeof?8@ 0000000180012e28     libvcruntime:undname.obj
 0002:00000e38       ??_C@_0BF@KDPPACIK@?$GAlocal?5static?5guard?8@ 0000000180012e38     libvcruntime:undname.obj
 0002:00000e50       ??_C@_08OBABFOLI@?$GAstring?8@ 0000000180012e50     libvcruntime:undname.obj
 0002:00000e60       ??_C@_0BD@JDLKDPAB@?$GAvbase?5destructor?8@ 0000000180012e60     libvcruntime:undname.obj
 0002:00000e78       ??_C@_0BN@DEGPLNFK@?$GAvector?5deleting?5destructor?8@ 0000000180012e78     libvcruntime:undname.obj
 0002:00000e98       ??_C@_0BO@OBMKPJIG@?$GAdefault?5constructor?5closure?8@ 0000000180012e98     libvcruntime:undname.obj
 0002:00000eb8       ??_C@_0BN@IMDCHIKM@?$GAscalar?5deleting?5destructor?8@ 0000000180012eb8     libvcruntime:undname.obj
 0002:00000ed8       ??_C@_0BO@PFGOCPJJ@?$GAvector?5constructor?5iterator?8@ 0000000180012ed8     libvcruntime:undname.obj
 0002:00000ef8       ??_C@_0BN@LFPFMEDL@?$GAvector?5destructor?5iterator?8@ 0000000180012ef8     libvcruntime:undname.obj
 0002:00000f18       ??_C@_0CE@IKBNEHA@?$GAvector?5vbase?5constructor?5itera@ 0000000180012f18     libvcruntime:undname.obj
 0002:00000f40       ??_C@_0BL@NILFHHPC@?$GAvirtual?5displacement?5map?8@ 0000000180012f40     libvcruntime:undname.obj
 0002:00000f60       ??_C@_0CB@JONCMFFK@?$GAeh?5vector?5constructor?5iterator@ 0000000180012f60     libvcruntime:undname.obj
 0002:00000f88       ??_C@_0CA@GCEOPDGL@?$GAeh?5vector?5destructor?5iterator?8@ 0000000180012f88     libvcruntime:undname.obj
 0002:00000fa8       ??_C@_0CH@OOJPLCPH@?$GAeh?5vector?5vbase?5constructor?5it@ 0000000180012fa8     libvcruntime:undname.obj
 0002:00000fd0       ??_C@_0BL@LLKPOHJI@?$GAcopy?5constructor?5closure?8@ 0000000180012fd0     libvcruntime:undname.obj
 0002:00000ff0       ??_C@_0BA@KBCDOMBN@?$GAudt?5returning?8@ 0000000180012ff0     libvcruntime:undname.obj
 0002:00001000       ??_C@_03KLGMFNMG@?$GAEH@   0000000180013000     libvcruntime:undname.obj
 0002:00001004       ??_C@_05KHLCHHI@?$GARTTI@  0000000180013004     libvcruntime:undname.obj
 0002:00001010       ??_C@_0BA@KKLDJDLB@?$GAlocal?5vftable?8@ 0000000180013010     libvcruntime:undname.obj
 0002:00001020       ??_C@_0CE@IIHCMGGL@?$GAlocal?5vftable?5constructor?5clos@ 0000000180013020     libvcruntime:undname.obj
 0002:00001044       ??_C@_06FHBGPFGH@?5new?$FL?$FN@ 0000000180013044     libvcruntime:undname.obj
 0002:00001050       ??_C@_09LBNFPBCA@?5delete?$FL?$FN@ 0000000180013050     libvcruntime:undname.obj
 0002:00001060       ??_C@_0P@HJKNJFNN@?$GAomni?5callsig?8@ 0000000180013060     libvcruntime:undname.obj
 0002:00001070       ??_C@_0BL@CNOONJFP@?$GAplacement?5delete?5closure?8@ 0000000180013070     libvcruntime:undname.obj
 0002:00001090       ??_C@_0BN@CKNJLHMB@?$GAplacement?5delete?$FL?$FN?5closure?8@ 0000000180013090     libvcruntime:undname.obj
 0002:000010b0       ??_C@_0CG@CFDHKGGD@?$GAmanaged?5vector?5constructor?5ite@ 00000001800130b0     libvcruntime:undname.obj
 0002:000010d8       ??_C@_0CF@IMGKMJNO@?$GAmanaged?5vector?5destructor?5iter@ 00000001800130d8     libvcruntime:undname.obj
 0002:00001100       ??_C@_0CG@HLDDJMAG@?$GAeh?5vector?5copy?5constructor?5ite@ 0000000180013100     libvcruntime:undname.obj
 0002:00001128       ??_C@_0CM@FCBBDIGB@?$GAeh?5vector?5vbase?5copy?5construct@ 0000000180013128     libvcruntime:undname.obj
 0002:00001158       ??_C@_0BL@CLIPGLGB@?$GAdynamic?5initializer?5for?5?8@ 0000000180013158     libvcruntime:undname.obj
 0002:00001178       ??_C@_0CB@PDBIFEP@?$GAdynamic?5atexit?5destructor?5for?5@ 0000000180013178     libvcruntime:undname.obj
 0002:000011a0       ??_C@_0CD@CGAJBKEJ@?$GAvector?5copy?5constructor?5iterat@ 00000001800131a0     libvcruntime:undname.obj
 0002:000011c8       ??_C@_0CJ@GJELGAMM@?$GAvector?5vbase?5copy?5constructor?5@ 00000001800131c8     libvcruntime:undname.obj
 0002:000011f8       ??_C@_0CL@FGIJHLCE@?$GAmanaged?5vector?5copy?5constructo@ 00000001800131f8     libvcruntime:undname.obj
 0002:00001228       ??_C@_0BM@PMGGMLDN@?$GAlocal?5static?5thread?5guard?8@ 0000000180013228     libvcruntime:undname.obj
 0002:00001248       ??_C@_0N@BDNMDMOL@operator?5?$CC?$CC?5@ 0000000180013248     libvcruntime:undname.obj
 0002:00001258       ??_C@_0BC@GGEBGALA@operator?5co_await@ 0000000180013258     libvcruntime:undname.obj
 0002:00001270       ??_C@_0M@GAAIMMOH@operator?$DM?$DN?$DO@ 0000000180013270     libvcruntime:undname.obj
 0002:00001280       ??_C@_0BC@DAFEJGAK@?5Type?5Descriptor?8@ 0000000180013280     libvcruntime:undname.obj
 0002:00001298       ??_C@_0BM@LDKODKLH@?5Base?5Class?5Descriptor?5at?5?$CI@ 0000000180013298     libvcruntime:undname.obj
 0002:000012b8       ??_C@_0BD@LGICGFMM@?5Base?5Class?5Array?8@ 00000001800132b8     libvcruntime:undname.obj
 0002:000012d0       ??_C@_0BN@MECKDCOJ@?5Class?5Hierarchy?5Descriptor?8@ 00000001800132d0     libvcruntime:undname.obj
 0002:000012f0       ??_C@_0BK@CFCOFLF@?5Complete?5Object?5Locator?8@ 00000001800132f0     libvcruntime:undname.obj
 0002:00001310       ??_C@_0BG@JNJLAMPM@?$GAanonymous?5namespace?8@ 0000000180013310     libvcruntime:undname.obj
 0002:00001330       __acrt_exception_action_table 0000000180013330     libucrt:exception_filter.obj
 0002:000013f0       __acrt_signal_action_table_count 00000001800133f0     libucrt:exception_filter.obj
 0002:000013f8       __acrt_signal_action_first_fpe_index 00000001800133f8     libucrt:exception_filter.obj
 0002:00001400       __acrt_signal_action_fpe_count 0000000180013400     libucrt:exception_filter.obj
 0002:00001458       ??_C@_1BI@BGOHAHKC@?$AAm?$AAs?$AAc?$AAo?$AAr?$AAe?$AAe?$AA?4?$AAd?$AAl?$AAl@ 0000000180013458     libucrt:exit.obj
 0002:00001470       ??_C@_0P@MIGLKIOC@CorExitProcess@ 0000000180013470     libucrt:exit.obj
 0002:00001758       ??_C@_1M@HPNHIDJI@?$AAj?$AAa?$AA?9?$AAJ?$AAP@ 0000000180013758     libucrt:mbctype.obj
 0002:00001768       ??_C@_1M@BIBDDEMK@?$AAz?$AAh?$AA?9?$AAC?$AAN@ 0000000180013768     libucrt:mbctype.obj
 0002:00001778       ??_C@_1M@JLOOOEGK@?$AAk?$AAo?$AA?9?$AAK?$AAR@ 0000000180013778     libucrt:mbctype.obj
 0002:00001788       ??_C@_1M@CLNBBOPM@?$AAz?$AAh?$AA?9?$AAT?$AAW@ 0000000180013788     libucrt:mbctype.obj
 0002:00001860       ??_C@_1EA@JGEFHKEI@?$AAa?$AAp?$AAi?$AA?9?$AAm?$AAs?$AA?9?$AAw?$AAi?$AAn?$AA?9?$AAc?$AAo?$AAr?$AAe@ 0000000180013860     libucrt:winapi_thunks.obj
 0002:000018a0       ??_C@_1DM@LFJCLCKP@?$AAa?$AAp?$AAi?$AA?9?$AAm?$AAs?$AA?9?$AAw?$AAi?$AAn?$AA?9?$AAc?$AAo?$AAr?$AAe@ 00000001800138a0     libucrt:winapi_thunks.obj
 0002:000018e0       ??_C@_1DI@KMEPCBPN@?$AAa?$AAp?$AAi?$AA?9?$AAm?$AAs?$AA?9?$AAw?$AAi?$AAn?$AA?9?$AAc?$AAo?$AAr?$AAe@ 00000001800138e0     libucrt:winapi_thunks.obj
 0002:00001918       ??_C@_1DI@IJCEHOCB@?$AAa?$AAp?$AAi?$AA?9?$AAm?$AAs?$AA?9?$AAw?$AAi?$AAn?$AA?9?$AAc?$AAo?$AAr?$AAe@ 0000000180013918     libucrt:winapi_thunks.obj
 0002:00001950       ??_C@_1DI@FFFOPEOO@?$AAa?$AAp?$AAi?$AA?9?$AAm?$AAs?$AA?9?$AAw?$AAi?$AAn?$AA?9?$AAc?$AAo?$AAr?$AAe@ 0000000180013950     libucrt:winapi_thunks.obj
 0002:00001990       ??_C@_1EI@MPIAOHOC@?$AAa?$AAp?$AAi?$AA?9?$AAm?$AAs?$AA?9?$AAw?$AAi?$AAn?$AA?9?$AAc?$AAo?$AAr?$AAe@ 0000000180013990     libucrt:winapi_thunks.obj
 0002:000019e0       ??_C@_1FK@FPHCKFIE@?$AAa?$AAp?$AAi?$AA?9?$AAm?$AAs?$AA?9?$AAw?$AAi?$AAn?$AA?9?$AAc?$AAo?$AAr?$AAe@ 00000001800139e0     libucrt:winapi_thunks.obj
 0002:00001a40       ??_C@_1EM@DILCGIIO@?$AAa?$AAp?$AAi?$AA?9?$AAm?$AAs?$AA?9?$AAw?$AAi?$AAn?$AA?9?$AAc?$AAo?$AAr?$AAe@ 0000000180013a40     libucrt:winapi_thunks.obj
 0002:00001a90       ??_C@_1DM@LNCGDDPN@?$AAa?$AAp?$AAi?$AA?9?$AAm?$AAs?$AA?9?$AAw?$AAi?$AAn?$AA?9?$AAc?$AAo?$AAr?$AAe@ 0000000180013a90     libucrt:winapi_thunks.obj
 0002:00001ad0       ??_C@_1DK@LPPGFMPP@?$AAa?$AAp?$AAi?$AA?9?$AAm?$AAs?$AA?9?$AAw?$AAi?$AAn?$AA?9?$AAc?$AAo?$AAr?$AAe@ 0000000180013ad0     libucrt:winapi_thunks.obj
 0002:00001b10       ??_C@_1DO@FPAPJEMD@?$AAa?$AAp?$AAi?$AA?9?$AAm?$AAs?$AA?9?$AAw?$AAi?$AAn?$AA?9?$AAc?$AAo?$AAr?$AAe@ 0000000180013b10     libucrt:winapi_thunks.obj
 0002:00001b50       ??_C@_1DK@NDHNAHIO@?$AAa?$AAp?$AAi?$AA?9?$AAm?$AAs?$AA?9?$AAw?$AAi?$AAn?$AA?9?$AAc?$AAo?$AAr?$AAe@ 0000000180013b50     libucrt:winapi_thunks.obj
 0002:00001b90       ??_C@_1DM@KGHDGBCM@?$AAa?$AAp?$AAi?$AA?9?$AAm?$AAs?$AA?9?$AAw?$AAi?$AAn?$AA?9?$AAc?$AAo?$AAr?$AAe@ 0000000180013b90     libucrt:winapi_thunks.obj
 0002:00001bd0       ??_C@_1EO@IJIOEFOH@?$AAa?$AAp?$AAi?$AA?9?$AAm?$AAs?$AA?9?$AAw?$AAi?$AAn?$AA?9?$AAr?$AAt?$AAc?$AAo@ 0000000180013bd0     libucrt:winapi_thunks.obj
 0002:00001c20       ??_C@_1FG@HHGEKANL@?$AAa?$AAp?$AAi?$AA?9?$AAm?$AAs?$AA?9?$AAw?$AAi?$AAn?$AA?9?$AAs?$AAe?$AAc?$AAu@ 0000000180013c20     libucrt:winapi_thunks.obj
 0002:00001c80       ??_C@_1EG@DBIOJECG@?$AAe?$AAx?$AAt?$AA?9?$AAm?$AAs?$AA?9?$AAw?$AAi?$AAn?$AA?9?$AAn?$AAt?$AAu?$AAs@ 0000000180013c80     libucrt:winapi_thunks.obj
 0002:00001cd0       ??_C@_1EO@FIHMJCLF@?$AAe?$AAx?$AAt?$AA?9?$AAm?$AAs?$AA?9?$AAw?$AAi?$AAn?$AA?9?$AAn?$AAt?$AAu?$AAs@ 0000000180013cd0     libucrt:winapi_thunks.obj
 0002:00001d20       ??_C@_1BC@DNHGCMLG@?$AAa?$AAd?$AAv?$AAa?$AAp?$AAi?$AA3?$AA2@ 0000000180013d20     libucrt:winapi_thunks.obj
 0002:00001d38       ??_C@_1BC@GDMECMAK@?$AAk?$AAe?$AAr?$AAn?$AAe?$AAl?$AA3?$AA2@ 0000000180013d38     libucrt:winapi_thunks.obj
 0002:00001d50       ??_C@_1BG@CJPGBMEF@?$AAk?$AAe?$AAr?$AAn?$AAe?$AAl?$AAb?$AAa?$AAs?$AAe@ 0000000180013d50     libucrt:winapi_thunks.obj
 0002:00001d68       ??_C@_1M@OAIMIKLP@?$AAn?$AAt?$AAd?$AAl?$AAl@ 0000000180013d68     libucrt:winapi_thunks.obj
 0002:00001d80       ??_C@_1EG@DPGNFKGC@?$AAa?$AAp?$AAi?$AA?9?$AAm?$AAs?$AA?9?$AAw?$AAi?$AAn?$AA?9?$AAa?$AAp?$AAp?$AAm@ 0000000180013d80     libucrt:winapi_thunks.obj
 0002:00001dc8       ??_C@_1O@BCCLBEOE@?$AAu?$AAs?$AAe?$AAr?$AA3?$AA2@ 0000000180013dc8     libucrt:winapi_thunks.obj
 0002:00001dd8       ??_C@_1BA@PFFKHIOG@?$AAa?$AAp?$AAi?$AA?9?$AAm?$AAs?$AA?9@ 0000000180013dd8     libucrt:winapi_thunks.obj
 0002:00001de8       ??_C@_1BA@IAIFMGEF@?$AAe?$AAx?$AAt?$AA?9?$AAm?$AAs?$AA?9@ 0000000180013de8     libucrt:winapi_thunks.obj
 0002:00001e00       ??_C@_0BA@FHFNEAED@AreFileApisANSI@ 0000000180013e00     libucrt:winapi_thunks.obj
 0002:00001e18       ??_C@_0N@MFBBDCAC@FlsGetValue2@ 0000000180013e18     libucrt:winapi_thunks.obj
 0002:00001e30       ??_C@_0O@KKBNKAPF@LCMapStringEx@ 0000000180013e30     libucrt:winapi_thunks.obj
 0002:00001e48       ??_C@_0BB@HBDEELFH@LocaleNameToLCID@ 0000000180013e48     libucrt:winapi_thunks.obj
 0002:00001e60       ??_C@_0CF@OJOFEIGO@AppPolicyGetProcessTerminationM@ 0000000180013e60     libucrt:winapi_thunks.obj
 0002:00001e90       __lc_time_c                0000000180013e90     libucrt:nlsdata.obj
 0002:00002150       ??_C@_03KOEHGMDN@Sun@      0000000180014150     libucrt:nlsdata.obj
 0002:00002154       ??_C@_03PDAGKDH@Mon@       0000000180014154     libucrt:nlsdata.obj
 0002:00002158       ??_C@_03NAGEINEP@Tue@      0000000180014158     libucrt:nlsdata.obj
 0002:0000215c       ??_C@_03MHOMLAJA@Wed@      000000018001415c     libucrt:nlsdata.obj
 0002:00002160       ??_C@_03IOFIKPDN@Thu@      0000000180014160     libucrt:nlsdata.obj
 0002:00002164       ??_C@_03IDIOELNC@Fri@      0000000180014164     libucrt:nlsdata.obj
 0002:00002168       ??_C@_03FEFJNEK@Sat@       0000000180014168     libucrt:nlsdata.obj
 0002:0000216c       ??_C@_06OOPIFAJ@Sunday@    000000018001416c     libucrt:nlsdata.obj
 0002:00002174       ??_C@_06JLEDEDGH@Monday@   0000000180014174     libucrt:nlsdata.obj
 0002:00002180       ??_C@_07BAAGCFCM@Tuesday@  0000000180014180     libucrt:nlsdata.obj
 0002:00002188       ??_C@_09DLIGFAKA@Wednesday@ 0000000180014188     libucrt:nlsdata.obj
 0002:00002198       ??_C@_08HACCIKIA@Thursday@ 0000000180014198     libucrt:nlsdata.obj
 0002:000021a4       ??_C@_06JECMNKMI@Friday@   00000001800141a4     libucrt:nlsdata.obj
 0002:000021b0       ??_C@_08INBOOONO@Saturday@ 00000001800141b0     libucrt:nlsdata.obj
 0002:000021bc       ??_C@_03JIHJHPIE@Jan@      00000001800141bc     libucrt:nlsdata.obj
 0002:000021c0       ??_C@_03HJBDCHOM@Feb@      00000001800141c0     libucrt:nlsdata.obj
 0002:000021c4       ??_C@_03ODNJBKGA@Mar@      00000001800141c4     libucrt:nlsdata.obj
 0002:000021c8       ??_C@_03LEOLGMJP@Apr@      00000001800141c8     libucrt:nlsdata.obj
 0002:000021cc       ??_C@_03CNMDKL@May@        00000001800141cc     libucrt:nlsdata.obj
 0002:000021d0       ??_C@_03IDFGHECI@Jun@      00000001800141d0     libucrt:nlsdata.obj
 0002:000021d4       ??_C@_03LBGABGKK@Jul@      00000001800141d4     libucrt:nlsdata.obj
 0002:000021d8       ??_C@_03IFJFEIGA@Aug@      00000001800141d8     libucrt:nlsdata.obj
 0002:000021dc       ??_C@_03GGCAPAJC@Sep@      00000001800141dc     libucrt:nlsdata.obj
 0002:000021e0       ??_C@_03BMAOKBAD@Oct@      00000001800141e0     libucrt:nlsdata.obj
 0002:000021e4       ??_C@_03JPJOFNIA@Nov@      00000001800141e4     libucrt:nlsdata.obj
 0002:000021e8       ??_C@_03MKABNOCG@Dec@      00000001800141e8     libucrt:nlsdata.obj
 0002:000021f0       ??_C@_07CGJPFGJA@January@  00000001800141f0     libucrt:nlsdata.obj
 0002:000021f8       ??_C@_08GNJGEPFN@February@ 00000001800141f8     libucrt:nlsdata.obj
 0002:00002204       ??_C@_05HPCKOFNC@March@    0000000180014204     libucrt:nlsdata.obj
 0002:0000220c       ??_C@_05DMJDNLEJ@April@    000000018001420c     libucrt:nlsdata.obj
 0002:00002214       ??_C@_04CNLMGBGM@June@     0000000180014214     libucrt:nlsdata.obj
 0002:0000221c       ??_C@_04MIEPOIFP@July@     000000018001421c     libucrt:nlsdata.obj
 0002:00002224       ??_C@_06LBBHFDDG@August@   0000000180014224     libucrt:nlsdata.obj
 0002:00002230       ??_C@_09BHHEALKD@September@ 0000000180014230     libucrt:nlsdata.obj
 0002:00002240       ??_C@_07JJNFCEND@October@  0000000180014240     libucrt:nlsdata.obj
 0002:00002248       ??_C@_08HCHEGEOA@November@ 0000000180014248     libucrt:nlsdata.obj
 0002:00002258       ??_C@_08EDHMEBNP@December@ 0000000180014258     libucrt:nlsdata.obj
 0002:00002264       ??_C@_02DEDBPAFC@AM@       0000000180014264     libucrt:nlsdata.obj
 0002:00002268       ??_C@_02CJNFDJBF@PM@       0000000180014268     libucrt:nlsdata.obj
 0002:00002270       ??_C@_08BPBNCDIB@MM?1dd?1yy@ 0000000180014270     libucrt:nlsdata.obj
 0002:00002280       ??_C@_0BE@CKGJFCPC@dddd?0?5MMMM?5dd?0?5yyyy@ 0000000180014280     libucrt:nlsdata.obj
 0002:00002298       ??_C@_08JCCMCCIL@HH?3mm?3ss@ 0000000180014298     libucrt:nlsdata.obj
 0002:000022a8       ??_C@_17MBGCMIPB@?$AAS?$AAu?$AAn@ 00000001800142a8     libucrt:nlsdata.obj
 0002:000022b0       ??_C@_17KBOMKBF@?$AAM?$AAo?$AAn@ 00000001800142b0     libucrt:nlsdata.obj
 0002:000022b8       ??_C@_17BMKGEGOJ@?$AAT?$AAu?$AAe@ 00000001800142b8     libucrt:nlsdata.obj
 0002:000022c0       ??_C@_17CJEDCEPE@?$AAW?$AAe?$AAd@ 00000001800142c0     libucrt:nlsdata.obj
 0002:000022c8       ??_C@_17PDPHAADD@?$AAT?$AAh?$AAu@ 00000001800142c8     libucrt:nlsdata.obj
 0002:000022d0       ??_C@_17HFOLPPLP@?$AAF?$AAr?$AAi@ 00000001800142d0     libucrt:nlsdata.obj
 0002:000022d8       ??_C@_17GGIBDPIH@?$AAS?$AAa?$AAt@ 00000001800142d8     libucrt:nlsdata.obj
 0002:000022e0       ??_C@_1O@IHNHDHPB@?$AAS?$AAu?$AAn?$AAd?$AAa?$AAy@ 00000001800142e0     libucrt:nlsdata.obj
 0002:000022f0       ??_C@_1O@MMNBFLIA@?$AAM?$AAo?$AAn?$AAd?$AAa?$AAy@ 00000001800142f0     libucrt:nlsdata.obj
 0002:00002300       ??_C@_1BA@ENFBFFEK@?$AAT?$AAu?$AAe?$AAs?$AAd?$AAa?$AAy@ 0000000180014300     libucrt:nlsdata.obj
 0002:00002310       ??_C@_1BE@EBOGMDOH@?$AAW?$AAe?$AAd?$AAn?$AAe?$AAs?$AAd?$AAa?$AAy@ 0000000180014310     libucrt:nlsdata.obj
 0002:00002328       ??_C@_1BC@HHMNLIHE@?$AAT?$AAh?$AAu?$AAr?$AAs?$AAd?$AAa?$AAy@ 0000000180014328     libucrt:nlsdata.obj
 0002:00002340       ??_C@_1O@PDICJHAG@?$AAF?$AAr?$AAi?$AAd?$AAa?$AAy@ 0000000180014340     libucrt:nlsdata.obj
 0002:00002350       ??_C@_1BC@ENMNNPAJ@?$AAS?$AAa?$AAt?$AAu?$AAr?$AAd?$AAa?$AAy@ 0000000180014350     libucrt:nlsdata.obj
 0002:00002368       ??_C@_17DKNBKCHM@?$AAJ?$AAa?$AAn@ 0000000180014368     libucrt:nlsdata.obj
 0002:00002370       ??_C@_17LMDJEKJN@?$AAF?$AAe?$AAb@ 0000000180014370     libucrt:nlsdata.obj
 0002:00002378       ??_C@_17CKNLEDEC@?$AAM?$AAa?$AAr@ 0000000180014378     libucrt:nlsdata.obj
 0002:00002380       ??_C@_17LFPOIHDD@?$AAA?$AAp?$AAr@ 0000000180014380     libucrt:nlsdata.obj
 0002:00002388       ??_C@_17PNNKMEED@?$AAM?$AAa?$AAy@ 0000000180014388     libucrt:nlsdata.obj
 0002:00002390       ??_C@_17KCJGOCPB@?$AAJ?$AAu?$AAn@ 0000000180014390     libucrt:nlsdata.obj
 0002:00002398       ??_C@_17IJPCKHK@?$AAJ?$AAu?$AAl@ 0000000180014398     libucrt:nlsdata.obj
 0002:000023a0       ??_C@_17ICPELBCN@?$AAA?$AAu?$AAg@ 00000001800143a0     libucrt:nlsdata.obj
 0002:000023a8       ??_C@_17HCHCOKMG@?$AAS?$AAe?$AAp@ 00000001800143a8     libucrt:nlsdata.obj
 0002:000023b0       ??_C@_17FNLKOI@?$AAO?$AAc?$AAt@ 00000001800143b0     libucrt:nlsdata.obj
 0002:000023b8       ??_C@_17BBDMLCIG@?$AAN?$AAo?$AAv@ 00000001800143b8     libucrt:nlsdata.obj
 0002:000023c0       ??_C@_17EGKACKIF@?$AAD?$AAe?$AAc@ 00000001800143c0     libucrt:nlsdata.obj
 0002:000023c8       ??_C@_1BA@EFMEIEBA@?$AAJ?$AAa?$AAn?$AAu?$AAa?$AAr?$AAy@ 00000001800143c8     libucrt:nlsdata.obj
 0002:000023d8       ??_C@_1BC@JGDDFFAM@?$AAF?$AAe?$AAb?$AAr?$AAu?$AAa?$AAr?$AAy@ 00000001800143d8     libucrt:nlsdata.obj
 0002:000023f0       ??_C@_1M@IKEENEDF@?$AAM?$AAa?$AAr?$AAc?$AAh@ 00000001800143f0     libucrt:nlsdata.obj
 0002:00002400       ??_C@_1M@GJNLMHFD@?$AAA?$AAp?$AAr?$AAi?$AAl@ 0000000180014400     libucrt:nlsdata.obj
 0002:00002410       ??_C@_19EPFLPGAP@?$AAJ?$AAu?$AAn?$AAe@ 0000000180014410     libucrt:nlsdata.obj
 0002:00002420       ??_C@_19BIFMLPCD@?$AAJ?$AAu?$AAl?$AAy@ 0000000180014420     libucrt:nlsdata.obj
 0002:00002430       ??_C@_1O@PAHLKOAC@?$AAA?$AAu?$AAg?$AAu?$AAs?$AAt@ 0000000180014430     libucrt:nlsdata.obj
 0002:00002440       ??_C@_1BE@DKAAMBJL@?$AAS?$AAe?$AAp?$AAt?$AAe?$AAm?$AAb?$AAe?$AAr@ 0000000180014440     libucrt:nlsdata.obj
 0002:00002458       ??_C@_1BA@EPANDLNG@?$AAO?$AAc?$AAt?$AAo?$AAb?$AAe?$AAr@ 0000000180014458     libucrt:nlsdata.obj
 0002:00002468       ??_C@_1BC@BGLIFPF@?$AAN?$AAo?$AAv?$AAe?$AAm?$AAb?$AAe?$AAr@ 0000000180014468     libucrt:nlsdata.obj
 0002:00002480       ??_C@_1BC@FEMKIFH@?$AAD?$AAe?$AAc?$AAe?$AAm?$AAb?$AAe?$AAr@ 0000000180014480     libucrt:nlsdata.obj
 0002:00002494       ??_C@_15ODEHAHHF@?$AAA?$AAM@ 0000000180014494     libucrt:nlsdata.obj
 0002:0000249c       ??_C@_15CLMNNGEL@?$AAP?$AAM@ 000000018001449c     libucrt:nlsdata.obj
 0002:000024a8       ??_C@_1BC@IEBCMHCM@?$AAM?$AAM?$AA?1?$AAd?$AAd?$AA?1?$AAy?$AAy@ 00000001800144a8     libucrt:nlsdata.obj
 0002:000024c0       ??_C@_1CI@KNAKOEBC@?$AAd?$AAd?$AAd?$AAd?$AA?0?$AA?5?$AAM?$AAM?$AAM?$AAM?$AA?5?$AAd?$AAd?$AA?0?$AA?5@ 00000001800144c0     libucrt:nlsdata.obj
 0002:000024e8       ??_C@_1BC@GDGBMEMK@?$AAH?$AAH?$AA?3?$AAm?$AAm?$AA?3?$AAs?$AAs@ 00000001800144e8     libucrt:nlsdata.obj
 0002:00002500       ??_C@_1M@BMHNFIME@?$AAe?$AAn?$AA?9?$AAU?$AAS@ 0000000180014500     libucrt:nlsdata.obj
 0002:00002510       __newctype                 0000000180014510     libucrt:ctype.obj
 0002:00002810       __newclmap                 0000000180014810     libucrt:ctype.obj
 0002:00002990       __newcumap                 0000000180014990     libucrt:ctype.obj
 0002:00003950       ??_C@_15EMKDOKLE@?$AAa?$AAr@ 0000000180015950     libucrt:lcidtoname_downlevel.obj
[...]
 0002:00009554       $unwind$?destroy_ptd_array@@YAXQEAU__acrt_ptd@@@Z 000000018001b554     libucrt:per_thread_data.obj
 0002:0000955c       $unwind$??$?RV<lambda_0ae27a3a962d80f24befdcbee591983d>@@AEAV<lambda_8d0ee55de4b1038c4002e0adecdf1839>@@V<lambda_dc504788e8f1664fe9b84e20bfb512f2>@@@?$__crt_seh_guarded_call@X@@QEAAX$$QEAV<lambda_0ae27a3a962d80f24befdcbee591983d>@@AEAV<lambda_8d0ee55de4b1038c4002e0adecdf1839>@@$$QEAV<lambda_dc504788e8f1664fe9b84e20bfb512f2>@@@Z 000000018001b55c     libucrt:per_thread_data.obj
 0002:00009580       $unwind$??$?RV<lambda_aa87e3671a710a21b5dc78c0bdf72e11>@@AEAV<lambda_92619d2358a28f41a33ba319515a20b9>@@V<lambda_6992ecaafeb10aed2b74cb1fae11a551>@@@?$__crt_seh_guarded_call@X@@QEAAX$$QEAV<lambda_aa87e3671a710a21b5dc78c0bdf72e11>@@AEAV<lambda_92619d2358a28f41a33ba319515a20b9>@@$$QEAV<lambda_6992ecaafeb10aed2b74cb1fae11a551>@@@Z 000000018001b580     libucrt:per_thread_data.obj
 0002:000095a4       $unwind$??$?RV<lambda_f2e299630e499de9f9a165e60fcd3db5>@@AEAV<lambda_2ae9d31cdba2644fcbeaf08da7c24588>@@V<lambda_40d01ff24d0e7b3814fdbdcee8eab3c7>@@@?$__crt_seh_guarded_call@X@@QEAAX$$QEAV<lambda_f2e299630e499de9f9a165e60fcd3db5>@@AEAV<lambda_2ae9d31cdba2644fcbeaf08da7c24588>@@$$QEAV<lambda_40d01ff24d0e7b3814fdbdcee8eab3c7>@@@Z 000000018001b5a4     libucrt:per_thread_data.obj
 0002:000095c8       $unwind$??$?RV<lambda_2d41944a1d46af3157314b8a01080d33>@@AEAV<lambda_8f455de75cd7d7f24b4096f044d8b9e6>@@V<lambda_aa500f224e6afead328df44964fe2772>@@@?$__crt_seh_guarded_call@X@@QEAAX$$QEAV<lambda_2d41944a1d46af3157314b8a01080d33>@@AEAV<lambda_8f455de75cd7d7f24b4096f044d8b9e6>@@$$QEAV<lambda_aa500f224e6afead328df44964fe2772>@@@Z 000000018001b5c8     libucrt:per_thread_data.obj
 0002:000095ec       $unwind$__acrt_call_reportfault 000000018001b5ec     libucrt:invalid_parameter.obj
 0002:0000960c       $unwind$??$common_lseek_nolock@_J@@YA_JH_JHAEAV__crt_cached_ptd_host@@@Z 000000018001b60c     libucrt:lseek.obj
 0002:0000960c       $unwind$_invalid_parameter_internal 000000018001b60c     libucrt:invalid_parameter.obj
 0002:00009620       $unwind$?get_raw_ptd_noexit@__crt_cached_ptd_host@@QEAAPEAU__acrt_ptd@@XZ 000000018001b620     libucrt:invalid_parameter.obj
 0002:00009630       $unwind$_invalid_parameter 000000018001b630     libucrt:invalid_parameter.obj
 0002:0000963c       $unwind$__acrt_errno_from_os_error 000000018001b63c     libucrt:errno.obj
 0002:0000964c       $unwind$_calloc_base       000000018001b64c     libucrt:calloc_base.obj
 0002:00009654       $unwind$_free_base         000000018001b654     libucrt:free_base.obj
 0002:0000965c       $unwind$??$common_expand_argv_wildcards@D@@YAHQEAPEADQEAPEAPEAD@Z 000000018001b65c     libucrt:argv_wildcards.obj
 0002:00009674       $unwind$__dcrt_get_narrow_environment_from_os 000000018001b674     libucrt:get_environment_from_os.obj
 0002:00009674       $unwind$??$__acrt_convert_wcs_mbs_cp@_WDV<lambda_d8593a27d1aa8c02be35c86a17d324c4>@@U__crt_win32_buffer_internal_dynamic_resizing@@@@YAHQEB_WAEAV?$__crt_win32_buffer@DU__crt_win32_buffer_internal_dynamic_resizing@@@@AEBV<lambda_d8593a27d1aa8c02be35c86a17d324c4>@@I@Z 000000018001b674     libucrt:argv_wildcards.obj
 0002:0000968c       $unwind$??$expand_argument_wildcards@D@@YAHQEAD0AEAV?$argument_list@D@?A0x5f5c8891@@@Z 000000018001b68c     libucrt:argv_wildcards.obj
 0002:000096ac       $unwind$__acrt_GetModuleFileNameA 000000018001b6ac     libucrt:getmodulefilenamea.obj
 0002:000096c8       $unwind$__dcrt_write_console 000000018001b6c8     libucrt:initcon.obj
 0002:000096c8       $unwind$??$__acrt_convert_wcs_mbs_cp@_WDV<lambda_f788ae46380686e8b737efdd8c720d07>@@U__crt_win32_buffer_no_resizing@@@@YAHQEB_WAEAV?$__crt_win32_buffer@DU__crt_win32_buffer_no_resizing@@@@AEBV<lambda_f788ae46380686e8b737efdd8c720d07>@@I@Z 000000018001b6c8     libucrt:getmodulefilenamea.obj
 0002:000096dc       $unwind$_setmbcp_nolock    000000018001b6dc     libucrt:mbctype.obj
 0002:000096fc       $unwind$__dcrt_lowio_ensure_console_output_initialized 000000018001b6fc     libucrt:initcon.obj
 0002:000096fc       $unwind$?__mbrtowc_utf8@__crt_mbstring@@YA_KPEA_WPEBD_KPEAU_Mbstatet@@AEAV__crt_cached_ptd_host@@@Z 000000018001b6fc     libucrt:mbrtowc.obj
 0002:000096fc       $unwind$?getSystemCP@@YAHH@Z 000000018001b6fc     libucrt:mbctype.obj
 0002:00009704       $unwind$?update_thread_multibyte_data_internal@@YAPEAU__crt_multibyte_data@@QEAU__acrt_ptd@@QEAPEAU1@@Z 000000018001b704     libucrt:mbctype.obj
 0002:0000972c       $unwind$?setmbcp_internal@@YAHH_NQEAU__acrt_ptd@@QEAPEAU__crt_multibyte_data@@@Z 000000018001b72c     libucrt:mbctype.obj
 0002:00009744       $unwind$?setSBUpLow@@YAXPEAU__crt_multibyte_data@@@Z 000000018001b744     libucrt:mbctype.obj
 0002:00009760       $unwind$??$?RV<lambda_efdfa57d1f175319df784efa44bb7b81>@@AEAV<lambda_5f0a4c1567f8adc6734073e5d1e1b35c>@@V<lambda_2e8a7d3640ea6ccb4c2413664c2db6fd>@@@?$__crt_seh_guarded_call@X@@QEAAX$$QEAV<lambda_efdfa57d1f175319df784efa44bb7b81>@@AEAV<lambda_5f0a4c1567f8adc6734073e5d1e1b35c>@@$$QEAV<lambda_2e8a7d3640ea6ccb4c2413664c2db6fd>@@@Z 000000018001b760     libucrt:mbctype.obj
 0002:00009784       $unwind$?x_ismbbtype_l@@YAHPEAU__crt_locale_pointers@@IHH@Z 000000018001b784     libucrt:ismbbyte.obj
 0002:00009794       $unwind$__acrt_WideCharToMultiByte 000000018001b794     libucrt:widechartomultibyte.obj
 0002:000097a0       $unwind$_recalloc_base     000000018001b7a0     libucrt:recalloc.obj
 0002:000097b4       $unwind$__acrt_LCMapStringEx 000000018001b7b4     libucrt:winapi_thunks.obj
 0002:000097c8       $unwind$?try_get_function_slow@@YAPEAXW4function_id@?A0x391cf84c@@QEBDQEBW4module_id@2@2@Z 000000018001b7c8     libucrt:winapi_thunks.obj
 0002:000097e4       $unwind$__acrt_initialize_heap 000000018001b7e4     libucrt:heap_handle.obj
 0002:000097ec       $unwind$__acrt_initialize_lowio 000000018001b7ec     libucrt:ioinit.obj
 0002:0000980c       $unwind$?initialize_inherited_file_handles_nolock@@YAXXZ 000000018001b80c     libucrt:ioinit.obj
 0002:00009828       $unwind$?initialize_stdio_handles_nolock@@YAXXZ 000000018001b828     libucrt:ioinit.obj
 0002:00009828       $unwind$__acrt_initialize_stdio 000000018001b828     libucrt:_file.obj
 0002:00009828       $unwind$__GSHandlerCheck_EH 000000018001b828     LIBCMT:gshandlereh.obj
 0002:00009840       $unwind$__acrt_uninitialize_locale 000000018001b840     libucrt:wsetlocale.obj
 0002:00009840       $unwind$__acrt_get_sigabrt_handler 000000018001b840     libucrt:signal.obj
 0002:00009848       $unwind$raise              000000018001b848     libucrt:signal.obj
 0002:00009888       $unwind$??$?RV<lambda_450d765d439847d4c735a33c368b5fc0>@@AEAV<lambda_44731a7d0e6d81c3e6aa82d741081786>@@V<lambda_601a2a7da3b7a96e9554ac7215c4b07c>@@@?$__crt_seh_guarded_call@P6AXH@Z@@QEAAP6AXH@Z$$QEAV<lambda_450d765d439847d4c735a33c368b5fc0>@@AEAV<lambda_44731a7d0e6d81c3e6aa82d741081786>@@$$QEAV<lambda_601a2a7da3b7a96e9554ac7215c4b07c>@@@Z 000000018001b888     libucrt:signal.obj
 0002:000098ac       $unwind$fclose             000000018001b8ac     libucrt:fclose.obj
 0002:000098ac       $unwind$_fflush_nolock     000000018001b8ac     libucrt:fflush.obj
 0002:000098bc       $unwind$?common_flush_all@@YAH_N@Z 000000018001b8bc     libucrt:fflush.obj
 0002:000098c4       $unwind$??$?RV<lambda_842d9ff0dc9ef11c61343bbaebe7f885>@@AEAV<lambda_c5860995281e5c4ce005b3de8f5874ee>@@V<lambda_d90129c13df834fdcbf8d2b88dafcf2d>@@@?$__crt_seh_guarded_call@X@@QEAAX$$QEAV<lambda_842d9ff0dc9ef11c61343bbaebe7f885>@@AEAV<lambda_c5860995281e5c4ce005b3de8f5874ee>@@$$QEAV<lambda_d90129c13df834fdcbf8d2b88dafcf2d>@@@Z 000000018001b8c4     libucrt:fflush.obj
 0002:000098e8       $unwind$??$?RV<lambda_886d6c58226a84441f68b9f2b8217b83>@@AEAV<lambda_ab61a845afdef5b7c387490eaf3616ee>@@V<lambda_f7f22ab5edc0698d5f6905b0d3f44752>@@@?$__crt_seh_guarded_call@X@@QEAAX$$QEAV<lambda_886d6c58226a84441f68b9f2b8217b83>@@AEAV<lambda_ab61a845afdef5b7c387490eaf3616ee>@@$$QEAV<lambda_f7f22ab5edc0698d5f6905b0d3f44752>@@@Z 000000018001b8e8     libucrt:fflush.obj
 0002:00009910       $unwind$?__mbrtoc32_utf8@__crt_mbstring@@YA_KPEA_UPEBD_KPEAU_Mbstatet@@AEAV__crt_cached_ptd_host@@@Z 000000018001b910     libucrt:mbrtoc32.obj
 0002:0000992c       $unwind$?__mbsrtowcs_utf8@__crt_mbstring@@YA_KPEA_WPEAPEBD_KPEAU_Mbstatet@@AEAV__crt_cached_ptd_host@@@Z 000000018001b92c     libucrt:mbrtowc.obj
 0002:00009948       $unwind$??$?RV<lambda_410d79af7f07d98d83a3f525b3859a53>@@AEAV<lambda_3e16ef9562a7dcce91392c22ab16ea36>@@V<lambda_38119f0e861e05405d8a144b9b982f0a>@@@?$__crt_seh_guarded_call@X@@QEAAX$$QEAV<lambda_410d79af7f07d98d83a3f525b3859a53>@@AEAV<lambda_3e16ef9562a7dcce91392c22ab16ea36>@@$$QEAV<lambda_38119f0e861e05405d8a144b9b982f0a>@@@Z 000000018001b948     libucrt:wsetlocale.obj
 0002:00009970       $unwind$_set_new_mode      000000018001b970     libucrt:new_mode.obj
 0002:00009978       $unwind$__acrt_update_thread_locale_data 000000018001b978     libucrt:locale_refcounting.obj
 0002:0000999c       $unwind$qsort              000000018001b99c     libucrt:qsort.obj
 0002:000099b4       $chain$3$qsort             000000018001b9b4     libucrt:qsort.obj
 0002:000099d4       $chain$4$qsort             000000018001b9d4     libucrt:qsort.obj
 0002:000099e4       $unwind$strpbrk            000000018001b9e4     libucrt:strpbrk.obj
 0002:000099f4       $unwind$fallbackMethod     000000018001b9f4     libucrt:strpbrk.obj
 0002:00009a04       $unwind$_mbsdec_l          000000018001ba04     libucrt:mbsdec.obj
 0002:00009a10       $unwind$__acrt_GetStringTypeA 000000018001ba10     libucrt:getstringtypea.obj
 0002:00009a38       $unwind$__acrt_LCMapStringA 000000018001ba38     libucrt:lcmapstringa.obj
 0002:00009a48       $unwind$?__acrt_LCMapStringA_stat@@YAHPEAU__crt_locale_pointers@@PEB_WKPEBDHPEADHHH@Z 000000018001ba48     libucrt:lcmapstringa.obj
 0002:00009a70       $unwind$_msize_base        000000018001ba70     libucrt:msize.obj
 0002:00009a78       $unwind$_realloc_base      000000018001ba78     libucrt:realloc_base.obj
 0002:00009a84       $unwind$_free_osfhnd       000000018001ba84     libucrt:osfinfo.obj
 0002:00009a98       $unwind$__acrt_lowio_destroy_handle_array 000000018001ba98     libucrt:osfinfo.obj
 0002:00009aa8       $unwind$__acrt_lowio_ensure_fh_exists 000000018001baa8     libucrt:osfinfo.obj
 0002:00009ad4       $unwind$_commit            000000018001bad4     libucrt:commit.obj
 0002:00009adc       $unwind$??$?RV<lambda_a37b2b86f63e897a80ea819b0eb08c01>@@AEAV<lambda_38ce7e780aa69e748d6df282ebc68efe>@@V<lambda_99fb1378e971ab6e7edea83e3a7a83a2>@@@?$__crt_seh_guarded_call@H@@QEAAH$$QEAV<lambda_a37b2b86f63e897a80ea819b0eb08c01>@@AEAV<lambda_38ce7e780aa69e748d6df282ebc68efe>@@$$QEAV<lambda_99fb1378e971ab6e7edea83e3a7a83a2>@@@Z 000000018001badc     libucrt:commit.obj
 0002:00009b00       $unwind$_write_nolock      000000018001bb00     libucrt:write.obj
 0002:00009b18       $unwind$_write_internal    000000018001bb18     libucrt:write.obj
 0002:00009b44       $unwind$?write_double_translated_ansi_nolock@@YA?AUwrite_result@?A0x17268360@@HQEBDIAEAV__crt_cached_ptd_host@@@Z 000000018001bb44     libucrt:write.obj
 0002:00009b70       $ip2state$?write_double_translated_ansi_nolock@@YA?AUwrite_result@?A0x17268360@@HQEBDIAEAV__crt_cached_ptd_host@@@Z 000000018001bb70     libucrt:write.obj
 0002:00009b78       $unwind$?write_text_ansi_nolock@@YA?AUwrite_result@?A0x17268360@@HQEBDI@Z 000000018001bb78     libucrt:write.obj
 0002:00009b78       $unwind$?write_text_utf16le_nolock@@YA?AUwrite_result@?A0x17268360@@HQEBDI@Z 000000018001bb78     libucrt:write.obj
 0002:00009b98       $unwind$?write_text_utf8_nolock@@YA?AUwrite_result@?A0x17268360@@HQEBDI@Z 000000018001bb98     libucrt:write.obj
 0002:00009bbc       $unwind$_fcloseall         000000018001bbbc     libucrt:closeall.obj
 0002:00009be0       $unwind$__acrt_locale_free_monetary 000000018001bbe0     libucrt:initmon.obj
 0002:00009be8       $unwind$__acrt_locale_free_time 000000018001bbe8     libucrt:inittime.obj
 0002:00009bf8       $unwind$_guard_check_icall 000000018001bbf8     libucrt:checkcfg.obj
 0002:00009c04       $unwind$_putwch_nolock     000000018001bc04     libucrt:putwch.obj
 0002:00009c0c       $unwind$?_fclose_nolock_internal@@YAHQEAU_iobuf@@AEAV__crt_cached_ptd_host@@@Z 000000018001bc0c     libucrt:fclose.obj
 0002:00009c1c       $unwind$?_fclose_internal@@YAHQEAU_iobuf@@AEAV__crt_cached_ptd_host@@@Z 000000018001bc1c     libucrt:fclose.obj
 0002:00009c40       $unwind$_close_internal    000000018001bc40     libucrt:close.obj
 0002:00009c48       $unwind$??$?RV<lambda_ad8af0d99a0adf03d037d7dffe354bb5>@@AEAV<lambda_c9ba49e555ba839a7b07aa3fbecb7617>@@V<lambda_2f1ebd5d68526518146ae959c9e734c8>@@@?$__crt_seh_guarded_call@H@@QEAAH$$QEAV<lambda_ad8af0d99a0adf03d037d7dffe354bb5>@@AEAV<lambda_c9ba49e555ba839a7b07aa3fbecb7617>@@$$QEAV<lambda_2f1ebd5d68526518146ae959c9e734c8>@@@Z 000000018001bc48     libucrt:close.obj
 0002:00009c6c       $unwind$_exception_enabled 000000018001bc6c     libucrt:libm_error.obj
 0002:00009c80       $chain$0$_exception_enabled 000000018001bc80     libucrt:libm_error.obj
 0002:00009c94       $chain$1$_exception_enabled 000000018001bc94     libucrt:libm_error.obj
 0002:00009ca4       $unwind$_handle_errorf     000000018001bca4     libucrt:libm_error.obj
 0002:00009cc0       $unwind$__acrt_initialize_fma3 000000018001bcc0     libucrt:fma3_available.obj
 0002:00009cc8       $unwind$_ctrlfp            000000018001bcc8     libucrt:fpctrl.obj
 0002:00009ce8       $unwind$_raise_exc_ex      000000018001bce8     libucrt:fpexcept.obj
 0002:00009cfc       $unwind$_IsNonwritableInCurrentImage 000000018001bcfc     LIBCMT:pesect.obj
 0002:00009d20       $xdatasym                  000000018001bd20     LIBCMT:chkstk.obj
 0002:00009d28       $xdatasym$cosf_sse2        000000018001bd28     libucrt:cosf.obj
 0002:00009d28       $xdatasym$sinf_sse2        000000018001bd28     libucrt:sinf.obj
 0002:00009d30       $xdatasym$cosf             000000018001bd30     libucrt:cosf.obj
 0002:00009d38       $unwind$_cosf_special      000000018001bd38     libucrt:sincos_special.obj
 0002:00009d38       $unwind$_sinf_special      000000018001bd38     libucrt:sincos_special.obj
 0002:00009d38       $unwind$sqrtf              000000018001bd38     libucrt:sqrtf.obj
 0002:00009d40       $xdatasym$__remainder_piby2d2f_forC 000000018001bd40     libucrt:remainder_piby2f_forc.obj
 0002:00009f30       .edata                     000000018001bf30     NekosifyD3D.exp
 0002:00009f58       rgpv                       000000018001bf58     NekosifyD3D.exp
 0002:00009f5c       rgszName                   000000018001bf5c     NekosifyD3D.exp
 0002:00009f60       rgwOrd                     000000018001bf60     NekosifyD3D.exp
 0002:00009f62       szName                     000000018001bf62     NekosifyD3D.exp
 0002:00009f72       $N00001                    000000018001bf72     NekosifyD3D.exp
 0002:0000a4e6       .idata$6                   000000018001c4e6     kernel32:KERNEL32.dll
 0002:0000a548       .idata$6                   000000018001c548     user32:USER32.dll
 0002:0000a566       .idata$6                   000000018001c566     d3d9:d3d9.dll
 0002:0000a582       .idata$6                   000000018001c582     d3dx9:d3dx9_43.dll
 0002:0000a59e       .idata$6                   000000018001c59e     winmm:WINMM.dll
 0003:000000b0       ?__vcrt_flsindex@@3KA      000000018001d0b0     libvcruntime:per_thread_data.obj
 0003:000000d0       ?__acrt_flsindex@@3KA      000000018001d0d0     libucrt:per_thread_data.obj
 0003:000000d4       ?errno_no_memory@@3HA      000000018001d0d4     libucrt:errno.obj
 0003:000000d8       ?doserrno_no_memory@@3KA   000000018001d0d8     libucrt:errno.obj
 0003:00000310       _mbctypes                  000000018001d310     libucrt:mbctype.obj
 0003:00000420       _mbcasemaps                000000018001d420     libucrt:mbctype.obj
 0003:00000520       ?__rgctypeflag@@3PADA      000000018001d520     libucrt:mbctype.obj
 0003:00000530       ?__rgcode_page_info@@3PAUcode_page_info@@A 000000018001d530     libucrt:mbctype.obj
 0003:00000a40       ?__dcrt_lowio_console_output_handle@@3PEAXEA 000000018001da40     libucrt:initcon.obj
 0003:00000a50       ?dazSupported@?1??_ctrlfp@@9@9 000000018001da50     libucrt:fpctrl.obj
 0003:00000db0       ?is_initialized_as_dll@@3_NA 000000018001ddb0     LIBCMT:utility.obj
 0003:00000db1       ?module_local_atexit_table_initialized@@3_NA 000000018001ddb1     LIBCMT:utility.obj
 0003:00000db8       ?module_local_atexit_table@@3U_onexit_table_t@@A 000000018001ddb8     LIBCMT:utility.obj
 0003:00000dd0       ?module_local_at_quick_exit_table@@3U_onexit_table_t@@A 000000018001ddd0     LIBCMT:utility.obj
 0003:00000de8       ?__proc_attached@@3HA      000000018001dde8     LIBCMT:dll_dllmain.obj
 0003:00000e30       ?__vcrt_startup_thread_ptd@@3U__vcrt_ptd@@A 000000018001de30     libvcruntime:per_thread_data.obj
 0003:00000eb0       __vcrt_lock_table          000000018001deb0     libvcruntime:locks.obj
 0003:00000ed8       __vcrt_locks_initialized   000000018001ded8     libvcruntime:locks.obj
 0003:00000ee8       ?__acrt_new_handler@@3V?$dual_state_global@P6AH_K@Z@__crt_state_management@@A 000000018001dee8     libucrt:new_handler.obj
 0003:00000ef0       ?c_termination_complete@@3JA 000000018001def0     libucrt:exit.obj
 0003:00000ef8       ?thread_local_exit_callback_func@@3P6AXPEAXK0@ZEA 000000018001def8     libucrt:exit.obj
 0003:00000f00       ?c_exit_complete@?1???R<lambda_6e4b09c48022b2350581041d5f6b0c4c>@@QEBA@XZ@4_NA 000000018001df00     libucrt:exit.obj
 0003:00000f10       ?program_name@?1???$common_configure_argv@D@@YAHW4_crt_argv_mode@@@Z@4PADA 000000018001df10     libucrt:argv_parsing.obj
 0003:00001070       ?__acrt_lock_table@@3PAU_RTL_CRITICAL_SECTION@@A 000000018001e070     libucrt:locks.obj
 0003:000012c8       ?__acrt_locks_initialized@@3IA 000000018001e2c8     libucrt:locks.obj
 0003:000012d0       ?__acrt_invalid_parameter_handler@@3V?$dual_state_global@P6AXPEB_W00I_K@Z@__crt_state_management@@A 000000018001e2d0     libucrt:invalid_parameter.obj
 0003:000012f0       ?fSystemSet@@3HA           000000018001e2f0     libucrt:mbctype.obj
 0003:000012f4       ?initialized@?1??__acrt_initialize_multibyte@@9@4_NA 000000018001e2f4     libucrt:mbctype.obj
 0003:00001330       ?module_handles@@3PAPEAUHINSTANCE__@@A 000000018001e330     libucrt:winapi_thunks.obj
 0003:000017f8       ?ctrlc_action@@3V?$dual_state_global@P6AXH@Z@__crt_state_management@@A 000000018001e7f8     libucrt:signal.obj
 0003:00001800       ?ctrlbreak_action@@3V?$dual_state_global@P6AXH@Z@__crt_state_management@@A 000000018001e800     libucrt:signal.obj
 0003:00001808       ?abort_action@@3V?$dual_state_global@P6AXH@Z@__crt_state_management@@A 000000018001e808     libucrt:signal.obj
 0003:00001810       ?term_action@@3V?$dual_state_global@P6AXH@Z@__crt_state_management@@A 000000018001e810     libucrt:signal.obj
 0003:00001818       ?user_matherr@@3V?$dual_state_global@P6AHPEAU_exception@@@Z@__crt_state_management@@A 000000018001e818     libucrt:matherr.obj
 0003:00001848       ?internal_state@?1??_mbtowc_internal@@9@4U_Mbstatet@@A 000000018001e848     libucrt:mbtowc.obj
 0003:00001850       ?internal_pst@?1??__mbrtoc32_utf8@__crt_mbstring@@YA_KPEA_UPEBD_KPEAU_Mbstatet@@AEAV__crt_cached_ptd_host@@@Z@4U3@A 000000018001e850     libucrt:mbrtoc32.obj
 0003:0000185c       ?__acrt_global_new_mode@@3V?$dual_state_global@J@__crt_state_management@@A 000000018001e85c     libucrt:new_mode.obj
 0003:00001868       ?__acrt_app_type@@3W4_crt_app_type@@A 000000018001e868     libucrt:report_runtime_error.obj
 0003:000018e0       ?aimbot@@3_NA              000000018001e8e0     main.obj
 0005:00000000       ?function_pointers@@3PAPEAXA 0000000180021000     libucrt:winapi_thunks.obj
 0006:00000060       $R000000                   0000000180022060     * linker generated manifest res *
